Archive member included to satisfy reference by file (symbol)

.\CortexM0\ARM_GCC_541\Debug\RC_Car_LE_Bluetooth.a(UART.o)
                              .\CortexM0\ARM_GCC_541\Debug\main.o (UART_Start)
.\CortexM0\ARM_GCC_541\Debug\RC_Car_LE_Bluetooth.a(UART_SPI_UART.o)
                              .\CortexM0\ARM_GCC_541\Debug\main.o (UART_SpiUartWriteTxData)
.\CortexM0\ARM_GCC_541\Debug\RC_Car_LE_Bluetooth.a(UART_UART.o)
                              .\CortexM0\ARM_GCC_541\Debug\RC_Car_LE_Bluetooth.a(UART.o) (UART_UartInit)
.\CortexM0\ARM_GCC_541\Debug\RC_Car_LE_Bluetooth.a(UltraSoon_Rechts.o)
                              .\CortexM0\ARM_GCC_541\Debug\main.o (UltraSoon_Rechts_ReadCompare)
.\CortexM0\ARM_GCC_541\Debug\RC_Car_LE_Bluetooth.a(PWM.o)
                              .\CortexM0\ARM_GCC_541\Debug\main.o (PWM_Start)
.\CortexM0\ARM_GCC_541\Debug\RC_Car_LE_Bluetooth.a(UltraSoon_Midden.o)
                              .\CortexM0\ARM_GCC_541\Debug\main.o (UltraSoon_Midden_ReadCompare)
.\CortexM0\ARM_GCC_541\Debug\RC_Car_LE_Bluetooth.a(UltraSoon_Links.o)
                              .\CortexM0\ARM_GCC_541\Debug\main.o (UltraSoon_Links_ReadCompare)
.\CortexM0\ARM_GCC_541\Debug\RC_Car_LE_Bluetooth.a(CyLib.o)
                              .\CortexM0\ARM_GCC_541\Debug\cyfitter_cfg.o (CySysClkWriteImoFreq)
.\CortexM0\ARM_GCC_541\Debug\RC_Car_LE_Bluetooth.a(CyLFClk.o)
                              .\CortexM0\ARM_GCC_541\Debug\cyfitter_cfg.o (CySysClkWcoStart)
.\CortexM0\ARM_GCC_541\Debug\RC_Car_LE_Bluetooth.a(BLE_gatt.o)
                              .\CortexM0\ARM_GCC_541\Debug\main.o (cyBle_state)
.\CortexM0\ARM_GCC_541\Debug\RC_Car_LE_Bluetooth.a(BLE_eventHandler.o)
                              .\CortexM0\ARM_GCC_541\Debug\BLE.o (cyBle_connHandle)
.\CortexM0\ARM_GCC_541\Debug\RC_Car_LE_Bluetooth.a(BLE_custom.o)
                              .\CortexM0\ARM_GCC_541\Debug\BLE.o (CyBle_CustomInit)
.\CortexM0\ARM_GCC_541\Debug\RC_Car_LE_Bluetooth.a(CyBootAsmGnu.o)
                              .\CortexM0\ARM_GCC_541\Debug\cyfitter_cfg.o (CyDelayCycles)
..\..\..\..\PSoC Creator\4.2\Downloads ( 4.2).cylib\BLE_v3_66\Library\gccCyBLEStack_BLE_SOC_PERIPHERAL.a(CyBle.o)
                              .\CortexM0\ARM_GCC_541\Debug\main.o (CyBle_ProcessEvents)
..\..\..\..\PSoC Creator\4.2\Downloads ( 4.2).cylib\BLE_v3_66\Library\gccCyBLEStack_BLE_SOC_PERIPHERAL.a(CyBleStackMgrIP_Interface.o)
                              ..\..\..\..\PSoC Creator\4.2\Downloads ( 4.2).cylib\BLE_v3_66\Library\gccCyBLEStack_BLE_SOC_PERIPHERAL.a(CyBle.o) (CyBleStackMgr_Init)
..\..\..\..\PSoC Creator\4.2\Downloads ( 4.2).cylib\BLE_v3_66\Library\gccCyBLEStack_BLE_SOC_PERIPHERAL.a(BT_os.o)
                              ..\..\..\..\PSoC Creator\4.2\Downloads ( 4.2).cylib\BLE_v3_66\Library\gccCyBLEStack_BLE_SOC_PERIPHERAL.a(CyBleStackMgrIP_Interface.o) (cyBleStackMemoryConfig)
..\..\..\..\PSoC Creator\4.2\Downloads ( 4.2).cylib\BLE_v3_66\Library\gccCyBLEStack_BLE_SOC_PERIPHERAL.a(BT_timer.o)
                              ..\..\..\..\PSoC Creator\4.2\Downloads ( 4.2).cylib\BLE_v3_66\Library\gccCyBLEStack_BLE_SOC_PERIPHERAL.a(CyBleStackMgrIP_Interface.o) (timer_init)
..\..\..\..\PSoC Creator\4.2\Downloads ( 4.2).cylib\BLE_v3_66\Library\gccCyBLEStack_BLE_SOC_PERIPHERAL.a(CyBleStackMgr_StackTaskHandler.o)
                              ..\..\..\..\PSoC Creator\4.2\Downloads ( 4.2).cylib\BLE_v3_66\Library\gccCyBLEStack_BLE_SOC_PERIPHERAL.a(BT_timer.o) (BLE_STACK_TASK_EVT)
..\..\..\..\PSoC Creator\4.2\Downloads ( 4.2).cylib\BLE_v3_66\Library\gccCyBLEStack_BLE_SOC_PERIPHERAL.a(transport_sf.o)
                              ..\..\..\..\PSoC Creator\4.2\Downloads ( 4.2).cylib\BLE_v3_66\Library\gccCyBLEStack_BLE_SOC_PERIPHERAL.a(CyBleStackMgr_StackTaskHandler.o) (hci_soft_transport_notify_data_received)
..\..\..\..\PSoC Creator\4.2\Downloads ( 4.2).cylib\BLE_v3_66\Library\gccCyBLEStack_BLE_SOC_PERIPHERAL.a(CyBleStackMgr_PSoCHal.o)
                              ..\..\..\..\PSoC Creator\4.2\Downloads ( 4.2).cylib\BLE_v3_66\Library\gccCyBLEStack_BLE_SOC_PERIPHERAL.a(BT_timer.o) (CyBleStackMgr_GetTime)
..\..\..\..\PSoC Creator\4.2\Downloads ( 4.2).cylib\BLE_v3_66\Library\gccCyBLEStack_BLE_SOC_PERIPHERAL.a(CyBleStackMgr_BleSSDriver.o)
                              ..\..\..\..\PSoC Creator\4.2\Downloads ( 4.2).cylib\BLE_v3_66\Library\gccCyBLEStack_BLE_SOC_PERIPHERAL.a(CyBleStackMgrIP_Interface.o) (CyBleStackMgr_BleSSInit)
..\..\..\..\PSoC Creator\4.2\Downloads ( 4.2).cylib\BLE_v3_66\Library\gccCyBLEStack_BLE_SOC_PERIPHERAL.a(config_bin.o)
                              ..\..\..\..\PSoC Creator\4.2\Downloads ( 4.2).cylib\BLE_v3_66\Library\gccCyBLEStack_BLE_SOC_PERIPHERAL.a(CyBleStackMgr_PSoCHal.o) (bt_cfg_pdata)
..\..\..\..\PSoC Creator\4.2\Downloads ( 4.2).cylib\BLE_v3_66\Library\gccCyBLEStack_BLE_SOC_PERIPHERAL.a(storage_pl.o)
[...]
Memory Configuration

Name             Origin             Length             Attributes
rom              0x00000000         0x00020000         xr
ram              0x20000000         0x00004000         xrw
*default*        0x00000000         0xffffffff

Linker script and memory map

LOAD c:/program files (x86)/cypress/psoc creator/4.2/psoc creator/import/gnu/arm/5.4.1/bin/../lib/gcc/arm-none-eabi/5.4.1/armv6-m/crti.o
LOAD c:/program files (x86)/cypress/psoc creator/4.2/psoc creator/import/gnu/arm/5.4.1/bin/../lib/gcc/arm-none-eabi/5.4.1/armv6-m/crtbegin.o
LOAD c:/program files (x86)/cypress/psoc creator/4.2/psoc creator/import/gnu/arm/5.4.1/bin/../lib/gcc/arm-none-eabi/5.4.1/../../../../arm-none-eabi/lib/armv6-m/crt0.o
START GROUP
LOAD .\CortexM0\ARM_GCC_541\Debug\main.o
LOAD .\CortexM0\ARM_GCC_541\Debug\BLE.o
LOAD .\CortexM0\ARM_GCC_541\Debug\cyfitter_cfg.o
LOAD .\CortexM0\ARM_GCC_541\Debug\cymetadata.o
LOAD .\CortexM0\ARM_GCC_541\Debug\Cm0Start.o
LOAD .\CortexM0\ARM_GCC_541\Debug\RC_Car_LE_Bluetooth.a
LOAD ..\..\..\..\PSoC Creator\4.2\Downloads ( 4.2).cylib\BLE_v3_66\Library\gccCyBLEStack_BLE_SOC_PERIPHERAL.a
END GROUP
START GROUP
LOAD c:/program files (x86)/cypress/psoc creator/4.2/psoc creator/import/gnu/arm/5.4.1/bin/../lib/gcc/arm-none-eabi/5.4.1/armv6-m\libgcc.a
LOAD c:/program files (x86)/cypress/psoc creator/4.2/psoc creator/import/gnu/arm/5.4.1/bin/../lib/gcc/arm-none-eabi/5.4.1/../../../../arm-none-eabi/lib/armv6-m\libg_nano.a
LOAD c:/program files (x86)/cypress/psoc creator/4.2/psoc creator/import/gnu/arm/5.4.1/bin/../lib/gcc/arm-none-eabi/5.4.1/../../../../arm-none-eabi/lib/armv6-m\libc_nano.a
END GROUP
START GROUP
LOAD c:/program files (x86)/cypress/psoc creator/4.2/psoc creator/import/gnu/arm/5.4.1/bin/../lib/gcc/arm-none-eabi/5.4.1/armv6-m\libgcc.a
LOAD c:/program files (x86)/cypress/psoc creator/4.2/psoc creator/import/gnu/arm/5.4.1/bin/../lib/gcc/arm-none-eabi/5.4.1/../../../../arm-none-eabi/lib/armv6-m\libc_nano.a
END GROUP
LOAD c:/program files (x86)/cypress/psoc creator/4.2/psoc creator/import/gnu/arm/5.4.1/bin/../lib/gcc/arm-none-eabi/5.4.1/armv6-m/crtend.o
LOAD c:/program files (x86)/cypress/psoc creator/4.2/psoc creator/import/gnu/arm/5.4.1/bin/../lib/gcc/arm-none-eabi/5.4.1/armv6-m/crtn.o
START GROUP
LOAD c:/program files (x86)/cypress/psoc creator/4.2/psoc creator/import/gnu/arm/5.4.1/bin/../lib/gcc/arm-none-eabi/5.4.1/armv6-m\libgcc.a
LOAD c:/program files (x86)/cypress/psoc creator/4.2/psoc creator/import/gnu/arm/5.4.1/bin/../lib/gcc/arm-none-eabi/5.4.1/../../../../arm-none-eabi/lib/armv6-m\libc.a
LOAD c:/program files (x86)/cypress/psoc creator/4.2/psoc creator/import/gnu/arm/5.4.1/bin/../lib/gcc/arm-none-eabi/5.4.1/../../../../arm-none-eabi/lib/armv6-m\libnosys.a
END GROUP
                0x00000000                CY_APPL_ORIGIN = 0x0
                0x00000080                CY_FLASH_ROW_SIZE = 0x80
                0x00000001                CY_APPL_NUM = 0x1
                0x00000001                CY_APPL_MAX = 0x1
                0x00000040                CY_METADATA_SIZE = 0x40
                0x00000000                CY_APPL_LOADABLE = 0x0
                0x00000000                CY_CHECKSUM_EXCLUDE_SIZE = ALIGN (0x0, CY_FLASH_ROW_SIZE)
                0x00000000                CY_APP_FOR_STACK_AND_COPIER = 0x0
                [!provide]                PROVIDE (__cy_heap_start, _end)
                0x00000001                PROVIDE (__cy_region_num, ((__cy_regions_end - __cy_regions) / 0x10))
                0x20004000                PROVIDE (__cy_stack, (ORIGIN (ram) + LENGTH (ram)))
                [!provide]                PROVIDE (__cy_heap_end, (__cy_stack - 0x800))

.cybootloader   0x00000000        0x0
 *(.cybootloader)
                0x00000000                appl1_start = CY_APPL_ORIGIN?CY_APPL_ORIGIN:ALIGN (CY_FLASH_ROW_SIZE)
                0x0000ff80                appl2_start = (appl1_start + ALIGN ((((LENGTH (rom) - appl1_start) - (0x2 * CY_FLASH_ROW_SIZE)) / 0x2), CY_FLASH_ROW_SIZE))
                0x00000000                appl_start = (CY_APPL_NUM == 0x1)?appl1_start:appl2_start
                0x00000001                cy_project_type_bootloader = (appl_start == 0x0)?0x1:0x0
                0x00000000                cy_project_type_app_for_stack_and_copier = (CY_APP_FOR_STACK_AND_COPIER == 0x1)?0x1:0x0

.text           0x00000000     0x19b8
 CREATE_OBJECT_SYMBOLS
                0x00000000                PROVIDE (__cy_interrupt_vector, RomVectors)
 *(.romvectors)
 .romvectors    0x00000000       0x10 .\CortexM0\ARM_GCC_541\Debug\Cm0Start.o
                0x00000000                RomVectors
                0x00000001                ASSERT ((. != __cy_interrupt_vector), No interrupt vector)
                0x00000001                ASSERT (CY_APPL_ORIGIN?(SIZEOF (.cybootloader) <= CY_APPL_ORIGIN):0x1, Wrong image location)
                0x00000010                PROVIDE (__cy_reset, Reset)
 *(.text.Reset)
 .text.Reset    0x00000010        0x8 .\CortexM0\ARM_GCC_541\Debug\Cm0Start.o
                0x00000010                Reset
                0x00000001                ASSERT ((. != __cy_reset), No reset code)
 *(.psocinit)
 .psocinit      0x00000018      0x228 .\CortexM0\ARM_GCC_541\Debug\cyfitter_cfg.o
                0x00000140                cyfitter_cfg
                0x00000240                . = MAX (., 0x100)
 *(.text .text.* .gnu.linkonce.t.*)
 .text          0x00000240       0x60 c:/program files (x86)/cypress/psoc creator/4.2/psoc creator/import/gnu/arm/5.4.1/bin/../lib/gcc/arm-none-eabi/5.4.1/armv6-m/crtbegin.o
 .text.updateCharacteristic
                0x000002a0       0x78 .\CortexM0\ARM_GCC_541\Debug\main.o
                0x000002a0                updateCharacteristic
 .text.StackEventHandler
                0x00000318       0x94 .\CortexM0\ARM_GCC_541\Debug\main.o
                0x00000318                StackEventHandler
 .text.print    0x000003ac       0x6c .\CortexM0\ARM_GCC_541\Debug\main.o
                0x000003ac                print
 .text.switchToString
                0x00000418       0x40 .\CortexM0\ARM_GCC_541\Debug\main.o
                0x00000418                switchToString
 .text.MaxAndMin
                0x00000458       0x5c .\CortexM0\ARM_GCC_541\Debug\main.o
                0x00000458                MaxAndMin
 .text.getDistance
                0x000004b4       0x2c .\CortexM0\ARM_GCC_541\Debug\main.o
                0x000004b4                getDistance
 .text.main     0x000004e0       0x4c .\CortexM0\ARM_GCC_541\Debug\main.o
                0x000004e0                main
 .text.CyBle_ServiceInit
                0x0000052c        0x8 .\CortexM0\ARM_GCC_541\Debug\BLE.o
                0x0000052c                CyBle_ServiceInit
 .text.CyBle_Init
                0x00000534       0x34 .\CortexM0\ARM_GCC_541\Debug\BLE.o
                0x00000534                CyBle_Init
 .text.CyBle_Start
                0x00000568       0xb0 .\CortexM0\ARM_GCC_541\Debug\BLE.o
                0x00000568                CyBle_Start
 .text.CyBle_GappStartAdvertisement
                0x00000618       0x90 .\CortexM0\ARM_GCC_541\Debug\BLE.o
                0x00000618                CyBle_GappStartAdvertisement
 .text.CyBle_ChangeAdDeviceAddress
                0x000006a8       0x28 .\CortexM0\ARM_GCC_541\Debug\BLE.o
                0x000006a8                CyBle_ChangeAdDeviceAddress
 .text.CyBle_Get16ByPtr
                0x000006d0        0xc .\CortexM0\ARM_GCC_541\Debug\BLE.o
                0x000006d0                CyBle_Get16ByPtr
 .text.cfg_write_bytes32
                0x000006dc       0x34 .\CortexM0\ARM_GCC_541\Debug\cyfitter_cfg.o
 .text.AnalogSetDefault
                0x00000710       0x20 .\CortexM0\ARM_GCC_541\Debug\cyfitter_cfg.o
 .text.CYMEMZERO
                0x00000730        0xc .\CortexM0\ARM_GCC_541\Debug\cyfitter_cfg.o
 .text.IntDefaultHandler
                0x0000073c       0x10 .\CortexM0\ARM_GCC_541\Debug\Cm0Start.o
                0x0000073c                IntDefaultHandler
 .text.Start_c  0x0000074c       0x48 .\CortexM0\ARM_GCC_541\Debug\Cm0Start.o
                0x0000074c                Start_c
 .text.initialize_psoc
                0x00000794       0x4c .\CortexM0\ARM_GCC_541\Debug\Cm0Start.o
                0x00000794                initialize_psoc
 .text.UART_ScbModePostEnable
                0x000007e0        0x8 .\CortexM0\ARM_GCC_541\Debug\RC_Car_LE_Bluetooth.a(UART.o)
 .text.UART_Init
                0x000007e8        0x8 .\CortexM0\ARM_GCC_541\Debug\RC_Car_LE_Bluetooth.a(UART.o)
                0x000007e8                UART_Init
 .text.UART_Enable
                0x000007f0       0x18 .\CortexM0\ARM_GCC_541\Debug\RC_Car_LE_Bluetooth.a(UART.o)
                0x000007f0                UART_Enable
 .text.UART_Start
                0x00000808       0x20 .\CortexM0\ARM_GCC_541\Debug\RC_Car_LE_Bluetooth.a(UART.o)
                0x00000808                UART_Start
 .text.UART_SpiUartWriteTxData
                0x00000828       0x1c .\CortexM0\ARM_GCC_541\Debug\RC_Car_LE_Bluetooth.a(UART_SPI_UART.o)
                0x00000828                UART_SpiUartWriteTxData
 .text.UART_UartInit
                0x00000844       0xa8 .\CortexM0\ARM_GCC_541\Debug\RC_Car_LE_Bluetooth.a(UART_UART.o)
                0x00000844                UART_UartInit
 .text.UART_UartPostEnable
                0x000008ec       0x2c .\CortexM0\ARM_GCC_541\Debug\RC_Car_LE_Bluetooth.a(UART_UART.o)
                0x000008ec                UART_UartPostEnable
 .text.UART_UartPutString
                0x00000918       0x18 .\CortexM0\ARM_GCC_541\Debug\RC_Car_LE_Bluetooth.a(UART_UART.o)
                0x00000918                UART_UartPutString
 .text.UART_UartPutCRLF
                0x00000930       0x14 .\CortexM0\ARM_GCC_541\Debug\RC_Car_LE_Bluetooth.a(UART_UART.o)
                0x00000930                UART_UartPutCRLF
 .text.UltraSoon_Rechts_Enable
                0x00000944       0x1c .\CortexM0\ARM_GCC_541\Debug\RC_Car_LE_Bluetooth.a(UltraSoon_Rechts.o)
                0x00000944                UltraSoon_Rechts_Enable
 .text.UltraSoon_Rechts_WriteCounter
                0x00000960       0x10 .\CortexM0\ARM_GCC_541\Debug\RC_Car_LE_Bluetooth.a(UltraSoon_Rechts.o)
                0x00000960                UltraSoon_Rechts_WriteCounter
 .text.UltraSoon_Rechts_WritePeriod
                0x00000970       0x10 .\CortexM0\ARM_GCC_541\Debug\RC_Car_LE_Bluetooth.a(UltraSoon_Rechts.o)
                0x00000970                UltraSoon_Rechts_WritePeriod
 .text.UltraSoon_Rechts_ReadCompare
                0x00000980       0x10 .\CortexM0\ARM_GCC_541\Debug\RC_Car_LE_Bluetooth.a(UltraSoon_Rechts.o)
                0x00000980                UltraSoon_Rechts_ReadCompare
 .text.UltraSoon_Rechts_SetInterruptMode
                0x00000990        0xc .\CortexM0\ARM_GCC_541\Debug\RC_Car_LE_Bluetooth.a(UltraSoon_Rechts.o)
                0x00000990                UltraSoon_Rechts_SetInterruptMode
 .text.UltraSoon_Rechts_Init
                0x0000099c       0x30 .\CortexM0\ARM_GCC_541\Debug\RC_Car_LE_Bluetooth.a(UltraSoon_Rechts.o)
                0x0000099c                UltraSoon_Rechts_Init
 .text.UltraSoon_Rechts_Start
                0x000009cc       0x20 .\CortexM0\ARM_GCC_541\Debug\RC_Car_LE_Bluetooth.a(UltraSoon_Rechts.o)
                0x000009cc                UltraSoon_Rechts_Start
 .text.PWM_WriteCounter
                0x000009ec       0x10 .\CortexM0\ARM_GCC_541\Debug\RC_Car_LE_Bluetooth.a(PWM.o)
                0x000009ec                PWM_WriteCounter
 .text.PWM_WritePeriod
                0x000009fc       0x10 .\CortexM0\ARM_GCC_541\Debug\RC_Car_LE_Bluetooth.a(PWM.o)
                0x000009fc                PWM_WritePeriod
 .text.PWM_WriteCompare
                0x00000a0c       0x10 .\CortexM0\ARM_GCC_541\Debug\RC_Car_LE_Bluetooth.a(PWM.o)
                0x00000a0c                PWM_WriteCompare
 .text.PWM_TriggerCommand
                0x00000a1c       0x1c .\CortexM0\ARM_GCC_541\Debug\RC_Car_LE_Bluetooth.a(PWM.o)
                0x00000a1c                PWM_TriggerCommand
 .text.PWM_Enable
                0x00000a38       0x24 .\CortexM0\ARM_GCC_541\Debug\RC_Car_LE_Bluetooth.a(PWM.o)
                0x00000a38                PWM_Enable
 .text.PWM_SetInterruptMode
                0x00000a5c        0xc .\CortexM0\ARM_GCC_541\Debug\RC_Car_LE_Bluetooth.a(PWM.o)
                0x00000a5c                PWM_SetInterruptMode
 .text.PWM_Init
                0x00000a68       0x48 .\CortexM0\ARM_GCC_541\Debug\RC_Car_LE_Bluetooth.a(PWM.o)
                0x00000a68                PWM_Init
 .text.PWM_Start
                0x00000ab0       0x20 .\CortexM0\ARM_GCC_541\Debug\RC_Car_LE_Bluetooth.a(PWM.o)
                0x00000ab0                PWM_Start
 .text.UltraSoon_Midden_Enable
                0x00000ad0       0x1c .\CortexM0\ARM_GCC_541\Debug\RC_Car_LE_Bluetooth.a(UltraSoon_Midden.o)
                0x00000ad0                UltraSoon_Midden_Enable
 .text.UltraSoon_Midden_WriteCounter
                0x00000aec       0x10 .\CortexM0\ARM_GCC_541\Debug\RC_Car_LE_Bluetooth.a(UltraSoon_Midden.o)
                0x00000aec                UltraSoon_Midden_WriteCounter
 .text.UltraSoon_Midden_WritePeriod
                0x00000afc       0x10 .\CortexM0\ARM_GCC_541\Debug\RC_Car_LE_Bluetooth.a(UltraSoon_Midden.o)
                0x00000afc                UltraSoon_Midden_WritePeriod
 .text.UltraSoon_Midden_ReadCompare
                0x00000b0c       0x10 .\CortexM0\ARM_GCC_541\Debug\RC_Car_LE_Bluetooth.a(UltraSoon_Midden.o)
                0x00000b0c                UltraSoon_Midden_ReadCompare
 .text.UltraSoon_Midden_SetInterruptMode
                0x00000b1c        0xc .\CortexM0\ARM_GCC_541\Debug\RC_Car_LE_Bluetooth.a(UltraSoon_Midden.o)
                0x00000b1c                UltraSoon_Midden_SetInterruptMode
 .text.UltraSoon_Midden_Init
                0x00000b28       0x30 .\CortexM0\ARM_GCC_541\Debug\RC_Car_LE_Bluetooth.a(UltraSoon_Midden.o)
                0x00000b28                UltraSoon_Midden_Init
 .text.UltraSoon_Midden_Start
                0x00000b58       0x20 .\CortexM0\ARM_GCC_541\Debug\RC_Car_LE_Bluetooth.a(UltraSoon_Midden.o)
                0x00000b58                UltraSoon_Midden_Start
 .text.UltraSoon_Links_Enable
                0x00000b78       0x1c .\CortexM0\ARM_GCC_541\Debug\RC_Car_LE_Bluetooth.a(UltraSoon_Links.o)
                0x00000b78                UltraSoon_Links_Enable
 .text.UltraSoon_Links_WriteCounter
                0x00000b94       0x10 .\CortexM0\ARM_GCC_541\Debug\RC_Car_LE_Bluetooth.a(UltraSoon_Links.o)
                0x00000b94                UltraSoon_Links_WriteCounter
 .text.UltraSoon_Links_WritePeriod
                0x00000ba4       0x10 .\CortexM0\ARM_GCC_541\Debug\RC_Car_LE_Bluetooth.a(UltraSoon_Links.o)
                0x00000ba4                UltraSoon_Links_WritePeriod
 .text.UltraSoon_Links_ReadCompare
                0x00000bb4       0x10 .\CortexM0\ARM_GCC_541\Debug\RC_Car_LE_Bluetooth.a(UltraSoon_Links.o)
                0x00000bb4                UltraSoon_Links_ReadCompare
 .text.UltraSoon_Links_SetInterruptMode
                0x00000bc4        0xc .\CortexM0\ARM_GCC_541\Debug\RC_Car_LE_Bluetooth.a(UltraSoon_Links.o)
                0x00000bc4                UltraSoon_Links_SetInterruptMode
 .text.UltraSoon_Links_Init
                0x00000bd0       0x30 .\CortexM0\ARM_GCC_541\Debug\RC_Car_LE_Bluetooth.a(UltraSoon_Links.o)
                0x00000bd0                UltraSoon_Links_Init
 .text.UltraSoon_Links_Start
                0x00000c00       0x20 .\CortexM0\ARM_GCC_541\Debug\RC_Car_LE_Bluetooth.a(UltraSoon_Links.o)
                0x00000c00                UltraSoon_Links_Start
 .text.CySysClkWriteImoFreq
                0x00000c20       0x64 .\CortexM0\ARM_GCC_541\Debug\RC_Car_LE_Bluetooth.a(CyLib.o)
                0x00000c20                CySysClkWriteImoFreq
 .text.CySysClkEcoReadStatus
                0x00000c84       0x10 .\CortexM0\ARM_GCC_541\Debug\RC_Car_LE_Bluetooth.a(CyLib.o)
                0x00000c84                CySysClkEcoReadStatus
 .text.CyIntEnable
                0x00000c94       0x14 .\CortexM0\ARM_GCC_541\Debug\RC_Car_LE_Bluetooth.a(CyLib.o)
                0x00000c94                CyIntEnable
 .text.CyHalt   0x00000ca8        0x4 .\CortexM0\ARM_GCC_541\Debug\RC_Car_LE_Bluetooth.a(CyLib.o)
                0x00000ca8                CyHalt
 .text.CyIntSetVector
                0x00000cac       0x24 .\CortexM0\ARM_GCC_541\Debug\RC_Car_LE_Bluetooth.a(CyLib.o)
                0x00000cac                CyIntSetVector
 .text.CyDelay  0x00000cd0       0x30 .\CortexM0\ARM_GCC_541\Debug\RC_Car_LE_Bluetooth.a(CyLib.o)
                0x00000cd0                CyDelay
 .text.CyDelayUs
                0x00000d00       0x14 .\CortexM0\ARM_GCC_541\Debug\RC_Car_LE_Bluetooth.a(CyLib.o)
                0x00000d00                CyDelayUs
 .text.CySysClkEcoStart
                0x00000d14       0x54 .\CortexM0\ARM_GCC_541\Debug\RC_Car_LE_Bluetooth.a(CyLib.o)
                0x00000d14                CySysClkEcoStart
 .text.CySysWdtLocked
                0x00000d68       0x14 .\CortexM0\ARM_GCC_541\Debug\RC_Car_LE_Bluetooth.a(CyLFClk.o)
 .text.CySysClkWcoStart
                0x00000d7c       0x40 .\CortexM0\ARM_GCC_541\Debug\RC_Car_LE_Bluetooth.a(CyLFClk.o)
                0x00000d7c                CySysClkWcoStart
 .text.CySysClkWcoSetPowerMode
                0x00000dbc       0x80 .\CortexM0\ARM_GCC_541\Debug\RC_Car_LE_Bluetooth.a(CyLFClk.o)
                0x00000dbc                CySysClkWcoSetPowerMode
 .text.CySysWdtLock
                0x00000e3c       0x1c .\CortexM0\ARM_GCC_541\Debug\RC_Car_LE_Bluetooth.a(CyLFClk.o)
                0x00000e3c                CySysWdtLock
 .text.CySysWdtUnlock
                0x00000e58       0x30 .\CortexM0\ARM_GCC_541\Debug\RC_Car_LE_Bluetooth.a(CyLFClk.o)
                0x00000e58                CySysWdtUnlock
 .text.CySysWdtClearInterrupt
                0x00000e88       0x4c .\CortexM0\ARM_GCC_541\Debug\RC_Car_LE_Bluetooth.a(CyLFClk.o)
                0x00000e88                CySysWdtClearInterrupt
 .text.CySysWdtIsr
                0x00000ed4       0xa4 .\CortexM0\ARM_GCC_541\Debug\RC_Car_LE_Bluetooth.a(CyLFClk.o)
                0x00000ed4                CySysWdtIsr
 .text.CyBle_GattsWriteEventHandler
                0x00000f78       0x58 .\CortexM0\ARM_GCC_541\Debug\RC_Car_LE_Bluetooth.a(BLE_gatt.o)
                0x00000f78                CyBle_GattsWriteEventHandler
 .text.CyBle_GattDisconnectEventHandler
                0x00000fd0       0x10 .\CortexM0\ARM_GCC_541\Debug\RC_Car_LE_Bluetooth.a(BLE_eventHandler.o)
 .text.CyBle_WriteReqHandler
                0x00000fe0       0x38 .\CortexM0\ARM_GCC_541\Debug\RC_Car_LE_Bluetooth.a(BLE_eventHandler.o)
 .text.CyBle_IsDeviceAddressValid
                0x00001018       0x24 .\CortexM0\ARM_GCC_541\Debug\RC_Car_LE_Bluetooth.a(BLE_eventHandler.o)
                0x00001018                CyBle_IsDeviceAddressValid
 .text.CyBle_EventHandler
                0x0000103c      0x2dc .\CortexM0\ARM_GCC_541\Debug\RC_Car_LE_Bluetooth.a(BLE_eventHandler.o)
                0x0000103c                CyBle_EventHandler
 .text.CyBle_CustomInit
                0x00001318        0x4 .\CortexM0\ARM_GCC_541\Debug\RC_Car_LE_Bluetooth.a(BLE_custom.o)
                0x00001318                CyBle_CustomInit
 *fill*         0x0000131c        0x4 
 .text          0x00001320       0x20 .\CortexM0\ARM_GCC_541\Debug\RC_Car_LE_Bluetooth.a(CyBootAsmGnu.o)
                0x00001320                CyDelayCycles
                0x00001332                CyEnterCriticalSection
                0x0000133a                CyExitCriticalSection
 .text.CySysPmSleep
                0x00001340       0x1c .\CortexM0\ARM_GCC_541\Debug\RC_Car_LE_Bluetooth.a(cyPm.o)
                0x00001340                CySysPmSleep
 .text.CyBLE_Bless_LlRegWrite
                0x0000135c        0x4 .\CortexM0\ARM_GCC_541\Debug\RC_Car_LE_Bluetooth.a(BLE_HAL_PVT.o)
                0x0000135c                CyBLE_Bless_LlRegWrite
 .text.CyBLE_Bless_RfRegWrite
                0x00001360        0x4 .\CortexM0\ARM_GCC_541\Debug\RC_Car_LE_Bluetooth.a(BLE_HAL_PVT.o)
                0x00001360                CyBLE_Bless_RfRegWrite
 .text.CyBLE_BlessDeviceConfig
                0x00001364      0x134 .\CortexM0\ARM_GCC_541\Debug\RC_Car_LE_Bluetooth.a(BLE_HAL_PVT.o)
                0x00001364                CyBLE_BlessDeviceConfig
 .text.CyBleHal_DelayUs
                0x00001498        0x8 .\CortexM0\ARM_GCC_541\Debug\RC_Car_LE_Bluetooth.a(BLE_HAL_PVT.o)
                0x00001498                CyBleHal_DelayUs
 .text.CyBleHal_DelayMs
                0x000014a0        0x8 .\CortexM0\ARM_GCC_541\Debug\RC_Car_LE_Bluetooth.a(BLE_HAL_PVT.o)
                0x000014a0                CyBleHal_DelayMs
 .text.CyBleHal_EnableGlobalInterrupts
                0x000014a8        0x8 .\CortexM0\ARM_GCC_541\Debug\RC_Car_LE_Bluetooth.a(BLE_HAL_PVT.o)
                0x000014a8                CyBleHal_EnableGlobalInterrupts
 .text.CyBleHal_DisableGlobalInterrupts
                0x000014b0        0x8 .\CortexM0\ARM_GCC_541\Debug\RC_Car_LE_Bluetooth.a(BLE_HAL_PVT.o)
                0x000014b0                CyBleHal_DisableGlobalInterrupts
 .text.CyBle_HalInit
                0x000014b8       0x18 .\CortexM0\ARM_GCC_541\Debug\RC_Car_LE_Bluetooth.a(BLE_HAL_PVT.o)
                0x000014b8                CyBle_HalInit
 .text.CYBLE_BlessStart
                0x000014d0       0x10 .\CortexM0\ARM_GCC_541\Debug\RC_Car_LE_Bluetooth.a(BLE_HAL_PVT.o)
                0x000014d0                CYBLE_BlessStart
 .text.CyBLE_GetIpBlockVersion
                0x000014e0        0x8 .\CortexM0\ARM_GCC_541\Debug\RC_Car_LE_Bluetooth.a(BLE_HAL_PVT.o)
                0x000014e0                CyBLE_GetIpBlockVersion
 .text.CyBle_Hal_pairing_local_public_key_handler
                0x000014e8        0x4 .\CortexM0\ARM_GCC_541\Debug\RC_Car_LE_Bluetooth.a(BLE_HAL_PVT.o)
                0x000014e8                CyBle_Hal_pairing_local_public_key_handler
 .text.CyBle_Hal_pairing_remote_key_handler
                0x000014ec        0x4 .\CortexM0\ARM_GCC_541\Debug\RC_Car_LE_Bluetooth.a(BLE_HAL_PVT.o)
                0x000014ec                CyBle_Hal_pairing_remote_key_handler
 .text.CyBle_Hal_pairing_dhkey_handler
                0x000014f0        0x4 .\CortexM0\ARM_GCC_541\Debug\RC_Car_LE_Bluetooth.a(BLE_HAL_PVT.o)
                0x000014f0                CyBle_Hal_pairing_dhkey_handler
 .text.CyBle_Hal_pairing_dhkey_check_handler
                0x000014f4        0x4 .\CortexM0\ARM_GCC_541\Debug\RC_Car_LE_Bluetooth.a(BLE_HAL_PVT.o)
                0x000014f4                CyBle_Hal_pairing_dhkey_check_handler
 .text.CyBle_Hal_pairing_keypress_notification_handler
                0x000014f8        0x4 .\CortexM0\ARM_GCC_541\Debug\RC_Car_LE_Bluetooth.a(BLE_HAL_PVT.o)
                0x000014f8                CyBle_Hal_pairing_keypress_notification_handler
 .text.CyBle_Hal_pairing_rand_handler
                0x000014fc        0x4 .\CortexM0\ARM_GCC_541\Debug\RC_Car_LE_Bluetooth.a(BLE_HAL_PVT.o)
                0x000014fc                CyBle_Hal_pairing_rand_handler
 .text.CyBle_Hal_pairing_confirm_handler
                0x00001500        0x4 .\CortexM0\ARM_GCC_541\Debug\RC_Car_LE_Bluetooth.a(BLE_HAL_PVT.o)
                0x00001500                CyBle_Hal_pairing_confirm_handler
 .text.CyBle_Hal_pairing_lr_confirming_handler
                0x00001504        0x4 .\CortexM0\ARM_GCC_541\Debug\RC_Car_LE_Bluetooth.a(BLE_HAL_PVT.o)
                0x00001504                CyBle_Hal_pairing_lr_confirming_handler
 .text.CyBle_Hal_pairing_sc_tbx_local_pubkey_generate_complete
                0x00001508        0x4 .\CortexM0\ARM_GCC_541\Debug\RC_Car_LE_Bluetooth.a(BLE_HAL_PVT.o)
                0x00001508                CyBle_Hal_pairing_sc_tbx_local_pubkey_generate_complete
 .text.CyBle_Hal_pairing_sc_generate_local_P256_public_key
                0x0000150c        0x4 .\CortexM0\ARM_GCC_541\Debug\RC_Car_LE_Bluetooth.a(BLE_HAL_PVT.o)
                0x0000150c                CyBle_Hal_pairing_sc_generate_local_P256_public_key
 .text.CyBle_Hal_se_smp_sc_user_passkey_handler
                0x00001510        0x4 .\CortexM0\ARM_GCC_541\Debug\RC_Car_LE_Bluetooth.a(BLE_HAL_PVT.o)
                0x00001510                CyBle_Hal_se_smp_sc_user_passkey_handler
 .text.CyBle_Hal_EccPointMult
                0x00001514        0x4 .\CortexM0\ARM_GCC_541\Debug\RC_Car_LE_Bluetooth.a(BLE_HAL_PVT.o)
                0x00001514                CyBle_Hal_EccPointMult
 .text.BLE_bless_isr_SetVector
                0x00001518        0xc .\CortexM0\ARM_GCC_541\Debug\RC_Car_LE_Bluetooth.a(BLE_bless_isr.o)
                0x00001518                BLE_bless_isr_SetVector
 .text.BLE_bless_isr_SetPriority
                0x00001524       0x20 .\CortexM0\ARM_GCC_541\Debug\RC_Car_LE_Bluetooth.a(BLE_bless_isr.o)
                0x00001524                BLE_bless_isr_SetPriority
 .text.BLE_bless_isr_Enable
                0x00001544       0x10 .\CortexM0\ARM_GCC_541\Debug\RC_Car_LE_Bluetooth.a(BLE_bless_isr.o)
                0x00001544                BLE_bless_isr_Enable
 .text.BLE_bless_isr_Disable
                0x00001554       0x10 .\CortexM0\ARM_GCC_541\Debug\RC_Car_LE_Bluetooth.a(BLE_bless_isr.o)
                0x00001554                BLE_bless_isr_Disable
 .text.BLE_bless_isr_StartEx
                0x00001564       0x1c .\CortexM0\ARM_GCC_541\Debug\RC_Car_LE_Bluetooth.a(BLE_bless_isr.o)
                0x00001564                BLE_bless_isr_StartEx
 .text.CyBLE_Bless_Interrupt
                0x00001580        0x8 .\CortexM0\ARM_GCC_541\Debug\RC_Car_LE_Bluetooth.a(BLE_HAL_INT.o)
                0x00001580                CyBLE_Bless_Interrupt
 .text          0x00001588      0x114 c:/program files (x86)/cypress/psoc creator/4.2/psoc creator/import/gnu/arm/5.4.1/bin/../lib/gcc/arm-none-eabi/5.4.1/armv6-m\libgcc.a(_udivsi3.o)
                0x00001588                __aeabi_uidiv
                0x00001588                __udivsi3
                0x00001694                __aeabi_uidivmod
 .text          0x0000169c      0x1d4 c:/program files (x86)/cypress/psoc creator/4.2/psoc creator/import/gnu/arm/5.4.1/bin/../lib/gcc/arm-none-eabi/5.4.1/armv6-m\libgcc.a(_divsi3.o)
                0x0000169c                __divsi3
                0x0000169c                __aeabi_idiv
                0x00001868                __aeabi_idivmod
 .text          0x00001870        0x4 c:/program files (x86)/cypress/psoc creator/4.2/psoc creator/import/gnu/arm/5.4.1/bin/../lib/gcc/arm-none-eabi/5.4.1/armv6-m\libgcc.a(_dvmd_tls.o)
                0x00001870                __aeabi_idiv0
                0x00001870                __aeabi_ldiv0
 .text.__errno  0x00001874        0xc c:/program files (x86)/cypress/psoc creator/4.2/psoc creator/import/gnu/arm/5.4.1/bin/../lib/gcc/arm-none-eabi/5.4.1/../../../../arm-none-eabi/lib/armv6-m\libg_nano.a(lib_a-errno.o)
                0x00001874                __errno
 .text.__libc_init_array
                0x00001880       0x4c c:/program files (x86)/cypress/psoc creator/4.2/psoc creator/import/gnu/arm/5.4.1/bin/../lib/gcc/arm-none-eabi/5.4.1/../../../../arm-none-eabi/lib/armv6-m\libg_nano.a(lib_a-init.o)
                0x00001880                __libc_init_array
 .text.__itoa   0x000018cc       0x2e c:/program files (x86)/cypress/psoc creator/4.2/psoc creator/import/gnu/arm/5.4.1/bin/../lib/gcc/arm-none-eabi/5.4.1/../../../../arm-none-eabi/lib/armv6-m\libg_nano.a(lib_a-itoa.o)
                0x000018cc                __itoa
 .text.itoa     0x000018fa        0x8 c:/program files (x86)/cypress/psoc creator/4.2/psoc creator/import/gnu/arm/5.4.1/bin/../lib/gcc/arm-none-eabi/5.4.1/../../../../arm-none-eabi/lib/armv6-m\libg_nano.a(lib_a-itoa.o)
                0x000018fa                itoa
 .text.memcmp   0x00001902       0x1e c:/program files (x86)/cypress/psoc creator/4.2/psoc creator/import/gnu/arm/5.4.1/bin/../lib/gcc/arm-none-eabi/5.4.1/../../../../arm-none-eabi/lib/armv6-m\libg_nano.a(lib_a-memcmp.o)
                0x00001902                memcmp
 .text.memcpy   0x00001920       0x12 c:/program files (x86)/cypress/psoc creator/4.2/psoc creator/import/gnu/arm/5.4.1/bin/../lib/gcc/arm-none-eabi/5.4.1/../../../../arm-none-eabi/lib/armv6-m\libg_nano.a(lib_a-memcpy-stub.o)
                0x00001920                memcpy
 .text.memset   0x00001932       0x10 c:/program files (x86)/cypress/psoc creator/4.2/psoc creator/import/gnu/arm/5.4.1/bin/../lib/gcc/arm-none-eabi/5.4.1/../../../../arm-none-eabi/lib/armv6-m\libg_nano.a(lib_a-memset.o)
                0x00001932                memset
 *fill*         0x00001942        0x2 
 .text.__utoa   0x00001944       0x74 c:/program files (x86)/cypress/psoc creator/4.2/psoc creator/import/gnu/arm/5.4.1/bin/../lib/gcc/arm-none-eabi/5.4.1/../../../../arm-none-eabi/lib/armv6-m\libg_nano.a(lib_a-utoa.o)
                0x00001944                __utoa
 *(.plt)
 *(.gnu.warning)
 *(.glue_7t)
 .glue_7t       0x000019b8        0x0 linker stubs
 *(.glue_7)
 .glue_7        0x000019b8        0x0 linker stubs
 *(.vfp11_veneer)
 .vfp11_veneer  0x000019b8        0x0 linker stubs
 *(.bootloader)
 *(.ARM.extab* .gnu.linkonce.armextab.*)
 *(.gcc_except_table)

.v4_bx          0x000019b8        0x0
 .v4_bx         0x000019b8        0x0 linker stubs

.iplt           0x000019b8        0x0
 .iplt          0x000019b8        0x0 c:/program files (x86)/cypress/psoc creator/4.2/psoc creator/import/gnu/arm/5.4.1/bin/../lib/gcc/arm-none-eabi/5.4.1/armv6-m/crtbegin.o

i.CyBle_ControllerGetFeatureHeapReq
                0x000019b8       0x58
 i.CyBle_ControllerGetFeatureHeapReq
                0x000019b8       0x58 ..\..\..\..\PSoC Creator\4.2\Downloads ( 4.2).cylib\BLE_v3_66\Library\gccCyBLEStack_BLE_SOC_PERIPHERAL.a(CyBle.o)
                0x000019b8                CyBle_ControllerGetFeatureHeapReq

i.CyBle_ExitLPM
                0x00001a10        0x8
 i.CyBle_ExitLPM
                0x00001a10        0x8 ..\..\..\..\PSoC Creator\4.2\Downloads ( 4.2).cylib\BLE_v3_66\Library\gccCyBLEStack_BLE_SOC_PERIPHERAL.a(CyBle.o)
                0x00001a10                CyBle_ExitLPM

i.CyBle_ProcessEvents
                0x00001a18        0x8
 i.CyBle_ProcessEvents
                0x00001a18        0x8 ..\..\..\..\PSoC Creator\4.2\Downloads ( 4.2).cylib\BLE_v3_66\Library\gccCyBLEStack_BLE_SOC_PERIPHERAL.a(CyBle.o)
                0x00001a18                CyBle_ProcessEvents

i.CyBle_SetDeviceAddress
                0x00001a20       0x24
 i.CyBle_SetDeviceAddress
                0x00001a20       0x24 ..\..\..\..\PSoC Creator\4.2\Downloads ( 4.2).cylib\BLE_v3_66\Library\gccCyBLEStack_BLE_SOC_PERIPHERAL.a(CyBle.o)
                0x00001a20                CyBle_SetDeviceAddress

i.CyBle_StackGetFeatureConfig
                0x00001a44       0x38
 i.CyBle_StackGetFeatureConfig
                0x00001a44       0x38 ..\..\..\..\PSoC Creator\4.2\Downloads ( 4.2).cylib\BLE_v3_66\Library\gccCyBLEStack_BLE_SOC_PERIPHERAL.a(CyBle.o)
                0x00001a44                CyBle_StackGetFeatureConfig

i.CyBle_StackInit
                0x00001a7c      0x154
 i.CyBle_StackInit
                0x00001a7c      0x154 ..\..\..\..\PSoC Creator\4.2\Downloads ( 4.2).cylib\BLE_v3_66\Library\gccCyBLEStack_BLE_SOC_PERIPHERAL.a(CyBle.o)
                0x00001a7c                CyBle_StackInit

i.CyBle_StackSetFeatureConfig
                0x00001bd0       0xe8
 i.CyBle_StackSetFeatureConfig
                0x00001bd0       0xe8 ..\..\..\..\PSoC Creator\4.2\Downloads ( 4.2).cylib\BLE_v3_66\Library\gccCyBLEStack_BLE_SOC_PERIPHERAL.a(CyBle.o)
                0x00001bd0                CyBle_StackSetFeatureConfig

i.CyBle_StackValidateInputParams
                0x00001cb8       0xf4
 i.CyBle_StackValidateInputParams
                0x00001cb8       0xf4 ..\..\..\..\PSoC Creator\4.2\Downloads ( 4.2).cylib\BLE_v3_66\Library\gccCyBLEStack_BLE_SOC_PERIPHERAL.a(CyBle.o)

i.__ARM_common_switch8
                0x00001dac       0x1a
 i.__ARM_common_switch8
                0x00001dac       0x1a ..\..\..\..\PSoC Creator\4.2\Downloads ( 4.2).cylib\BLE_v3_66\Library\gccCyBLEStack_BLE_SOC_PERIPHERAL.a(CyBle.o)
                0x00001dac                __ARM_common_switch8

i.CyBleStackMgr_Init
                0x00001dc8      0x10c
 i.CyBleStackMgr_Init
                0x00001dc8      0x10c ..\..\..\..\PSoC Creator\4.2\Downloads ( 4.2).cylib\BLE_v3_66\Library\gccCyBLEStack_BLE_SOC_PERIPHERAL.a(CyBleStackMgrIP_Interface.o)
                0x00001dc8                CyBleStackMgr_Init

i.CyBleStackMgr_ProcessBleEvents
                0x00001ed4       0x14
 i.CyBleStackMgr_ProcessBleEvents
                0x00001ed4       0x14 ..\..\..\..\PSoC Creator\4.2\Downloads ( 4.2).cylib\BLE_v3_66\Library\gccCyBLEStack_BLE_SOC_PERIPHERAL.a(CyBleStackMgrIP_Interface.o)
                0x00001ed4                CyBleStackMgr_ProcessBleEvents

i.CyBle_GetHeapMemory
                0x00001ee8       0x28
 i.CyBle_GetHeapMemory
                0x00001ee8       0x28 ..\..\..\..\PSoC Creator\4.2\Downloads ( 4.2).cylib\BLE_v3_66\Library\gccCyBLEStack_BLE_SOC_PERIPHERAL.a(CyBleStackMgrIP_Interface.o)
                0x00001ee8                CyBle_GetHeapMemory

i.CyBle_GetNumAppBufferPools
                0x00001f10        0xc
 i.CyBle_GetNumAppBufferPools
                0x00001f10        0xc ..\..\..\..\PSoC Creator\4.2\Downloads ( 4.2).cylib\BLE_v3_66\Library\gccCyBLEStack_BLE_SOC_PERIPHERAL.a(CyBleStackMgrIP_Interface.o)
                0x00001f10                CyBle_GetNumAppBufferPools

i.CyBle_HostStackBufferPoolInit
                0x00001f1c       0xec
 i.CyBle_HostStackBufferPoolInit
                0x00001f1c       0xec ..\..\..\..\PSoC Creator\4.2\Downloads ( 4.2).cylib\BLE_v3_66\Library\gccCyBLEStack_BLE_SOC_PERIPHERAL.a(CyBleStackMgrIP_Interface.o)

i.ble_stack_idle_task_callback
                0x00002008        0x2
 i.ble_stack_idle_task_callback
                0x00002008        0x2 ..\..\..\..\PSoC Creator\4.2\Downloads ( 4.2).cylib\BLE_v3_66\Library\gccCyBLEStack_BLE_SOC_PERIPHERAL.a(CyBleStackMgrIP_Interface.o)
                0x00002008                ble_stack_idle_task_callback

i.BT_OSFreeBuf  0x0000200c       0x20
 i.BT_OSFreeBuf
                0x0000200c       0x20 ..\..\..\..\PSoC Creator\4.2\Downloads ( 4.2).cylib\BLE_v3_66\Library\gccCyBLEStack_BLE_SOC_PERIPHERAL.a(BT_os.o)
                0x0000200c                BT_OSFreeBuf

i.BT_OSGetBuF   0x0000202c       0x34
 i.BT_OSGetBuF  0x0000202c       0x34 ..\..\..\..\PSoC Creator\4.2\Downloads ( 4.2).cylib\BLE_v3_66\Library\gccCyBLEStack_BLE_SOC_PERIPHERAL.a(BT_os.o)
                0x0000202c                BT_OSGetBuF

i.BT_OSMemCreate
                0x00002060       0x3c
 i.BT_OSMemCreate
                0x00002060       0x3c ..\..\..\..\PSoC Creator\4.2\Downloads ( 4.2).cylib\BLE_v3_66\Library\gccCyBLEStack_BLE_SOC_PERIPHERAL.a(BT_os.o)
                0x00002060                BT_OSMemCreate

i.BT_alloc_mem_ext
                0x0000209c       0x3c
 i.BT_alloc_mem_ext
                0x0000209c       0x3c ..\..\..\..\PSoC Creator\4.2\Downloads ( 4.2).cylib\BLE_v3_66\Library\gccCyBLEStack_BLE_SOC_PERIPHERAL.a(BT_os.o)
                0x0000209c                BT_alloc_mem_ext

i.BT_free_mem   0x000020d8        0xc
 i.BT_free_mem  0x000020d8        0xc ..\..\..\..\PSoC Creator\4.2\Downloads ( 4.2).cylib\BLE_v3_66\Library\gccCyBLEStack_BLE_SOC_PERIPHERAL.a(BT_os.o)
                0x000020d8                BT_free_mem

i.bt_stack_create_buffer_pool
                0x000020e4       0x30
 i.bt_stack_create_buffer_pool
                0x000020e4       0x30 ..\..\..\..\PSoC Creator\4.2\Downloads ( 4.2).cylib\BLE_v3_66\Library\gccCyBLEStack_BLE_SOC_PERIPHERAL.a(BT_os.o)
                0x000020e4                bt_stack_create_buffer_pool

i.BT_start_timer
                0x00002114       0xa8
 i.BT_start_timer
                0x00002114       0xa8 ..\..\..\..\PSoC Creator\4.2\Downloads ( 4.2).cylib\BLE_v3_66\Library\gccCyBLEStack_BLE_SOC_PERIPHERAL.a(BT_timer.o)
                0x00002114                BT_start_timer

i.BT_stop_timer
                0x000021bc       0x6c
 i.BT_stop_timer
                0x000021bc       0x6c ..\..\..\..\PSoC Creator\4.2\Downloads ( 4.2).cylib\BLE_v3_66\Library\gccCyBLEStack_BLE_SOC_PERIPHERAL.a(BT_timer.o)
                0x000021bc                BT_stop_timer

i.BT_timer_process_signals
                0x00002228       0xa4
 i.BT_timer_process_signals
                0x00002228       0xa4 ..\..\..\..\PSoC Creator\4.2\Downloads ( 4.2).cylib\BLE_v3_66\Library\gccCyBLEStack_BLE_SOC_PERIPHERAL.a(BT_timer.o)
                0x00002228                BT_timer_process_signals

i.pf_timer_handle_callback
                0x000022cc       0x20
 i.pf_timer_handle_callback
                0x000022cc       0x20 ..\..\..\..\PSoC Creator\4.2\Downloads ( 4.2).cylib\BLE_v3_66\Library\gccCyBLEStack_BLE_SOC_PERIPHERAL.a(BT_timer.o)
                0x000022cc                pf_timer_handle_callback

i.timer_active_entity
                0x000022ec       0x24
 i.timer_active_entity
                0x000022ec       0x24 ..\..\..\..\PSoC Creator\4.2\Downloads ( 4.2).cylib\BLE_v3_66\Library\gccCyBLEStack_BLE_SOC_PERIPHERAL.a(BT_timer.o)
                0x000022ec                timer_active_entity

i.timer_alloc_entity
                0x00002310       0x1c
 i.timer_alloc_entity
                0x00002310       0x1c ..\..\..\..\PSoC Creator\4.2\Downloads ( 4.2).cylib\BLE_v3_66\Library\gccCyBLEStack_BLE_SOC_PERIPHERAL.a(BT_timer.o)
                0x00002310                timer_alloc_entity

i.timer_allocated_entity
                0x0000232c       0x34
 i.timer_allocated_entity
                0x0000232c       0x34 ..\..\..\..\PSoC Creator\4.2\Downloads ( 4.2).cylib\BLE_v3_66\Library\gccCyBLEStack_BLE_SOC_PERIPHERAL.a(BT_timer.o)
                0x0000232c                timer_allocated_entity

i.timer_bt_init
                0x00002360        0x2
 i.timer_bt_init
                0x00002360        0x2 ..\..\..\..\PSoC Creator\4.2\Downloads ( 4.2).cylib\BLE_v3_66\Library\gccCyBLEStack_BLE_SOC_PERIPHERAL.a(BT_timer.o)
                0x00002360                timer_bt_init

i.timer_init    0x00002364       0x28
 i.timer_init   0x00002364       0x28 ..\..\..\..\PSoC Creator\4.2\Downloads ( 4.2).cylib\BLE_v3_66\Library\gccCyBLEStack_BLE_SOC_PERIPHERAL.a(BT_timer.o)
                0x00002364                timer_init

i.timer_update_offsets
                0x0000238c       0x2c
 i.timer_update_offsets
                0x0000238c       0x2c ..\..\..\..\PSoC Creator\4.2\Downloads ( 4.2).cylib\BLE_v3_66\Library\gccCyBLEStack_BLE_SOC_PERIPHERAL.a(BT_timer.o)

i.CyBle_CheckBleStackTaskStatus
                0x000023b8        0x4
 i.CyBle_CheckBleStackTaskStatus
                0x000023b8        0x4 ..\..\..\..\PSoC Creator\4.2\Downloads ( 4.2).cylib\BLE_v3_66\Library\gccCyBLEStack_BLE_SOC_PERIPHERAL.a(CyBleStackMgr_StackTaskHandler.o)
                0x000023b8                CyBle_CheckBleStackTaskStatus

i.CyBle_CreateBleStackTask
                0x000023bc       0x2c
 i.CyBle_CreateBleStackTask
                0x000023bc       0x2c ..\..\..\..\PSoC Creator\4.2\Downloads ( 4.2).cylib\BLE_v3_66\Library\gccCyBLEStack_BLE_SOC_PERIPHERAL.a(CyBleStackMgr_StackTaskHandler.o)
                0x000023bc                CyBle_CreateBleStackTask

i.CyBle_SignalBleStackTask
                0x000023e8       0x50
 i.CyBle_SignalBleStackTask
                0x000023e8       0x50 ..\..\..\..\PSoC Creator\4.2\Downloads ( 4.2).cylib\BLE_v3_66\Library\gccCyBLEStack_BLE_SOC_PERIPHERAL.a(CyBleStackMgr_StackTaskHandler.o)
                0x000023e8                CyBle_SignalBleStackTask

i.CyBle_StackTaskHandler
                0x00002438       0x64
 i.CyBle_StackTaskHandler
                0x00002438       0x64 ..\..\..\..\PSoC Creator\4.2\Downloads ( 4.2).cylib\BLE_v3_66\Library\gccCyBLEStack_BLE_SOC_PERIPHERAL.a(CyBleStackMgr_StackTaskHandler.o)
                0x00002438                CyBle_StackTaskHandler

i.hci_soft_transport_notify_data_received
                0x0000249c        0xc
 i.hci_soft_transport_notify_data_received
                0x0000249c        0xc ..\..\..\..\PSoC Creator\4.2\Downloads ( 4.2).cylib\BLE_v3_66\Library\gccCyBLEStack_BLE_SOC_PERIPHERAL.a(transport_sf.o)
                0x0000249c                hci_soft_transport_notify_data_received

i.hci_soft_transport_rx_data
                0x000024a8       0x40
 i.hci_soft_transport_rx_data
                0x000024a8       0x40 ..\..\..\..\PSoC Creator\4.2\Downloads ( 4.2).cylib\BLE_v3_66\Library\gccCyBLEStack_BLE_SOC_PERIPHERAL.a(transport_sf.o)
                0x000024a8                hci_soft_transport_rx_data

i.hci_transport_bt_init
                0x000024e8        0x2
 i.hci_transport_bt_init
                0x000024e8        0x2 ..\..\..\..\PSoC Creator\4.2\Downloads ( 4.2).cylib\BLE_v3_66\Library\gccCyBLEStack_BLE_SOC_PERIPHERAL.a(transport_sf.o)
                0x000024e8                hci_transport_bt_init

i.hci_transport_init
                0x000024ec       0x10
 i.hci_transport_init
                0x000024ec       0x10 ..\..\..\..\PSoC Creator\4.2\Downloads ( 4.2).cylib\BLE_v3_66\Library\gccCyBLEStack_BLE_SOC_PERIPHERAL.a(transport_sf.o)
                0x000024ec                hci_transport_init

i.hci_transport_write_data
                0x000024fc       0xd4
 i.hci_transport_write_data
                0x000024fc       0xd4 ..\..\..\..\PSoC Creator\4.2\Downloads ( 4.2).cylib\BLE_v3_66\Library\gccCyBLEStack_BLE_SOC_PERIPHERAL.a(transport_sf.o)
                0x000024fc                hci_transport_write_data

i.pf_hci_soft_transport_write
                0x000025d0       0x44
 i.pf_hci_soft_transport_write
                0x000025d0       0x44 ..\..\..\..\PSoC Creator\4.2\Downloads ( 4.2).cylib\BLE_v3_66\Library\gccCyBLEStack_BLE_SOC_PERIPHERAL.a(transport_sf.o)
                0x000025d0                pf_hci_soft_transport_write

i.pf_soft_hci_transport_init
                0x00002614        0xc
 i.pf_soft_hci_transport_init
                0x00002614        0xc ..\..\..\..\PSoC Creator\4.2\Downloads ( 4.2).cylib\BLE_v3_66\Library\gccCyBLEStack_BLE_SOC_PERIPHERAL.a(transport_sf.o)
                0x00002614                pf_soft_hci_transport_init

i.CyBleStackMgr_GetTime
                0x00002620       0x14
 i.CyBleStackMgr_GetTime
                0x00002620       0x14 ..\..\..\..\PSoC Creator\4.2\Downloads ( 4.2).cylib\BLE_v3_66\Library\gccCyBLEStack_BLE_SOC_PERIPHERAL.a(CyBleStackMgr_PSoCHal.o)
                0x00002620                CyBleStackMgr_GetTime

i.CyBleStackMgr_HalInit
                0x00002634       0x24
 i.CyBleStackMgr_HalInit
                0x00002634       0x24 ..\..\..\..\PSoC Creator\4.2\Downloads ( 4.2).cylib\BLE_v3_66\Library\gccCyBLEStack_BLE_SOC_PERIPHERAL.a(CyBleStackMgr_PSoCHal.o)
                0x00002634                CyBleStackMgr_HalInit

i.CyBleStackMgr_HalIntrEnable
                0x00002658        0x8
 i.CyBleStackMgr_HalIntrEnable
                0x00002658        0x8 ..\..\..\..\PSoC Creator\4.2\Downloads ( 4.2).cylib\BLE_v3_66\Library\gccCyBLEStack_BLE_SOC_PERIPHERAL.a(CyBleStackMgr_PSoCHal.o)
                0x00002658                CyBleStackMgr_HalIntrEnable

i.CyBleStackMgr_HandleLinkLayerTick
                0x00002660       0x5c
 i.CyBleStackMgr_HandleLinkLayerTick
                0x00002660       0x5c ..\..\..\..\PSoC Creator\4.2\Downloads ( 4.2).cylib\BLE_v3_66\Library\gccCyBLEStack_BLE_SOC_PERIPHERAL.a(CyBleStackMgr_PSoCHal.o)
                0x00002660                CyBleStackMgr_HandleLinkLayerTick

i.CyBleStackMgr_HciPortInit
                0x000026bc        0xc
 i.CyBleStackMgr_HciPortInit
                0x000026bc        0xc ..\..\..\..\PSoC Creator\4.2\Downloads ( 4.2).cylib\BLE_v3_66\Library\gccCyBLEStack_BLE_SOC_PERIPHERAL.a(CyBleStackMgr_PSoCHal.o)
                0x000026bc                CyBleStackMgr_HciPortInit

i.CyBleStackMgr_HciPortReset
                0x000026c8        0x2
 i.CyBleStackMgr_HciPortReset
                0x000026c8        0x2 ..\..\..\..\PSoC Creator\4.2\Downloads ( 4.2).cylib\BLE_v3_66\Library\gccCyBLEStack_BLE_SOC_PERIPHERAL.a(CyBleStackMgr_PSoCHal.o)
                0x000026c8                CyBleStackMgr_HciPortReset

i.CyBleStackMgr_HciPortWrite
                0x000026ca        0x8
 i.CyBleStackMgr_HciPortWrite
                0x000026ca        0x8 ..\..\..\..\PSoC Creator\4.2\Downloads ( 4.2).cylib\BLE_v3_66\Library\gccCyBLEStack_BLE_SOC_PERIPHERAL.a(CyBleStackMgr_PSoCHal.o)
                0x000026ca                CyBleStackMgr_HciPortWrite

i.CyBleStackMgr_ResetLinkLayerTimerEntity
                0x000026d4       0x14
 i.CyBleStackMgr_ResetLinkLayerTimerEntity
                0x000026d4       0x14 ..\..\..\..\PSoC Creator\4.2\Downloads ( 4.2).cylib\BLE_v3_66\Library\gccCyBLEStack_BLE_SOC_PERIPHERAL.a(CyBleStackMgr_PSoCHal.o)
                0x000026d4                CyBleStackMgr_ResetLinkLayerTimerEntity

i.CyBleStackMgr_TimerStart
                0x000026e8       0x2c
 i.CyBleStackMgr_TimerStart
                0x000026e8       0x2c ..\..\..\..\PSoC Creator\4.2\Downloads ( 4.2).cylib\BLE_v3_66\Library\gccCyBLEStack_BLE_SOC_PERIPHERAL.a(CyBleStackMgr_PSoCHal.o)
                0x000026e8                CyBleStackMgr_TimerStart

i.CyBleStackMgr_TimerStop
                0x00002714       0x18
 i.CyBleStackMgr_TimerStop
                0x00002714       0x18 ..\..\..\..\PSoC Creator\4.2\Downloads ( 4.2).cylib\BLE_v3_66\Library\gccCyBLEStack_BLE_SOC_PERIPHERAL.a(CyBleStackMgr_PSoCHal.o)
                0x00002714                CyBleStackMgr_TimerStop

i.CyBleStackMgr_isTimerRunning
                0x0000272c       0x10
 i.CyBleStackMgr_isTimerRunning
                0x0000272c       0x10 ..\..\..\..\PSoC Creator\4.2\Downloads ( 4.2).cylib\BLE_v3_66\Library\gccCyBLEStack_BLE_SOC_PERIPHERAL.a(CyBleStackMgr_PSoCHal.o)
                0x0000272c                CyBleStackMgr_isTimerRunning

i.CyBleAtlantisRadioInit
                0x0000273c      0x168
 i.CyBleAtlantisRadioInit
                0x0000273c      0x168 ..\..\..\..\PSoC Creator\4.2\Downloads ( 4.2).cylib\BLE_v3_66\Library\gccCyBLEStack_BLE_SOC_PERIPHERAL.a(CyBleStackMgr_BleSSDriver.o)

i.CyBleStackMgr_BleSSFifoRead
                0x000028a4       0x38
 i.CyBleStackMgr_BleSSFifoRead
                0x000028a4       0x38 ..\..\..\..\PSoC Creator\4.2\Downloads ( 4.2).cylib\BLE_v3_66\Library\gccCyBLEStack_BLE_SOC_PERIPHERAL.a(CyBleStackMgr_BleSSDriver.o)
                0x000028a4                CyBleStackMgr_BleSSFifoRead

i.CyBleStackMgr_BleSSFifoWrite
                0x000028dc       0x30
 i.CyBleStackMgr_BleSSFifoWrite
                0x000028dc       0x30 ..\..\..\..\PSoC Creator\4.2\Downloads ( 4.2).cylib\BLE_v3_66\Library\gccCyBLEStack_BLE_SOC_PERIPHERAL.a(CyBleStackMgr_BleSSDriver.o)
                0x000028dc                CyBleStackMgr_BleSSFifoWrite

i.CyBleStackMgr_BleSSInit
                0x0000290c       0x50
 i.CyBleStackMgr_BleSSInit
                0x0000290c       0x50 ..\..\..\..\PSoC Creator\4.2\Downloads ( 4.2).cylib\BLE_v3_66\Library\gccCyBLEStack_BLE_SOC_PERIPHERAL.a(CyBleStackMgr_BleSSDriver.o)
                0x0000290c                CyBleStackMgr_BleSSInit

i.CyBleStackMgr_BleSSMemRead
                0x0000295c       0x32
 i.CyBleStackMgr_BleSSMemRead
                0x0000295c       0x32 ..\..\..\..\PSoC Creator\4.2\Downloads ( 4.2).cylib\BLE_v3_66\Library\gccCyBLEStack_BLE_SOC_PERIPHERAL.a(CyBleStackMgr_BleSSDriver.o)
                0x0000295c                CyBleStackMgr_BleSSMemRead

i.CyBleStackMgr_BleSSMemWrite
                0x00002990       0x34
 i.CyBleStackMgr_BleSSMemWrite
                0x00002990       0x34 ..\..\..\..\PSoC Creator\4.2\Downloads ( 4.2).cylib\BLE_v3_66\Library\gccCyBLEStack_BLE_SOC_PERIPHERAL.a(CyBleStackMgr_BleSSDriver.o)
                0x00002990                CyBleStackMgr_BleSSMemWrite

i.CyBleStackMgr_BleSSMemWriteFields
                0x000029c4       0x78
 i.CyBleStackMgr_BleSSMemWriteFields
                0x000029c4       0x78 ..\..\..\..\PSoC Creator\4.2\Downloads ( 4.2).cylib\BLE_v3_66\Library\gccCyBLEStack_BLE_SOC_PERIPHERAL.a(CyBleStackMgr_BleSSDriver.o)
                0x000029c4                CyBleStackMgr_BleSSMemWriteFields

i.CyBleStackMgr_BleSSRegRead
                0x00002a3c        0xc
 i.CyBleStackMgr_BleSSRegRead
                0x00002a3c        0xc ..\..\..\..\PSoC Creator\4.2\Downloads ( 4.2).cylib\BLE_v3_66\Library\gccCyBLEStack_BLE_SOC_PERIPHERAL.a(CyBleStackMgr_BleSSDriver.o)
                0x00002a3c                CyBleStackMgr_BleSSRegRead

i.CyBleStackMgr_BleSSReset
                0x00002a48       0x38
 i.CyBleStackMgr_BleSSReset
                0x00002a48       0x38 ..\..\..\..\PSoC Creator\4.2\Downloads ( 4.2).cylib\BLE_v3_66\Library\gccCyBLEStack_BLE_SOC_PERIPHERAL.a(CyBleStackMgr_BleSSDriver.o)
                0x00002a48                CyBleStackMgr_BleSSReset

i.CyBleStackMgr_GenericIface
                0x00002a80       0x3c
 i.CyBleStackMgr_GenericIface
                0x00002a80       0x3c ..\..\..\..\PSoC Creator\4.2\Downloads ( 4.2).cylib\BLE_v3_66\Library\gccCyBLEStack_BLE_SOC_PERIPHERAL.a(CyBleStackMgr_BleSSDriver.o)
                0x00002a80                CyBleStackMgr_GenericIface

i.CyBleStackMgr_HandleBleSSIntr
                0x00002abc       0xa0
 i.CyBleStackMgr_HandleBleSSIntr
                0x00002abc       0xa0 ..\..\..\..\PSoC Creator\4.2\Downloads ( 4.2).cylib\BLE_v3_66\Library\gccCyBLEStack_BLE_SOC_PERIPHERAL.a(CyBleStackMgr_BleSSDriver.o)
                0x00002abc                CyBleStackMgr_HandleBleSSIntr

i.CyBleStackMgr_SetClockParam
                0x00002b5c       0xb4
 i.CyBleStackMgr_SetClockParam
                0x00002b5c       0xb4 ..\..\..\..\PSoC Creator\4.2\Downloads ( 4.2).cylib\BLE_v3_66\Library\gccCyBLEStack_BLE_SOC_PERIPHERAL.a(CyBleStackMgr_BleSSDriver.o)

i.CyBle_ExitDsmMode
                0x00002c10       0x2c
 i.CyBle_ExitDsmMode
                0x00002c10       0x2c ..\..\..\..\PSoC Creator\4.2\Downloads ( 4.2).cylib\BLE_v3_66\Library\gccCyBLEStack_BLE_SOC_PERIPHERAL.a(CyBleStackMgr_BleSSDriver.o)
                0x00002c10                CyBle_ExitDsmMode

i.CyBle_GetBleSsOperationalMode
                0x00002c3c        0xc
 i.CyBle_GetBleSsOperationalMode
                0x00002c3c        0xc ..\..\..\..\PSoC Creator\4.2\Downloads ( 4.2).cylib\BLE_v3_66\Library\gccCyBLEStack_BLE_SOC_PERIPHERAL.a(CyBleStackMgr_BleSSDriver.o)
                0x00002c3c                CyBle_GetBleSsOperationalMode

i.CyBle_GetLpMode
                0x00002c48       0x26
 i.CyBle_GetLpMode
                0x00002c48       0x26 ..\..\..\..\PSoC Creator\4.2\Downloads ( 4.2).cylib\BLE_v3_66\Library\gccCyBLEStack_BLE_SOC_PERIPHERAL.a(CyBleStackMgr_BleSSDriver.o)
                0x00002c48                CyBle_GetLpMode

i.CyBle_GetTxGainMode
                0x00002c70       0x2c
 i.CyBle_GetTxGainMode
                0x00002c70       0x2c ..\..\..\..\PSoC Creator\4.2\Downloads ( 4.2).cylib\BLE_v3_66\Library\gccCyBLEStack_BLE_SOC_PERIPHERAL.a(CyBleStackMgr_BleSSDriver.o)
                0x00002c70                CyBle_GetTxGainMode

i.CyBle_SetBleSsOperationalMode
                0x00002c9c       0x20
 i.CyBle_SetBleSsOperationalMode
                0x00002c9c       0x20 ..\..\..\..\PSoC Creator\4.2\Downloads ( 4.2).cylib\BLE_v3_66\Library\gccCyBLEStack_BLE_SOC_PERIPHERAL.a(CyBleStackMgr_BleSSDriver.o)
                0x00002c9c                CyBle_SetBleSsOperationalMode

i.CyBle_SetEventCloseState
                0x00002cbc        0xc
 i.CyBle_SetEventCloseState
                0x00002cbc        0xc ..\..\..\..\PSoC Creator\4.2\Downloads ( 4.2).cylib\BLE_v3_66\Library\gccCyBLEStack_BLE_SOC_PERIPHERAL.a(CyBleStackMgr_BleSSDriver.o)
                0x00002cbc                CyBle_SetEventCloseState

i.CyBle_SetRxGainMode
                0x00002cc8       0x20
 i.CyBle_SetRxGainMode
                0x00002cc8       0x20 ..\..\..\..\PSoC Creator\4.2\Downloads ( 4.2).cylib\BLE_v3_66\Library\gccCyBLEStack_BLE_SOC_PERIPHERAL.a(CyBleStackMgr_BleSSDriver.o)
                0x00002cc8                CyBle_SetRxGainMode

i.CyBle_SetTxGainMode
                0x00002ce8       0x38
 i.CyBle_SetTxGainMode
                0x00002ce8       0x38 ..\..\..\..\PSoC Creator\4.2\Downloads ( 4.2).cylib\BLE_v3_66\Library\gccCyBLEStack_BLE_SOC_PERIPHERAL.a(CyBleStackMgr_BleSSDriver.o)
                0x00002ce8                CyBle_SetTxGainMode

i.pf_rf_get_abs_rssi
                0x00002d20       0x50
 i.pf_rf_get_abs_rssi
                0x00002d20       0x50 ..\..\..\..\PSoC Creator\4.2\Downloads ( 4.2).cylib\BLE_v3_66\Library\gccCyBLEStack_BLE_SOC_PERIPHERAL.a(CyBleStackMgr_BleSSDriver.o)
                0x00002d20                pf_rf_get_abs_rssi

i.BleStackFlashStorageInit
                0x00002d70       0x84
 i.BleStackFlashStorageInit
                0x00002d70       0x84 ..\..\..\..\PSoC Creator\4.2\Downloads ( 4.2).cylib\BLE_v3_66\Library\gccCyBLEStack_BLE_SOC_PERIPHERAL.a(storage_pl.o)
                0x00002d70                BleStackFlashStorageInit

i.BleStackIsFlashCorrupted
                0x00002df4       0x3c
 i.BleStackIsFlashCorrupted
                0x00002df4       0x3c ..\..\..\..\PSoC Creator\4.2\Downloads ( 4.2).cylib\BLE_v3_66\Library\gccCyBLEStack_BLE_SOC_PERIPHERAL.a(storage_pl.o)
                0x00002df4                BleStackIsFlashCorrupted

i.BleStackWriteToFlashPending
                0x00002e30       0x24
 i.BleStackWriteToFlashPending
                0x00002e30       0x24 ..\..\..\..\PSoC Creator\4.2\Downloads ( 4.2).cylib\BLE_v3_66\Library\gccCyBLEStack_BLE_SOC_PERIPHERAL.a(storage_pl.o)
                0x00002e30                BleStackWriteToFlashPending

i.BleStackWriteToFlashRam
                0x00002e54       0x7c
 i.BleStackWriteToFlashRam
                0x00002e54       0x7c ..\..\..\..\PSoC Creator\4.2\Downloads ( 4.2).cylib\BLE_v3_66\Library\gccCyBLEStack_BLE_SOC_PERIPHERAL.a(storage_pl.o)
                0x00002e54                BleStackWriteToFlashRam

i.calc_checksum
                0x00002ed0       0x1a
 i.calc_checksum
                0x00002ed0       0x1a ..\..\..\..\PSoC Creator\4.2\Downloads ( 4.2).cylib\BLE_v3_66\Library\gccCyBLEStack_BLE_SOC_PERIPHERAL.a(storage_pl.o)
                0x00002ed0                calc_checksum

i.storage_bt_init_pl
                0x00002eec       0x30
 i.storage_bt_init_pl
                0x00002eec       0x30 ..\..\..\..\PSoC Creator\4.2\Downloads ( 4.2).cylib\BLE_v3_66\Library\gccCyBLEStack_BLE_SOC_PERIPHERAL.a(storage_pl.o)
                0x00002eec                storage_bt_init_pl

i.storage_close_pl
                0x00002f1c        0x4
 i.storage_close_pl
                0x00002f1c        0x4 ..\..\..\..\PSoC Creator\4.2\Downloads ( 4.2).cylib\BLE_v3_66\Library\gccCyBLEStack_BLE_SOC_PERIPHERAL.a(storage_pl.o)
                0x00002f1c                storage_close_pl

i.storage_open_pl
                0x00002f20       0x1c
 i.storage_open_pl
                0x00002f20       0x1c ..\..\..\..\PSoC Creator\4.2\Downloads ( 4.2).cylib\BLE_v3_66\Library\gccCyBLEStack_BLE_SOC_PERIPHERAL.a(storage_pl.o)
                0x00002f20                storage_open_pl

i.storage_read_pl
                0x00002f3c       0x28
 i.storage_read_pl
                0x00002f3c       0x28 ..\..\..\..\PSoC Creator\4.2\Downloads ( 4.2).cylib\BLE_v3_66\Library\gccCyBLEStack_BLE_SOC_PERIPHERAL.a(storage_pl.o)
                0x00002f3c                storage_read_pl

i.storage_read_signature_pl
                0x00002f64       0x2c
 i.storage_read_signature_pl
                0x00002f64       0x2c ..\..\..\..\PSoC Creator\4.2\Downloads ( 4.2).cylib\BLE_v3_66\Library\gccCyBLEStack_BLE_SOC_PERIPHERAL.a(storage_pl.o)
                0x00002f64                storage_read_signature_pl

i.storage_register_flash_pointer
                0x00002f90       0x20
 i.storage_register_flash_pointer
                0x00002f90       0x20 ..\..\..\..\PSoC Creator\4.2\Downloads ( 4.2).cylib\BLE_v3_66\Library\gccCyBLEStack_BLE_SOC_PERIPHERAL.a(storage_pl.o)
                0x00002f90                storage_register_flash_pointer

i.storage_reset_storage_offset
                0x00002fb0       0x10
 i.storage_reset_storage_offset
                0x00002fb0       0x10 ..\..\..\..\PSoC Creator\4.2\Downloads ( 4.2).cylib\BLE_v3_66\Library\gccCyBLEStack_BLE_SOC_PERIPHERAL.a(storage_pl.o)

i.storage_write_pl
                0x00002fc0       0x24
 i.storage_write_pl
                0x00002fc0       0x24 ..\..\..\..\PSoC Creator\4.2\Downloads ( 4.2).cylib\BLE_v3_66\Library\gccCyBLEStack_BLE_SOC_PERIPHERAL.a(storage_pl.o)
                0x00002fc0                storage_write_pl

i.storage_write_signature_pl
                0x00002fe4       0x14
 i.storage_write_signature_pl
                0x00002fe4       0x14 ..\..\..\..\PSoC Creator\4.2\Downloads ( 4.2).cylib\BLE_v3_66\Library\gccCyBLEStack_BLE_SOC_PERIPHERAL.a(storage_pl.o)
                0x00002fe4                storage_write_signature_pl

i.OS_init       0x00002ff8       0x64
 i.OS_init      0x00002ff8       0x64 ..\..\..\..\PSoC Creator\4.2\Downloads ( 4.2).cylib\BLE_v3_66\Library\gccCyBLEStack_BLE_SOC_PERIPHERAL.a(mint_os.o)
                0x00002ff8                OS_init

i.mintos_malloc
                0x0000305c       0x34
 i.mintos_malloc
                0x0000305c       0x34 ..\..\..\..\PSoC Creator\4.2\Downloads ( 4.2).cylib\BLE_v3_66\Library\gccCyBLEStack_BLE_SOC_PERIPHERAL.a(mint_os.o)
                0x0000305c                mintos_malloc

i.OS_create_queue
                0x00003090       0x64
 i.OS_create_queue
                0x00003090       0x64 ..\..\..\..\PSoC Creator\4.2\Downloads ( 4.2).cylib\BLE_v3_66\Library\gccCyBLEStack_BLE_SOC_PERIPHERAL.a(mint_os_queue.o)
                0x00003090                OS_create_queue

i.OS_enqueue_item
                0x000030f4       0x8c
 i.OS_enqueue_item
                0x000030f4       0x8c ..\..\..\..\PSoC Creator\4.2\Downloads ( 4.2).cylib\BLE_v3_66\Library\gccCyBLEStack_BLE_SOC_PERIPHERAL.a(mint_os_queue.o)
                0x000030f4                OS_enqueue_item

i.OS_queue_get_num_of_items
                0x00003180       0x28
 i.OS_queue_get_num_of_items
                0x00003180       0x28 ..\..\..\..\PSoC Creator\4.2\Downloads ( 4.2).cylib\BLE_v3_66\Library\gccCyBLEStack_BLE_SOC_PERIPHERAL.a(mint_os_queue.o)
                0x00003180                OS_queue_get_num_of_items

i.OS_queue_mgmt_init
                0x000031a8       0x40
 i.OS_queue_mgmt_init
                0x000031a8       0x40 ..\..\..\..\PSoC Creator\4.2\Downloads ( 4.2).cylib\BLE_v3_66\Library\gccCyBLEStack_BLE_SOC_PERIPHERAL.a(mint_os_queue.o)
                0x000031a8                OS_queue_mgmt_init

i.OS_remove_item
                0x000031e8       0xa0
 i.OS_remove_item
                0x000031e8       0xa0 ..\..\..\..\PSoC Creator\4.2\Downloads ( 4.2).cylib\BLE_v3_66\Library\gccCyBLEStack_BLE_SOC_PERIPHERAL.a(mint_os_queue.o)
                0x000031e8                OS_remove_item

i.OS_create_task
                0x00003288       0x88
 i.OS_create_task
                0x00003288       0x88 ..\..\..\..\PSoC Creator\4.2\Downloads ( 4.2).cylib\BLE_v3_66\Library\gccCyBLEStack_BLE_SOC_PERIPHERAL.a(mint_os_task.o)
                0x00003288                OS_create_task

i.OS_isr_send_signal_to_task
                0x00003310        0xc
 i.OS_isr_send_signal_to_task
                0x00003310        0xc ..\..\..\..\PSoC Creator\4.2\Downloads ( 4.2).cylib\BLE_v3_66\Library\gccCyBLEStack_BLE_SOC_PERIPHERAL.a(mint_os_task.o)
                0x00003310                OS_isr_send_signal_to_task

i.OS_scheduler  0x0000331c       0x64
 i.OS_scheduler
                0x0000331c       0x64 ..\..\..\..\PSoC Creator\4.2\Downloads ( 4.2).cylib\BLE_v3_66\Library\gccCyBLEStack_BLE_SOC_PERIPHERAL.a(mint_os_task.o)
                0x0000331c                OS_scheduler

i.OS_send_signal_to_task
                0x00003380        0xc
 i.OS_send_signal_to_task
                0x00003380        0xc ..\..\..\..\PSoC Creator\4.2\Downloads ( 4.2).cylib\BLE_v3_66\Library\gccCyBLEStack_BLE_SOC_PERIPHERAL.a(mint_os_task.o)
                0x00003380                OS_send_signal_to_task

i.OS_send_signal_to_task_context
                0x0000338c       0x3c
 i.OS_send_signal_to_task_context
                0x0000338c       0x3c ..\..\..\..\PSoC Creator\4.2\Downloads ( 4.2).cylib\BLE_v3_66\Library\gccCyBLEStack_BLE_SOC_PERIPHERAL.a(mint_os_task.o)

i.OS_task_mgmt_init
                0x000033c8       0x50
 i.OS_task_mgmt_init
                0x000033c8       0x50 ..\..\..\..\PSoC Creator\4.2\Downloads ( 4.2).cylib\BLE_v3_66\Library\gccCyBLEStack_BLE_SOC_PERIPHERAL.a(mint_os_task.o)
                0x000033c8                OS_task_mgmt_init

i.mint_buf_mgmt_allocate_buffer
                0x00003418       0x4c
 i.mint_buf_mgmt_allocate_buffer
                0x00003418       0x4c ..\..\..\..\PSoC Creator\4.2\Downloads ( 4.2).cylib\BLE_v3_66\Library\gccCyBLEStack_BLE_SOC_PERIPHERAL.a(mint_buf_mgmt.o)
                0x00003418                mint_buf_mgmt_allocate_buffer

i.mint_buf_mgmt_create_pool
                0x00003464       0xd0
 i.mint_buf_mgmt_create_pool
                0x00003464       0xd0 ..\..\..\..\PSoC Creator\4.2\Downloads ( 4.2).cylib\BLE_v3_66\Library\gccCyBLEStack_BLE_SOC_PERIPHERAL.a(mint_buf_mgmt.o)
                0x00003464                mint_buf_mgmt_create_pool

i.mint_buf_mgmt_free_buffer
                0x00003534       0xa4
 i.mint_buf_mgmt_free_buffer
                0x00003534       0xa4 ..\..\..\..\PSoC Creator\4.2\Downloads ( 4.2).cylib\BLE_v3_66\Library\gccCyBLEStack_BLE_SOC_PERIPHERAL.a(mint_buf_mgmt.o)
                0x00003534                mint_buf_mgmt_free_buffer

i.mint_buf_mgmt_init
                0x000035d8       0x44
 i.mint_buf_mgmt_init
                0x000035d8       0x44 ..\..\..\..\PSoC Creator\4.2\Downloads ( 4.2).cylib\BLE_v3_66\Library\gccCyBLEStack_BLE_SOC_PERIPHERAL.a(mint_buf_mgmt.o)
                0x000035d8                mint_buf_mgmt_init

i.mint_buf_mgmt_malloc
                0x0000361c       0x28
 i.mint_buf_mgmt_malloc
                0x0000361c       0x28 ..\..\..\..\PSoC Creator\4.2\Downloads ( 4.2).cylib\BLE_v3_66\Library\gccCyBLEStack_BLE_SOC_PERIPHERAL.a(mint_buf_mgmt.o)
                0x0000361c                mint_buf_mgmt_malloc

i.mint_buf_mgmt_pl_init
                0x00003644       0x48
 i.mint_buf_mgmt_pl_init
                0x00003644       0x48 ..\..\..\..\PSoC Creator\4.2\Downloads ( 4.2).cylib\BLE_v3_66\Library\gccCyBLEStack_BLE_SOC_PERIPHERAL.a(mint_buf_mgmt.o)
                0x00003644                mint_buf_mgmt_pl_init

i.mint_buf_mgmt_reset_pool
                0x0000368c       0x70
 i.mint_buf_mgmt_reset_pool
                0x0000368c       0x70 ..\..\..\..\PSoC Creator\4.2\Downloads ( 4.2).cylib\BLE_v3_66\Library\gccCyBLEStack_BLE_SOC_PERIPHERAL.a(mint_buf_mgmt.o)
                0x0000368c                mint_buf_mgmt_reset_pool

i.mint_buf_mgmt_stack_init
                0x000036fc       0x24
 i.mint_buf_mgmt_stack_init
                0x000036fc       0x24 ..\..\..\..\PSoC Creator\4.2\Downloads ( 4.2).cylib\BLE_v3_66\Library\gccCyBLEStack_BLE_SOC_PERIPHERAL.a(mint_buf_mgmt.o)
                0x000036fc                mint_buf_mgmt_stack_init

i.mint_buf_mgmt_stack_pop
                0x00003720       0x36
 i.mint_buf_mgmt_stack_pop
                0x00003720       0x36 ..\..\..\..\PSoC Creator\4.2\Downloads ( 4.2).cylib\BLE_v3_66\Library\gccCyBLEStack_BLE_SOC_PERIPHERAL.a(mint_buf_mgmt.o)
                0x00003720                mint_buf_mgmt_stack_pop

i.mint_buf_mgmt_stack_push
                0x00003756       0x36
 i.mint_buf_mgmt_stack_push
                0x00003756       0x36 ..\..\..\..\PSoC Creator\4.2\Downloads ( 4.2).cylib\BLE_v3_66\Library\gccCyBLEStack_BLE_SOC_PERIPHERAL.a(mint_buf_mgmt.o)
                0x00003756                mint_buf_mgmt_stack_push

i.mint_buf_mgmt_stack_reset
                0x0000378c       0x1e
 i.mint_buf_mgmt_stack_reset
                0x0000378c       0x1e ..\..\..\..\PSoC Creator\4.2\Downloads ( 4.2).cylib\BLE_v3_66\Library\gccCyBLEStack_BLE_SOC_PERIPHERAL.a(mint_buf_mgmt.o)
                0x0000378c                mint_buf_mgmt_stack_reset

i.mint_buf_mgmt_stack_search_item
                0x000037aa       0x30
 i.mint_buf_mgmt_stack_search_item
                0x000037aa       0x30 ..\..\..\..\PSoC Creator\4.2\Downloads ( 4.2).cylib\BLE_v3_66\Library\gccCyBLEStack_BLE_SOC_PERIPHERAL.a(mint_buf_mgmt.o)
                0x000037aa                mint_buf_mgmt_stack_search_item

i.CyBleControllerIP_GetPingState
                0x000037dc        0xc
 i.CyBleControllerIP_GetPingState
                0x000037dc        0xc ..\..\..\..\PSoC Creator\4.2\Downloads ( 4.2).cylib\BLE_v3_66\Library\gccCyBLEStack_BLE_SOC_PERIPHERAL.a(CyBleControllerIP_Interface.o)
                0x000037dc                CyBleControllerIP_GetPingState

i.CyBleController_AddDeviceToWhiteList
                0x000037e8       0x48
 i.CyBleController_AddDeviceToWhiteList
                0x000037e8       0x48 ..\..\..\..\PSoC Creator\4.2\Downloads ( 4.2).cylib\BLE_v3_66\Library\gccCyBLEStack_BLE_SOC_PERIPHERAL.a(CyBleControllerIP_Interface.o)
                0x000037e8                CyBleController_AddDeviceToWhiteList

i.CyBleController_ExitLowPowerMode
                0x00003830       0x10
 i.CyBleController_ExitLowPowerMode
                0x00003830       0x10 ..\..\..\..\PSoC Creator\4.2\Downloads ( 4.2).cylib\BLE_v3_66\Library\gccCyBLEStack_BLE_SOC_PERIPHERAL.a(CyBleControllerIP_Interface.o)
                0x00003830                CyBleController_ExitLowPowerMode

i.CyBleController_GetDeviceAddress
                0x00003840       0x22
 i.CyBleController_GetDeviceAddress
                0x00003840       0x22 ..\..\..\..\PSoC Creator\4.2\Downloads ( 4.2).cylib\BLE_v3_66\Library\gccCyBLEStack_BLE_SOC_PERIPHERAL.a(CyBleControllerIP_Interface.o)
                0x00003840                CyBleController_GetDeviceAddress

i.CyBleController_GetDleHeapMemory
                0x00003862       0x10
 i.CyBleController_GetDleHeapMemory
                0x00003862       0x10 ..\..\..\..\PSoC Creator\4.2\Downloads ( 4.2).cylib\BLE_v3_66\Library\gccCyBLEStack_BLE_SOC_PERIPHERAL.a(CyBleControllerIP_Interface.o)
                0x00003862                CyBleController_GetDleHeapMemory

i.CyBleController_GetPrivacyHeapMemory
                0x00003874       0x1c
 i.CyBleController_GetPrivacyHeapMemory
                0x00003874       0x1c ..\..\..\..\PSoC Creator\4.2\Downloads ( 4.2).cylib\BLE_v3_66\Library\gccCyBLEStack_BLE_SOC_PERIPHERAL.a(CyBleControllerIP_Interface.o)
                0x00003874                CyBleController_GetPrivacyHeapMemory

i.CyBleController_Init
                0x00003890       0x40
 i.CyBleController_Init
                0x00003890       0x40 ..\..\..\..\PSoC Creator\4.2\Downloads ( 4.2).cylib\BLE_v3_66\Library\gccCyBLEStack_BLE_SOC_PERIPHERAL.a(CyBleControllerIP_Interface.o)
                0x00003890                CyBleController_Init

i.CyBleController_SetDeviceAddress
                0x000038d0       0x2e
 i.CyBleController_SetDeviceAddress
                0x000038d0       0x2e ..\..\..\..\PSoC Creator\4.2\Downloads ( 4.2).cylib\BLE_v3_66\Library\gccCyBLEStack_BLE_SOC_PERIPHERAL.a(CyBleControllerIP_Interface.o)
                0x000038d0                CyBleController_SetDeviceAddress

i.CyBleController_SetDleParams
                0x00003900       0x1c
 i.CyBleController_SetDleParams
                0x00003900       0x1c ..\..\..\..\PSoC Creator\4.2\Downloads ( 4.2).cylib\BLE_v3_66\Library\gccCyBLEStack_BLE_SOC_PERIPHERAL.a(CyBleControllerIP_Interface.o)
                0x00003900                CyBleController_SetDleParams

i.CyBleController_SetLePrivacyParams
                0x0000391c       0x18
 i.CyBleController_SetLePrivacyParams
                0x0000391c       0x18 ..\..\..\..\PSoC Creator\4.2\Downloads ( 4.2).cylib\BLE_v3_66\Library\gccCyBLEStack_BLE_SOC_PERIPHERAL.a(CyBleControllerIP_Interface.o)
                0x0000391c                CyBleController_SetLePrivacyParams

i.CyBle_GetFirmwareProgrammedDSM
                0x00003934        0xc
 i.CyBle_GetFirmwareProgrammedDSM
                0x00003934        0xc ..\..\..\..\PSoC Creator\4.2\Downloads ( 4.2).cylib\BLE_v3_66\Library\gccCyBLEStack_BLE_SOC_PERIPHERAL.a(CyBleControllerIP_Interface.o)
                0x00003934                CyBle_GetFirmwareProgrammedDSM

i.CyBle_GetTxPowerLevel
                0x00003940       0x54
 i.CyBle_GetTxPowerLevel
                0x00003940       0x54 ..\..\..\..\PSoC Creator\4.2\Downloads ( 4.2).cylib\BLE_v3_66\Library\gccCyBLEStack_BLE_SOC_PERIPHERAL.a(CyBleControllerIP_Interface.o)
                0x00003940                CyBle_GetTxPowerLevel

i.CyBle_SendBlessEvtoAPP
                0x00003994        0xc
 i.CyBle_SendBlessEvtoAPP
                0x00003994        0xc ..\..\..\..\PSoC Creator\4.2\Downloads ( 4.2).cylib\BLE_v3_66\Library\gccCyBLEStack_BLE_SOC_PERIPHERAL.a(CyBleControllerIP_Interface.o)
                0x00003994                CyBle_SendBlessEvtoAPP

i.CyBle_SendEventToApp
                0x000039a0       0x38
 i.CyBle_SendEventToApp
                0x000039a0       0x38 ..\..\..\..\PSoC Creator\4.2\Downloads ( 4.2).cylib\BLE_v3_66\Library\gccCyBLEStack_BLE_SOC_PERIPHERAL.a(CyBleControllerIP_Interface.o)
                0x000039a0                CyBle_SendEventToApp

i.CyBle_SetFirmwareProgrammedDSM
                0x000039d8        0xc
 i.CyBle_SetFirmwareProgrammedDSM
                0x000039d8        0xc ..\..\..\..\PSoC Creator\4.2\Downloads ( 4.2).cylib\BLE_v3_66\Library\gccCyBLEStack_BLE_SOC_PERIPHERAL.a(CyBleControllerIP_Interface.o)
                0x000039d8                CyBle_SetFirmwareProgrammedDSM

i.CyBle_SetTxPowerLevel
                0x000039e4       0x88
 i.CyBle_SetTxPowerLevel
                0x000039e4       0x88 ..\..\..\..\PSoC Creator\4.2\Downloads ( 4.2).cylib\BLE_v3_66\Library\gccCyBLEStack_BLE_SOC_PERIPHERAL.a(CyBleControllerIP_Interface.o)
                0x000039e4                CyBle_SetTxPowerLevel

i.ll_check_and_mark_packet_ready_for_transmission
                0x00003a6c       0x44
 i.ll_check_and_mark_packet_ready_for_transmission
                0x00003a6c       0x44 ..\..\..\..\PSoC Creator\4.2\Downloads ( 4.2).cylib\BLE_v3_66\Library\gccCyBLEStack_BLE_SOC_PERIPHERAL.a(ll.o)
                0x00003a6c                ll_check_and_mark_packet_ready_for_transmission

i.ll_cleanup_pending_data_pdu
                0x00003ab0       0x44
 i.ll_cleanup_pending_data_pdu
                0x00003ab0       0x44 ..\..\..\..\PSoC Creator\4.2\Downloads ( 4.2).cylib\BLE_v3_66\Library\gccCyBLEStack_BLE_SOC_PERIPHERAL.a(ll.o)
                0x00003ab0                ll_cleanup_pending_data_pdu

i.ll_exit_low_power_mode
                0x00003af4       0x84
 i.ll_exit_low_power_mode
                0x00003af4       0x84 ..\..\..\..\PSoC Creator\4.2\Downloads ( 4.2).cylib\BLE_v3_66\Library\gccCyBLEStack_BLE_SOC_PERIPHERAL.a(ll.o)
                0x00003af4                ll_exit_low_power_mode

i.ll_get_ack_status
                0x00003b78       0x44
 i.ll_get_ack_status
                0x00003b78       0x44 ..\..\..\..\PSoC Creator\4.2\Downloads ( 4.2).cylib\BLE_v3_66\Library\gccCyBLEStack_BLE_SOC_PERIPHERAL.a(ll.o)
                0x00003b78                ll_get_ack_status

i.ll_get_adv_ch_tx_power
                0x00003bbc       0x20
 i.ll_get_adv_ch_tx_power
                0x00003bbc       0x20 ..\..\..\..\PSoC Creator\4.2\Downloads ( 4.2).cylib\BLE_v3_66\Library\gccCyBLEStack_BLE_SOC_PERIPHERAL.a(ll.o)
                0x00003bbc                ll_get_adv_ch_tx_power

i.ll_get_data_channel_map
                0x00003bdc       0x28
 i.ll_get_data_channel_map
                0x00003bdc       0x28 ..\..\..\..\PSoC Creator\4.2\Downloads ( 4.2).cylib\BLE_v3_66\Library\gccCyBLEStack_BLE_SOC_PERIPHERAL.a(ll.o)
                0x00003bdc                ll_get_data_channel_map

i.ll_get_max_white_list_size
                0x00003c04        0xc
 i.ll_get_max_white_list_size
                0x00003c04        0xc ..\..\..\..\PSoC Creator\4.2\Downloads ( 4.2).cylib\BLE_v3_66\Library\gccCyBLEStack_BLE_SOC_PERIPHERAL.a(ll.o)
                0x00003c04                ll_get_max_white_list_size

i.ll_get_my_role
                0x00003c10        0xc
 i.ll_get_my_role
                0x00003c10        0xc ..\..\..\..\PSoC Creator\4.2\Downloads ( 4.2).cylib\BLE_v3_66\Library\gccCyBLEStack_BLE_SOC_PERIPHERAL.a(ll.o)
                0x00003c10                ll_get_my_role

i.ll_get_next_available_fifo_for_data_pdu
                0x00003c1c        0x8
 i.ll_get_next_available_fifo_for_data_pdu
                0x00003c1c        0x8 ..\..\..\..\PSoC Creator\4.2\Downloads ( 4.2).cylib\BLE_v3_66\Library\gccCyBLEStack_BLE_SOC_PERIPHERAL.a(ll.o)
                0x00003c1c                ll_get_next_available_fifo_for_data_pdu

i.ll_get_next_available_fifo_for_ll_pdu
                0x00003c24       0x2c
 i.ll_get_next_available_fifo_for_ll_pdu
                0x00003c24       0x2c ..\..\..\..\PSoC Creator\4.2\Downloads ( 4.2).cylib\BLE_v3_66\Library\gccCyBLEStack_BLE_SOC_PERIPHERAL.a(ll.o)
                0x00003c24                ll_get_next_available_fifo_for_ll_pdu

i.ll_get_rssi_value
                0x00003c50       0x26
 i.ll_get_rssi_value
                0x00003c50       0x26 ..\..\..\..\PSoC Creator\4.2\Downloads ( 4.2).cylib\BLE_v3_66\Library\gccCyBLEStack_BLE_SOC_PERIPHERAL.a(ll.o)
                0x00003c50                ll_get_rssi_value

i.ll_get_transmit_power_level
                0x00003c78       0x2c
 i.ll_get_transmit_power_level
                0x00003c78       0x2c ..\..\..\..\PSoC Creator\4.2\Downloads ( 4.2).cylib\BLE_v3_66\Library\gccCyBLEStack_BLE_SOC_PERIPHERAL.a(ll.o)
                0x00003c78                ll_get_transmit_power_level

i.ll_handle_ack_received
                0x00003ca4       0x74
 i.ll_handle_ack_received
                0x00003ca4       0x74 ..\..\..\..\PSoC Creator\4.2\Downloads ( 4.2).cylib\BLE_v3_66\Library\gccCyBLEStack_BLE_SOC_PERIPHERAL.a(ll.o)
                0x00003ca4                ll_handle_ack_received

i.ll_handle_add_device_in_whitelist
                0x00003d18       0x50
 i.ll_handle_add_device_in_whitelist
                0x00003d18       0x50 ..\..\..\..\PSoC Creator\4.2\Downloads ( 4.2).cylib\BLE_v3_66\Library\gccCyBLEStack_BLE_SOC_PERIPHERAL.a(ll.o)
                0x00003d18                ll_handle_add_device_in_whitelist

i.ll_handle_clear_whitelist
                0x00003d68       0x24
 i.ll_handle_clear_whitelist
                0x00003d68       0x24 ..\..\..\..\PSoC Creator\4.2\Downloads ( 4.2).cylib\BLE_v3_66\Library\gccCyBLEStack_BLE_SOC_PERIPHERAL.a(ll.o)
                0x00003d68                ll_handle_clear_whitelist

i.ll_handle_encrypt_host_data
                0x00003d8c       0x36
 i.ll_handle_encrypt_host_data
                0x00003d8c       0x36 ..\..\..\..\PSoC Creator\4.2\Downloads ( 4.2).cylib\BLE_v3_66\Library\gccCyBLEStack_BLE_SOC_PERIPHERAL.a(ll.o)
                0x00003d8c                ll_handle_encrypt_host_data

i.ll_handle_host_data_packet
                0x00003dc4       0x68
 i.ll_handle_host_data_packet
                0x00003dc4       0x68 ..\..\..\..\PSoC Creator\4.2\Downloads ( 4.2).cylib\BLE_v3_66\Library\gccCyBLEStack_BLE_SOC_PERIPHERAL.a(ll.o)
                0x00003dc4                ll_handle_host_data_packet

i.ll_handle_read_host_channel_map
                0x00003e2c        0x4
 i.ll_handle_read_host_channel_map
                0x00003e2c        0x4 ..\..\..\..\PSoC Creator\4.2\Downloads ( 4.2).cylib\BLE_v3_66\Library\gccCyBLEStack_BLE_SOC_PERIPHERAL.a(ll.o)
                0x00003e2c                ll_handle_read_host_channel_map

i.ll_handle_remove_device_in_whitelist
                0x00003e30       0x38
 i.ll_handle_remove_device_in_whitelist
                0x00003e30       0x38 ..\..\..\..\PSoC Creator\4.2\Downloads ( 4.2).cylib\BLE_v3_66\Library\gccCyBLEStack_BLE_SOC_PERIPHERAL.a(ll.o)
                0x00003e30                ll_handle_remove_device_in_whitelist

i.ll_handle_reset
                0x00003e68        0xe
 i.ll_handle_reset
                0x00003e68        0xe ..\..\..\..\PSoC Creator\4.2\Downloads ( 4.2).cylib\BLE_v3_66\Library\gccCyBLEStack_BLE_SOC_PERIPHERAL.a(ll.o)
                0x00003e68                ll_handle_reset

i.ll_handle_set_random_address
                0x00003e76       0x36
 i.ll_handle_set_random_address
                0x00003e76       0x36 ..\..\..\..\PSoC Creator\4.2\Downloads ( 4.2).cylib\BLE_v3_66\Library\gccCyBLEStack_BLE_SOC_PERIPHERAL.a(ll.o)
                0x00003e76                ll_handle_set_random_address

i.ll_init       0x00003eac       0x20
 i.ll_init      0x00003eac       0x20 ..\..\..\..\PSoC Creator\4.2\Downloads ( 4.2).cylib\BLE_v3_66\Library\gccCyBLEStack_BLE_SOC_PERIPHERAL.a(ll.o)
                0x00003eac                ll_init

i.ll_initialize_device_attributes
                0x00003ecc       0xc0
 i.ll_initialize_device_attributes
                0x00003ecc       0xc0 ..\..\..\..\PSoC Creator\4.2\Downloads ( 4.2).cylib\BLE_v3_66\Library\gccCyBLEStack_BLE_SOC_PERIPHERAL.a(ll.o)
                0x00003ecc                ll_initialize_device_attributes

i.ll_is_pkt_pending
                0x00003f8c       0x2a
 i.ll_is_pkt_pending
                0x00003f8c       0x2a ..\..\..\..\PSoC Creator\4.2\Downloads ( 4.2).cylib\BLE_v3_66\Library\gccCyBLEStack_BLE_SOC_PERIPHERAL.a(ll.o)
                0x00003f8c                ll_is_pkt_pending

i.ll_is_sent_pkt_pending
                0x00003fb6       0x1a
 i.ll_is_sent_pkt_pending
                0x00003fb6       0x1a ..\..\..\..\PSoC Creator\4.2\Downloads ( 4.2).cylib\BLE_v3_66\Library\gccCyBLEStack_BLE_SOC_PERIPHERAL.a(ll.o)
                0x00003fb6                ll_is_sent_pkt_pending

i.ll_isr_exit_low_power_mode
                0x00003fd0       0x16
 i.ll_isr_exit_low_power_mode
                0x00003fd0       0x16 ..\..\..\..\PSoC Creator\4.2\Downloads ( 4.2).cylib\BLE_v3_66\Library\gccCyBLEStack_BLE_SOC_PERIPHERAL.a(ll.o)
                0x00003fd0                ll_isr_exit_low_power_mode

i.ll_load_host_data_packet
                0x00003fe6       0x3c
 i.ll_load_host_data_packet
                0x00003fe6       0x3c ..\..\..\..\PSoC Creator\4.2\Downloads ( 4.2).cylib\BLE_v3_66\Library\gccCyBLEStack_BLE_SOC_PERIPHERAL.a(ll.o)
                0x00003fe6                ll_load_host_data_packet

i.ll_load_packet_to_fifo
                0x00004024       0xc0
 i.ll_load_packet_to_fifo
                0x00004024       0xc0 ..\..\..\..\PSoC Creator\4.2\Downloads ( 4.2).cylib\BLE_v3_66\Library\gccCyBLEStack_BLE_SOC_PERIPHERAL.a(ll.o)
                0x00004024                ll_load_packet_to_fifo

i.ll_process_acks
                0x000040e4       0x60
 i.ll_process_acks
                0x000040e4       0x60 ..\..\..\..\PSoC Creator\4.2\Downloads ( 4.2).cylib\BLE_v3_66\Library\gccCyBLEStack_BLE_SOC_PERIPHERAL.a(ll.o)
                0x000040e4                ll_process_acks

i.ll_reset      0x00004144       0x14
 i.ll_reset     0x00004144       0x14 ..\..\..\..\PSoC Creator\4.2\Downloads ( 4.2).cylib\BLE_v3_66\Library\gccCyBLEStack_BLE_SOC_PERIPHERAL.a(ll.o)
                0x00004144                ll_reset

i.ll_update_active_features
                0x00004158       0x58
 i.ll_update_active_features
                0x00004158       0x58 ..\..\..\..\PSoC Creator\4.2\Downloads ( 4.2).cylib\BLE_v3_66\Library\gccCyBLEStack_BLE_SOC_PERIPHERAL.a(ll.o)
                0x00004158                ll_update_active_features

i.ll_update_device_fsm
                0x000041b0        0x8
 i.ll_update_device_fsm
                0x000041b0        0x8 ..\..\..\..\PSoC Creator\4.2\Downloads ( 4.2).cylib\BLE_v3_66\Library\gccCyBLEStack_BLE_SOC_PERIPHERAL.a(ll.o)
                0x000041b0                ll_update_device_fsm

i.ll_validate_add_device_to_whitelist_params
                0x000041b8       0x14
 i.ll_validate_add_device_to_whitelist_params
                0x000041b8       0x14 ..\..\..\..\PSoC Creator\4.2\Downloads ( 4.2).cylib\BLE_v3_66\Library\gccCyBLEStack_BLE_SOC_PERIPHERAL.a(ll.o)
                0x000041b8                ll_validate_add_device_to_whitelist_params

i.ll_validate_bd_addr
                0x000041cc       0x1a
 i.ll_validate_bd_addr
                0x000041cc       0x1a ..\..\..\..\PSoC Creator\4.2\Downloads ( 4.2).cylib\BLE_v3_66\Library\gccCyBLEStack_BLE_SOC_PERIPHERAL.a(ll.o)
                0x000041cc                ll_validate_bd_addr

i.ll_validate_host_data_param_and_state
                0x000041e8       0x7c
 i.ll_validate_host_data_param_and_state
                0x000041e8       0x7c ..\..\..\..\PSoC Creator\4.2\Downloads ( 4.2).cylib\BLE_v3_66\Library\gccCyBLEStack_BLE_SOC_PERIPHERAL.a(ll.o)

i.ll_wait_to_exit_dsm
                0x00004264       0x2c
 i.ll_wait_to_exit_dsm
                0x00004264       0x2c ..\..\..\..\PSoC Creator\4.2\Downloads ( 4.2).cylib\BLE_v3_66\Library\gccCyBLEStack_BLE_SOC_PERIPHERAL.a(ll.o)

i.pf_le_start_timer
                0x00004290       0x16
 i.pf_le_start_timer
                0x00004290       0x16 ..\..\..\..\PSoC Creator\4.2\Downloads ( 4.2).cylib\BLE_v3_66\Library\gccCyBLEStack_BLE_SOC_PERIPHERAL.a(ll.o)
                0x00004290                pf_le_start_timer

i.pf_le_stop_timer
                0x000042a6       0x12
 i.pf_le_stop_timer
                0x000042a6       0x12 ..\..\..\..\PSoC Creator\4.2\Downloads ( 4.2).cylib\BLE_v3_66\Library\gccCyBLEStack_BLE_SOC_PERIPHERAL.a(ll.o)
                0x000042a6                pf_le_stop_timer

i.CyBleControllerIP_TuneAdvEventInterPktSlots
                0x000042b8       0x3c
 i.CyBleControllerIP_TuneAdvEventInterPktSlots
                0x000042b8       0x3c ..\..\..\..\PSoC Creator\4.2\Downloads ( 4.2).cylib\BLE_v3_66\Library\gccCyBLEStack_BLE_SOC_PERIPHERAL.a(ll_advertiser.o)
                0x000042b8                CyBleControllerIP_TuneAdvEventInterPktSlots

i.ll_adv_is_configured_connection_adv
                0x000042f4       0x1e
 i.ll_adv_is_configured_connection_adv
                0x000042f4       0x1e ..\..\..\..\PSoC Creator\4.2\Downloads ( 4.2).cylib\BLE_v3_66\Library\gccCyBLEStack_BLE_SOC_PERIPHERAL.a(ll_advertiser.o)
                0x000042f4                ll_adv_is_configured_connection_adv

i.ll_check_random_address_in_use_by_advertiser
                0x00004312       0x10
 i.ll_check_random_address_in_use_by_advertiser
                0x00004312       0x10 ..\..\..\..\PSoC Creator\4.2\Downloads ( 4.2).cylib\BLE_v3_66\Library\gccCyBLEStack_BLE_SOC_PERIPHERAL.a(ll_advertiser.o)
                0x00004312                ll_check_random_address_in_use_by_advertiser

i.ll_check_whitelist_in_use_by_advertiser
                0x00004322       0x10
 i.ll_check_whitelist_in_use_by_advertiser
                0x00004322       0x10 ..\..\..\..\PSoC Creator\4.2\Downloads ( 4.2).cylib\BLE_v3_66\Library\gccCyBLEStack_BLE_SOC_PERIPHERAL.a(ll_advertiser.o)
                0x00004322                ll_check_whitelist_in_use_by_advertiser

i.ll_get_adv_data
                0x00004334        0xc
 i.ll_get_adv_data
                0x00004334        0xc ..\..\..\..\PSoC Creator\4.2\Downloads ( 4.2).cylib\BLE_v3_66\Library\gccCyBLEStack_BLE_SOC_PERIPHERAL.a(ll_advertiser.o)
                0x00004334                ll_get_adv_data

i.ll_get_adv_status
                0x00004340        0xc
 i.ll_get_adv_status
                0x00004340        0xc ..\..\..\..\PSoC Creator\4.2\Downloads ( 4.2).cylib\BLE_v3_66\Library\gccCyBLEStack_BLE_SOC_PERIPHERAL.a(ll_advertiser.o)
                0x00004340                ll_get_adv_status

i.ll_get_adv_type
                0x0000434c       0x18
 i.ll_get_adv_type
                0x0000434c       0x18 ..\..\..\..\PSoC Creator\4.2\Downloads ( 4.2).cylib\BLE_v3_66\Library\gccCyBLEStack_BLE_SOC_PERIPHERAL.a(ll_advertiser.o)
                0x0000434c                ll_get_adv_type

i.ll_get_scan_rsp_data
                0x00004364        0xc
 i.ll_get_scan_rsp_data
                0x00004364        0xc ..\..\..\..\PSoC Creator\4.2\Downloads ( 4.2).cylib\BLE_v3_66\Library\gccCyBLEStack_BLE_SOC_PERIPHERAL.a(ll_advertiser.o)
                0x00004364                ll_get_scan_rsp_data

i.ll_handle_adv_intr
                0x00004370       0x70
 i.ll_handle_adv_intr
                0x00004370       0x70 ..\..\..\..\PSoC Creator\4.2\Downloads ( 4.2).cylib\BLE_v3_66\Library\gccCyBLEStack_BLE_SOC_PERIPHERAL.a(ll_advertiser.o)
                0x00004370                ll_handle_adv_intr

i.ll_handle_set_adv_data
                0x000043e0       0x38
 i.ll_handle_set_adv_data
                0x000043e0       0x38 ..\..\..\..\PSoC Creator\4.2\Downloads ( 4.2).cylib\BLE_v3_66\Library\gccCyBLEStack_BLE_SOC_PERIPHERAL.a(ll_advertiser.o)
                0x000043e0                ll_handle_set_adv_data

i.ll_handle_set_adv_parameters
                0x00004418       0xa4
 i.ll_handle_set_adv_parameters
                0x00004418       0xa4 ..\..\..\..\PSoC Creator\4.2\Downloads ( 4.2).cylib\BLE_v3_66\Library\gccCyBLEStack_BLE_SOC_PERIPHERAL.a(ll_advertiser.o)
                0x00004418                ll_handle_set_adv_parameters

i.ll_handle_set_advertise_enable
                0x000044bc       0x6a
 i.ll_handle_set_advertise_enable
                0x000044bc       0x6a ..\..\..\..\PSoC Creator\4.2\Downloads ( 4.2).cylib\BLE_v3_66\Library\gccCyBLEStack_BLE_SOC_PERIPHERAL.a(ll_advertiser.o)
                0x000044bc                ll_handle_set_advertise_enable

i.ll_handle_set_scan_resp_data
                0x00004528       0x38
 i.ll_handle_set_scan_resp_data
                0x00004528       0x38 ..\..\..\..\PSoC Creator\4.2\Downloads ( 4.2).cylib\BLE_v3_66\Library\gccCyBLEStack_BLE_SOC_PERIPHERAL.a(ll_advertiser.o)
                0x00004528                ll_handle_set_scan_resp_data

i.ll_init_advertiser
                0x00004560       0x70
 i.ll_init_advertiser
                0x00004560       0x70 ..\..\..\..\PSoC Creator\4.2\Downloads ( 4.2).cylib\BLE_v3_66\Library\gccCyBLEStack_BLE_SOC_PERIPHERAL.a(ll_advertiser.o)
                0x00004560                ll_init_advertiser

i.ll_update_adv_data
                0x000045d0       0x44
 i.ll_update_adv_data
                0x000045d0       0x44 ..\..\..\..\PSoC Creator\4.2\Downloads ( 4.2).cylib\BLE_v3_66\Library\gccCyBLEStack_BLE_SOC_PERIPHERAL.a(ll_advertiser.o)
                0x000045d0                ll_update_adv_data

i.ll_update_scan_rsp_data
                0x00004614       0x44
 i.ll_update_scan_rsp_data
                0x00004614       0x44 ..\..\..\..\PSoC Creator\4.2\Downloads ( 4.2).cylib\BLE_v3_66\Library\gccCyBLEStack_BLE_SOC_PERIPHERAL.a(ll_advertiser.o)
                0x00004614                ll_update_scan_rsp_data

i.is_le_connection_handle
                0x00004658       0x28
 i.is_le_connection_handle
                0x00004658       0x28 ..\..\..\..\PSoC Creator\4.2\Downloads ( 4.2).cylib\BLE_v3_66\Library\gccCyBLEStack_BLE_SOC_PERIPHERAL.a(ll_connection.o)
                0x00004658                is_le_connection_handle

i.le_assign_connection_handle
                0x00004680       0x28
 i.le_assign_connection_handle
                0x00004680       0x28 ..\..\..\..\PSoC Creator\4.2\Downloads ( 4.2).cylib\BLE_v3_66\Library\gccCyBLEStack_BLE_SOC_PERIPHERAL.a(ll_connection.o)
                0x00004680                le_assign_connection_handle

i.le_get_connection_index
                0x000046a8        0x6
 i.le_get_connection_index
                0x000046a8        0x6 ..\..\..\..\PSoC Creator\4.2\Downloads ( 4.2).cylib\BLE_v3_66\Library\gccCyBLEStack_BLE_SOC_PERIPHERAL.a(ll_connection.o)
                0x000046a8                le_get_connection_index

i.ll_allocate_connection
                0x000046b0       0x44
 i.ll_allocate_connection
                0x000046b0       0x44 ..\..\..\..\PSoC Creator\4.2\Downloads ( 4.2).cylib\BLE_v3_66\Library\gccCyBLEStack_BLE_SOC_PERIPHERAL.a(ll_connection.o)
                0x000046b0                ll_allocate_connection

i.ll_calculate_and_program_def_win_widen_drift
                0x000046f4       0x14
 i.ll_calculate_and_program_def_win_widen_drift
                0x000046f4       0x14 ..\..\..\..\PSoC Creator\4.2\Downloads ( 4.2).cylib\BLE_v3_66\Library\gccCyBLEStack_BLE_SOC_PERIPHERAL.a(ll_connection.o)
                0x000046f4                ll_calculate_and_program_def_win_widen_drift

i.ll_calculate_drift
                0x00004708       0x2c
 i.ll_calculate_drift
                0x00004708       0x2c ..\..\..\..\PSoC Creator\4.2\Downloads ( 4.2).cylib\BLE_v3_66\Library\gccCyBLEStack_BLE_SOC_PERIPHERAL.a(ll_connection.o)
                0x00004708                ll_calculate_drift

i.ll_check_and_decrypt_ll_pdu
                0x00004734       0x70
 i.ll_check_and_decrypt_ll_pdu
                0x00004734       0x70 ..\..\..\..\PSoC Creator\4.2\Downloads ( 4.2).cylib\BLE_v3_66\Library\gccCyBLEStack_BLE_SOC_PERIPHERAL.a(ll_connection.o)
                0x00004734                ll_check_and_decrypt_ll_pdu

i.ll_check_and_decrypt_packet
                0x000047a4       0x6a
 i.ll_check_and_decrypt_packet
                0x000047a4       0x6a ..\..\..\..\PSoC Creator\4.2\Downloads ( 4.2).cylib\BLE_v3_66\Library\gccCyBLEStack_BLE_SOC_PERIPHERAL.a(ll_connection.o)
                0x000047a4                ll_check_and_decrypt_packet

i.ll_check_and_encrypt_ll_pdu
                0x0000480e       0x7c
 i.ll_check_and_encrypt_ll_pdu
                0x0000480e       0x7c ..\..\..\..\PSoC Creator\4.2\Downloads ( 4.2).cylib\BLE_v3_66\Library\gccCyBLEStack_BLE_SOC_PERIPHERAL.a(ll_connection.o)
                0x0000480e                ll_check_and_encrypt_ll_pdu

i.ll_check_and_encrypt_packet
                0x0000488a       0x82
 i.ll_check_and_encrypt_packet
                0x0000488a       0x82 ..\..\..\..\PSoC Creator\4.2\Downloads ( 4.2).cylib\BLE_v3_66\Library\gccCyBLEStack_BLE_SOC_PERIPHERAL.a(ll_connection.o)
                0x0000488a                ll_check_and_encrypt_packet

i.ll_check_for_allowing_incoming_connection_update
                0x0000490c       0x88
 i.ll_check_for_allowing_incoming_connection_update
                0x0000490c       0x88 ..\..\..\..\PSoC Creator\4.2\Downloads ( 4.2).cylib\BLE_v3_66\Library\gccCyBLEStack_BLE_SOC_PERIPHERAL.a(ll_connection.o)
                0x0000490c                ll_check_for_allowing_incoming_connection_update

i.ll_check_if_pdu_is_loaded_to_hardware
                0x00004994       0x1c
 i.ll_check_if_pdu_is_loaded_to_hardware
                0x00004994       0x1c ..\..\..\..\PSoC Creator\4.2\Downloads ( 4.2).cylib\BLE_v3_66\Library\gccCyBLEStack_BLE_SOC_PERIPHERAL.a(ll_connection.o)
                0x00004994                ll_check_if_pdu_is_loaded_to_hardware

i.ll_check_random_address_in_use_by_initiator
                0x000049b0       0x30
 i.ll_check_random_address_in_use_by_initiator
                0x000049b0       0x30 ..\..\..\..\PSoC Creator\4.2\Downloads ( 4.2).cylib\BLE_v3_66\Library\gccCyBLEStack_BLE_SOC_PERIPHERAL.a(ll_connection.o)
                0x000049b0                ll_check_random_address_in_use_by_initiator

i.ll_check_white_list_in_use_by_initiator
                0x000049e0       0x30
 i.ll_check_white_list_in_use_by_initiator
                0x000049e0       0x30 ..\..\..\..\PSoC Creator\4.2\Downloads ( 4.2).cylib\BLE_v3_66\Library\gccCyBLEStack_BLE_SOC_PERIPHERAL.a(ll_connection.o)
                0x000049e0                ll_check_white_list_in_use_by_initiator

i.ll_conn_free_enc_txn_buffer
                0x00004a10       0x16
 i.ll_conn_free_enc_txn_buffer
                0x00004a10       0x16 ..\..\..\..\PSoC Creator\4.2\Downloads ( 4.2).cylib\BLE_v3_66\Library\gccCyBLEStack_BLE_SOC_PERIPHERAL.a(ll_connection.o)
                0x00004a10                ll_conn_free_enc_txn_buffer

i.ll_conn_fsm_update_channel_state
                0x00004a26        0x6
 i.ll_conn_fsm_update_channel_state
                0x00004a26        0x6 ..\..\..\..\PSoC Creator\4.2\Downloads ( 4.2).cylib\BLE_v3_66\Library\gccCyBLEStack_BLE_SOC_PERIPHERAL.a(ll_connection.o)
                0x00004a26                ll_conn_fsm_update_channel_state

i.ll_conn_fsm_update_conn_update_state
                0x00004a2c        0x6
 i.ll_conn_fsm_update_conn_update_state
                0x00004a2c        0x6 ..\..\..\..\PSoC Creator\4.2\Downloads ( 4.2).cylib\BLE_v3_66\Library\gccCyBLEStack_BLE_SOC_PERIPHERAL.a(ll_connection.o)
                0x00004a2c                ll_conn_fsm_update_conn_update_state

i.ll_conn_fsm_update_enc_state
                0x00004a32        0x6
 i.ll_conn_fsm_update_enc_state
                0x00004a32        0x6 ..\..\..\..\PSoC Creator\4.2\Downloads ( 4.2).cylib\BLE_v3_66\Library\gccCyBLEStack_BLE_SOC_PERIPHERAL.a(ll_connection.o)
                0x00004a32                ll_conn_fsm_update_enc_state

i.ll_conn_fsm_update_state
                0x00004a38        0x4
 i.ll_conn_fsm_update_state
                0x00004a38        0x4 ..\..\..\..\PSoC Creator\4.2\Downloads ( 4.2).cylib\BLE_v3_66\Library\gccCyBLEStack_BLE_SOC_PERIPHERAL.a(ll_connection.o)
                0x00004a38                ll_conn_fsm_update_state

i.ll_conn_handle_data_pdu_from_host_when_data_paused
                0x00004a3c        0x8
 i.ll_conn_handle_data_pdu_from_host_when_data_paused
                0x00004a3c        0x8 ..\..\..\..\PSoC Creator\4.2\Downloads ( 4.2).cylib\BLE_v3_66\Library\gccCyBLEStack_BLE_SOC_PERIPHERAL.a(ll_connection.o)
                0x00004a3c                ll_conn_handle_data_pdu_from_host_when_data_paused

i.ll_conn_handle_direct_adv_timeout
                0x00004a44       0x2c
 i.ll_conn_handle_direct_adv_timeout
                0x00004a44       0x2c ..\..\..\..\PSoC Creator\4.2\Downloads ( 4.2).cylib\BLE_v3_66\Library\gccCyBLEStack_BLE_SOC_PERIPHERAL.a(ll_connection.o)
                0x00004a44                ll_conn_handle_direct_adv_timeout

i.ll_conn_handle_ping_timer_expired_interrupt
                0x00004a70       0x1c
 i.ll_conn_handle_ping_timer_expired_interrupt
                0x00004a70       0x1c ..\..\..\..\PSoC Creator\4.2\Downloads ( 4.2).cylib\BLE_v3_66\Library\gccCyBLEStack_BLE_SOC_PERIPHERAL.a(ll_connection.o)