Archive member included to satisfy reference by file (symbol)

.\CortexM0\ARM_GCC_541\Debug\RC_Car_LE_Bluetooth.a(UART.o)
                              .\CortexM0\ARM_GCC_541\Debug\main.o (UART_Start)
.\CortexM0\ARM_GCC_541\Debug\RC_Car_LE_Bluetooth.a(UART_SPI_UART.o)
                              .\CortexM0\ARM_GCC_541\Debug\main.o (UART_SpiUartWriteTxData)
.\CortexM0\ARM_GCC_541\Debug\RC_Car_LE_Bluetooth.a(UART_UART.o)
                              .\CortexM0\ARM_GCC_541\Debug\RC_Car_LE_Bluetooth.a(UART.o) (UART_UartInit)
.\CortexM0\ARM_GCC_541\Debug\RC_Car_LE_Bluetooth.a(UltraSoon_Rechts.o)
                              .\CortexM0\ARM_GCC_541\Debug\main.o (UltraSoon_Rechts_ReadCompare)
.\CortexM0\ARM_GCC_541\Debug\RC_Car_LE_Bluetooth.a(PWM.o)
                              .\CortexM0\ARM_GCC_541\Debug\main.o (PWM_Start)
.\CortexM0\ARM_GCC_541\Debug\RC_Car_LE_Bluetooth.a(UltraSoon_Midden.o)
                              .\CortexM0\ARM_GCC_541\Debug\main.o (UltraSoon_Midden_ReadCompare)
.\CortexM0\ARM_GCC_541\Debug\RC_Car_LE_Bluetooth.a(UltraSoon_Links.o)
                              .\CortexM0\ARM_GCC_541\Debug\main.o (UltraSoon_Links_ReadCompare)
.\CortexM0\ARM_GCC_541\Debug\RC_Car_LE_Bluetooth.a(CyLib.o)
                              .\CortexM0\ARM_GCC_541\Debug\cyfitter_cfg.o (CySysClkWriteImoFreq)
.\CortexM0\ARM_GCC_541\Debug\RC_Car_LE_Bluetooth.a(CyLFClk.o)
                              .\CortexM0\ARM_GCC_541\Debug\cyfitter_cfg.o (CySysClkWcoStart)
.\CortexM0\ARM_GCC_541\Debug\RC_Car_LE_Bluetooth.a(BLE_gatt.o)
                              .\CortexM0\ARM_GCC_541\Debug\main.o (cyBle_state)
.\CortexM0\ARM_GCC_541\Debug\RC_Car_LE_Bluetooth.a(BLE_eventHandler.o)
                              .\CortexM0\ARM_GCC_541\Debug\BLE.o (cyBle_connHandle)
.\CortexM0\ARM_GCC_541\Debug\RC_Car_LE_Bluetooth.a(BLE_custom.o)
                              .\CortexM0\ARM_GCC_541\Debug\BLE.o (CyBle_CustomInit)
.\CortexM0\ARM_GCC_541\Debug\RC_Car_LE_Bluetooth.a(Motor_Links.o)
                              .\CortexM0\ARM_GCC_541\Debug\main.o (Motor_Links_WritePeriod)
.\CortexM0\ARM_GCC_541\Debug\RC_Car_LE_Bluetooth.a(Motor_Rechts.o)
                              .\CortexM0\ARM_GCC_541\Debug\main.o (Motor_Rechts_WritePeriod)
.\CortexM0\ARM_GCC_541\Debug\RC_Car_LE_Bluetooth.a(CyBootAsmGnu.o)
                              .\CortexM0\ARM_GCC_541\Debug\cyfitter_cfg.o (CyDelayCycles)
..\..\..\..\PSoC Creator\4.2\Downloads ( 4.2).cylib\BLE_v3_66\Library\gccCyBLEStack_BLE_SOC_PERIPHERAL.a(CyBle.o)
                              .\CortexM0\ARM_GCC_541\Debug\main.o (CyBle_ProcessEvents)
..\..\..\..\PSoC Creator\4.2\Downloads ( 4.2).cylib\BLE_v3_66\Library\gccCyBLEStack_BLE_SOC_PERIPHERAL.a(CyBleStackMgrIP_Interface.o)
                              ..\..\..\..\PSoC Creator\4.2\Downloads ( 4.2).cylib\BLE_v3_66\Library\gccCyBLEStack_BLE_SOC_PERIPHERAL.a(CyBle.o) (CyBleStackMgr_Init)
..\..\..\..\PSoC Creator\4.2\Downloads ( 4.2).cylib\BLE_v3_66\Library\gccCyBLEStack_BLE_SOC_PERIPHERAL.a(BT_os.o)
                              ..\..\..\..\PSoC Creator\4.2\Downloads ( 4.2).cylib\BLE_v3_66\Library\gccCyBLEStack_BLE_SOC_PERIPHERAL.a(CyBleStackMgrIP_Interface.o) (cyBleStackMemoryConfig)
..\..\..\..\PSoC Creator\4.2\Downloads ( 4.2).cylib\BLE_v3_66\Library\gccCyBLEStack_BLE_SOC_PERIPHERAL.a(BT_timer.o)
                              ..\..\..\..\PSoC Creator\4.2\Downloads ( 4.2).cylib\BLE_v3_66\Library\gccCyBLEStack_BLE_SOC_PERIPHERAL.a(CyBleStackMgrIP_Interface.o) (timer_init)
..\..\..\..\PSoC Creator\4.2\Downloads ( 4.2).cylib\BLE_v3_66\Library\gccCyBLEStack_BLE_SOC_PERIPHERAL.a(CyBleStackMgr_StackTaskHandler.o)
                              ..\..\..\..\PSoC Creator\4.2\Downloads ( 4.2).cylib\BLE_v3_66\Library\gccCyBLEStack_BLE_SOC_PERIPHERAL.a(BT_timer.o) (BLE_STACK_TASK_EVT)
..\..\..\..\PSoC Creator\4.2\Downloads ( 4.2).cylib\BLE_v3_66\Library\gccCyBLEStack_BLE_SOC_PERIPHERAL.a(transport_sf.o)
                              ..\..\..\..\PSoC Creator\4.2\Downloads ( 4.2).cylib\BLE_v3_66\Library\gccCyBLEStack_BLE_SOC_PERIPHERAL.a(CyBleStackMgr_StackTaskHandler.o) (hci_soft_transport_notify_data_received)
..\..\..\..\PSoC Creator\4.2\Downloads ( 4.2).cylib\BLE_v3_66\Library\gccCyBLEStack_BLE_SOC_PERIPHERAL.a(CyBleStackMgr_PSoCHal.o)
                              ..\..\..\..\PSoC Creator\4.2\Downloads ( 4.2).cylib\BLE_v3_66\Library\gccCyBLEStack_BLE_SOC_PERIPHERAL.a(BT_timer.o) (CyBleStackMgr_GetTime)
..\..\..\..\PSoC Creator\4.2\Downloads ( 4.2).cylib\BLE_v3_66\Library\gccCyBLEStack_BLE_SOC_PERIPHERAL.a(CyBleStackMgr_BleSSDriver.o)
                              ..\..\..\..\PSoC Creator\4.2\Downloads ( 4.2).cylib\BLE_v3_66\Library\gccCyBLEStack_BLE_SOC_PERIPHERAL.a(CyBleStackMgrIP_Interface.o) (CyBleStackMgr_BleSSInit)
..\..\..\..\PSoC Creator\4.2\Downloads ( 4.2).cylib\BLE_v3_66\Library\gccCyBLEStack_BLE_SOC_PERIPHERAL.a(config_bin.o)
[...]
Memory Configuration

Name             Origin             Length             Attributes
rom              0x00000000         0x00020000         xr
ram              0x20000000         0x00004000         xrw
*default*        0x00000000         0xffffffff

Linker script and memory map

LOAD c:/program files (x86)/cypress/psoc creator/4.2/psoc creator/import/gnu/arm/5.4.1/bin/../lib/gcc/arm-none-eabi/5.4.1/armv6-m/crti.o
LOAD c:/program files (x86)/cypress/psoc creator/4.2/psoc creator/import/gnu/arm/5.4.1/bin/../lib/gcc/arm-none-eabi/5.4.1/armv6-m/crtbegin.o
LOAD c:/program files (x86)/cypress/psoc creator/4.2/psoc creator/import/gnu/arm/5.4.1/bin/../lib/gcc/arm-none-eabi/5.4.1/../../../../arm-none-eabi/lib/armv6-m/crt0.o
START GROUP
LOAD .\CortexM0\ARM_GCC_541\Debug\main.o
LOAD .\CortexM0\ARM_GCC_541\Debug\BLE.o
LOAD .\CortexM0\ARM_GCC_541\Debug\Control.o
LOAD .\CortexM0\ARM_GCC_541\Debug\cyfitter_cfg.o
LOAD .\CortexM0\ARM_GCC_541\Debug\cymetadata.o
LOAD .\CortexM0\ARM_GCC_541\Debug\Cm0Start.o
LOAD .\CortexM0\ARM_GCC_541\Debug\RC_Car_LE_Bluetooth.a
LOAD ..\..\..\..\PSoC Creator\4.2\Downloads ( 4.2).cylib\BLE_v3_66\Library\gccCyBLEStack_BLE_SOC_PERIPHERAL.a
END GROUP
START GROUP
LOAD c:/program files (x86)/cypress/psoc creator/4.2/psoc creator/import/gnu/arm/5.4.1/bin/../lib/gcc/arm-none-eabi/5.4.1/armv6-m\libgcc.a
LOAD c:/program files (x86)/cypress/psoc creator/4.2/psoc creator/import/gnu/arm/5.4.1/bin/../lib/gcc/arm-none-eabi/5.4.1/../../../../arm-none-eabi/lib/armv6-m\libg_nano.a
LOAD c:/program files (x86)/cypress/psoc creator/4.2/psoc creator/import/gnu/arm/5.4.1/bin/../lib/gcc/arm-none-eabi/5.4.1/../../../../arm-none-eabi/lib/armv6-m\libc_nano.a
END GROUP
START GROUP
LOAD c:/program files (x86)/cypress/psoc creator/4.2/psoc creator/import/gnu/arm/5.4.1/bin/../lib/gcc/arm-none-eabi/5.4.1/armv6-m\libgcc.a
LOAD c:/program files (x86)/cypress/psoc creator/4.2/psoc creator/import/gnu/arm/5.4.1/bin/../lib/gcc/arm-none-eabi/5.4.1/../../../../arm-none-eabi/lib/armv6-m\libc_nano.a
END GROUP
LOAD c:/program files (x86)/cypress/psoc creator/4.2/psoc creator/import/gnu/arm/5.4.1/bin/../lib/gcc/arm-none-eabi/5.4.1/armv6-m/crtend.o
LOAD c:/program files (x86)/cypress/psoc creator/4.2/psoc creator/import/gnu/arm/5.4.1/bin/../lib/gcc/arm-none-eabi/5.4.1/armv6-m/crtn.o
START GROUP
LOAD c:/program files (x86)/cypress/psoc creator/4.2/psoc creator/import/gnu/arm/5.4.1/bin/../lib/gcc/arm-none-eabi/5.4.1/armv6-m\libgcc.a
LOAD c:/program files (x86)/cypress/psoc creator/4.2/psoc creator/import/gnu/arm/5.4.1/bin/../lib/gcc/arm-none-eabi/5.4.1/../../../../arm-none-eabi/lib/armv6-m\libc.a
LOAD c:/program files (x86)/cypress/psoc creator/4.2/psoc creator/import/gnu/arm/5.4.1/bin/../lib/gcc/arm-none-eabi/5.4.1/../../../../arm-none-eabi/lib/armv6-m\libnosys.a
END GROUP
                0x00000000                CY_APPL_ORIGIN = 0x0
                0x00000080                CY_FLASH_ROW_SIZE = 0x80
                0x00000001                CY_APPL_NUM = 0x1
                0x00000001                CY_APPL_MAX = 0x1
                0x00000040                CY_METADATA_SIZE = 0x40
                0x00000000                CY_APPL_LOADABLE = 0x0
                0x00000000                CY_CHECKSUM_EXCLUDE_SIZE = ALIGN (0x0, CY_FLASH_ROW_SIZE)
                0x00000000                CY_APP_FOR_STACK_AND_COPIER = 0x0
                [!provide]                PROVIDE (__cy_heap_start, _end)
                0x00000001                PROVIDE (__cy_region_num, ((__cy_regions_end - __cy_regions) / 0x10))
                0x20004000                PROVIDE (__cy_stack, (ORIGIN (ram) + LENGTH (ram)))
                [!provide]                PROVIDE (__cy_heap_end, (__cy_stack - 0x800))

.cybootloader   0x00000000        0x0
 *(.cybootloader)
                0x00000000                appl1_start = CY_APPL_ORIGIN?CY_APPL_ORIGIN:ALIGN (CY_FLASH_ROW_SIZE)
                0x0000ff80                appl2_start = (appl1_start + ALIGN ((((LENGTH (rom) - appl1_start) - (0x2 * CY_FLASH_ROW_SIZE)) / 0x2), CY_FLASH_ROW_SIZE))
                0x00000000                appl_start = (CY_APPL_NUM == 0x1)?appl1_start:appl2_start
                0x00000001                cy_project_type_bootloader = (appl_start == 0x0)?0x1:0x0
                0x00000000                cy_project_type_app_for_stack_and_copier = (CY_APP_FOR_STACK_AND_COPIER == 0x1)?0x1:0x0

.text           0x00000000     0x1af8
 CREATE_OBJECT_SYMBOLS
                0x00000000                PROVIDE (__cy_interrupt_vector, RomVectors)
 *(.romvectors)
 .romvectors    0x00000000       0x10 .\CortexM0\ARM_GCC_541\Debug\Cm0Start.o
                0x00000000                RomVectors
                0x00000001                ASSERT ((. != __cy_interrupt_vector), No interrupt vector)
                0x00000001                ASSERT (CY_APPL_ORIGIN?(SIZEOF (.cybootloader) <= CY_APPL_ORIGIN):0x1, Wrong image location)
                0x00000010                PROVIDE (__cy_reset, Reset)
 *(.text.Reset)
 .text.Reset    0x00000010        0x8 .\CortexM0\ARM_GCC_541\Debug\Cm0Start.o
                0x00000010                Reset
                0x00000001                ASSERT ((. != __cy_reset), No reset code)
 *(.psocinit)
 .psocinit      0x00000018      0x2b4 .\CortexM0\ARM_GCC_541\Debug\cyfitter_cfg.o
                0x00000160                cyfitter_cfg
                0x000002cc                . = MAX (., 0x100)
 *(.text .text.* .gnu.linkonce.t.*)
 .text          0x000002cc       0x60 c:/program files (x86)/cypress/psoc creator/4.2/psoc creator/import/gnu/arm/5.4.1/bin/../lib/gcc/arm-none-eabi/5.4.1/armv6-m/crtbegin.o
 .text.updateCharacteristic
                0x0000032c       0x68 .\CortexM0\ARM_GCC_541\Debug\main.o
                0x0000032c                updateCharacteristic
 .text.StackEventHandler
                0x00000394       0xa8 .\CortexM0\ARM_GCC_541\Debug\main.o
                0x00000394                StackEventHandler
 .text.print    0x0000043c       0xac .\CortexM0\ARM_GCC_541\Debug\main.o
                0x0000043c                print
 .text.switchToString
                0x000004e8       0x54 .\CortexM0\ARM_GCC_541\Debug\main.o
                0x000004e8                switchToString
 .text.DeviceControl
                0x0000053c       0x70 .\CortexM0\ARM_GCC_541\Debug\main.o
                0x0000053c                DeviceControl
 .text.getDistance
                0x000005ac       0x28 .\CortexM0\ARM_GCC_541\Debug\main.o
                0x000005ac                getDistance
 .text.main     0x000005d4       0x54 .\CortexM0\ARM_GCC_541\Debug\main.o
                0x000005d4                main
 .text.CyBle_ServiceInit
                0x00000628        0x8 .\CortexM0\ARM_GCC_541\Debug\BLE.o
                0x00000628                CyBle_ServiceInit
 .text.CyBle_Init
                0x00000630       0x34 .\CortexM0\ARM_GCC_541\Debug\BLE.o
                0x00000630                CyBle_Init
 .text.CyBle_Start
                0x00000664       0xb0 .\CortexM0\ARM_GCC_541\Debug\BLE.o
                0x00000664                CyBle_Start
 .text.CyBle_GappStartAdvertisement
                0x00000714       0x90 .\CortexM0\ARM_GCC_541\Debug\BLE.o
                0x00000714                CyBle_GappStartAdvertisement
 .text.CyBle_ChangeAdDeviceAddress
                0x000007a4       0x28 .\CortexM0\ARM_GCC_541\Debug\BLE.o
                0x000007a4                CyBle_ChangeAdDeviceAddress
 .text.CyBle_Get16ByPtr
                0x000007cc        0xc .\CortexM0\ARM_GCC_541\Debug\BLE.o
                0x000007cc                CyBle_Get16ByPtr
 .text.cfg_write_bytes32
                0x000007d8       0x34 .\CortexM0\ARM_GCC_541\Debug\cyfitter_cfg.o
 .text.AnalogSetDefault
                0x0000080c       0x20 .\CortexM0\ARM_GCC_541\Debug\cyfitter_cfg.o
 .text.CYMEMZERO
                0x0000082c        0xc .\CortexM0\ARM_GCC_541\Debug\cyfitter_cfg.o
 .text.IntDefaultHandler
                0x00000838       0x10 .\CortexM0\ARM_GCC_541\Debug\Cm0Start.o
                0x00000838                IntDefaultHandler
 .text.Start_c  0x00000848       0x48 .\CortexM0\ARM_GCC_541\Debug\Cm0Start.o
                0x00000848                Start_c
 .text.initialize_psoc
                0x00000890       0x4c .\CortexM0\ARM_GCC_541\Debug\Cm0Start.o
                0x00000890                initialize_psoc
 .text.UART_ScbModePostEnable
                0x000008dc        0x8 .\CortexM0\ARM_GCC_541\Debug\RC_Car_LE_Bluetooth.a(UART.o)
 .text.UART_Init
                0x000008e4        0x8 .\CortexM0\ARM_GCC_541\Debug\RC_Car_LE_Bluetooth.a(UART.o)
                0x000008e4                UART_Init
 .text.UART_Enable
                0x000008ec       0x18 .\CortexM0\ARM_GCC_541\Debug\RC_Car_LE_Bluetooth.a(UART.o)
                0x000008ec                UART_Enable
 .text.UART_Start
                0x00000904       0x20 .\CortexM0\ARM_GCC_541\Debug\RC_Car_LE_Bluetooth.a(UART.o)
                0x00000904                UART_Start
 .text.UART_SpiUartWriteTxData
                0x00000924       0x1c .\CortexM0\ARM_GCC_541\Debug\RC_Car_LE_Bluetooth.a(UART_SPI_UART.o)
                0x00000924                UART_SpiUartWriteTxData
 .text.UART_UartInit
                0x00000940       0xa8 .\CortexM0\ARM_GCC_541\Debug\RC_Car_LE_Bluetooth.a(UART_UART.o)
                0x00000940                UART_UartInit
 .text.UART_UartPostEnable
                0x000009e8       0x2c .\CortexM0\ARM_GCC_541\Debug\RC_Car_LE_Bluetooth.a(UART_UART.o)
                0x000009e8                UART_UartPostEnable
 .text.UART_UartPutString
                0x00000a14       0x18 .\CortexM0\ARM_GCC_541\Debug\RC_Car_LE_Bluetooth.a(UART_UART.o)
                0x00000a14                UART_UartPutString
 .text.UART_UartPutCRLF
                0x00000a2c       0x14 .\CortexM0\ARM_GCC_541\Debug\RC_Car_LE_Bluetooth.a(UART_UART.o)
                0x00000a2c                UART_UartPutCRLF
 .text.UltraSoon_Rechts_Enable
                0x00000a40       0x1c .\CortexM0\ARM_GCC_541\Debug\RC_Car_LE_Bluetooth.a(UltraSoon_Rechts.o)
                0x00000a40                UltraSoon_Rechts_Enable
 .text.UltraSoon_Rechts_WriteCounter
                0x00000a5c       0x10 .\CortexM0\ARM_GCC_541\Debug\RC_Car_LE_Bluetooth.a(UltraSoon_Rechts.o)
                0x00000a5c                UltraSoon_Rechts_WriteCounter
 .text.UltraSoon_Rechts_WritePeriod
                0x00000a6c       0x10 .\CortexM0\ARM_GCC_541\Debug\RC_Car_LE_Bluetooth.a(UltraSoon_Rechts.o)
                0x00000a6c                UltraSoon_Rechts_WritePeriod
 .text.UltraSoon_Rechts_ReadCompare
                0x00000a7c       0x10 .\CortexM0\ARM_GCC_541\Debug\RC_Car_LE_Bluetooth.a(UltraSoon_Rechts.o)
                0x00000a7c                UltraSoon_Rechts_ReadCompare
 .text.UltraSoon_Rechts_SetInterruptMode
                0x00000a8c        0xc .\CortexM0\ARM_GCC_541\Debug\RC_Car_LE_Bluetooth.a(UltraSoon_Rechts.o)
                0x00000a8c                UltraSoon_Rechts_SetInterruptMode
 .text.UltraSoon_Rechts_Init
                0x00000a98       0x30 .\CortexM0\ARM_GCC_541\Debug\RC_Car_LE_Bluetooth.a(UltraSoon_Rechts.o)
                0x00000a98                UltraSoon_Rechts_Init
 .text.UltraSoon_Rechts_Start
                0x00000ac8       0x20 .\CortexM0\ARM_GCC_541\Debug\RC_Car_LE_Bluetooth.a(UltraSoon_Rechts.o)
                0x00000ac8                UltraSoon_Rechts_Start
 .text.PWM_Enable
                0x00000ae8       0x14 .\CortexM0\ARM_GCC_541\Debug\RC_Car_LE_Bluetooth.a(PWM.o)
                0x00000ae8                PWM_Enable
 .text.PWM_WriteCounter
                0x00000afc        0xc .\CortexM0\ARM_GCC_541\Debug\RC_Car_LE_Bluetooth.a(PWM.o)
                0x00000afc                PWM_WriteCounter
 .text.PWM_WritePeriod
                0x00000b08        0xc .\CortexM0\ARM_GCC_541\Debug\RC_Car_LE_Bluetooth.a(PWM.o)
                0x00000b08                PWM_WritePeriod
 .text.PWM_WriteCompare
                0x00000b14        0xc .\CortexM0\ARM_GCC_541\Debug\RC_Car_LE_Bluetooth.a(PWM.o)
                0x00000b14                PWM_WriteCompare
 .text.PWM_SetInterruptMode
                0x00000b20        0xc .\CortexM0\ARM_GCC_541\Debug\RC_Car_LE_Bluetooth.a(PWM.o)
                0x00000b20                PWM_SetInterruptMode
 .text.PWM_ReadStatusRegister
                0x00000b2c        0xc .\CortexM0\ARM_GCC_541\Debug\RC_Car_LE_Bluetooth.a(PWM.o)
                0x00000b2c                PWM_ReadStatusRegister
 .text.PWM_ReadCapture
                0x00000b38        0xc .\CortexM0\ARM_GCC_541\Debug\RC_Car_LE_Bluetooth.a(PWM.o)
                0x00000b38                PWM_ReadCapture
 .text.PWM_ClearFIFO
                0x00000b44       0x14 .\CortexM0\ARM_GCC_541\Debug\RC_Car_LE_Bluetooth.a(PWM.o)
                0x00000b44                PWM_ClearFIFO
 .text.PWM_Init
                0x00000b58       0x6c .\CortexM0\ARM_GCC_541\Debug\RC_Car_LE_Bluetooth.a(PWM.o)
                0x00000b58                PWM_Init
 .text.PWM_Start
                0x00000bc4       0x20 .\CortexM0\ARM_GCC_541\Debug\RC_Car_LE_Bluetooth.a(PWM.o)
                0x00000bc4                PWM_Start
 .text.UltraSoon_Midden_Enable
                0x00000be4       0x1c .\CortexM0\ARM_GCC_541\Debug\RC_Car_LE_Bluetooth.a(UltraSoon_Midden.o)
                0x00000be4                UltraSoon_Midden_Enable
 .text.UltraSoon_Midden_WriteCounter
                0x00000c00       0x10 .\CortexM0\ARM_GCC_541\Debug\RC_Car_LE_Bluetooth.a(UltraSoon_Midden.o)
                0x00000c00                UltraSoon_Midden_WriteCounter
 .text.UltraSoon_Midden_WritePeriod
                0x00000c10       0x10 .\CortexM0\ARM_GCC_541\Debug\RC_Car_LE_Bluetooth.a(UltraSoon_Midden.o)
                0x00000c10                UltraSoon_Midden_WritePeriod
 .text.UltraSoon_Midden_ReadCompare
                0x00000c20       0x10 .\CortexM0\ARM_GCC_541\Debug\RC_Car_LE_Bluetooth.a(UltraSoon_Midden.o)
                0x00000c20                UltraSoon_Midden_ReadCompare
 .text.UltraSoon_Midden_SetInterruptMode
                0x00000c30        0xc .\CortexM0\ARM_GCC_541\Debug\RC_Car_LE_Bluetooth.a(UltraSoon_Midden.o)
                0x00000c30                UltraSoon_Midden_SetInterruptMode
 .text.UltraSoon_Midden_Init
                0x00000c3c       0x30 .\CortexM0\ARM_GCC_541\Debug\RC_Car_LE_Bluetooth.a(UltraSoon_Midden.o)
                0x00000c3c                UltraSoon_Midden_Init
 .text.UltraSoon_Midden_Start
                0x00000c6c       0x20 .\CortexM0\ARM_GCC_541\Debug\RC_Car_LE_Bluetooth.a(UltraSoon_Midden.o)
                0x00000c6c                UltraSoon_Midden_Start
 .text.UltraSoon_Links_Enable
                0x00000c8c       0x1c .\CortexM0\ARM_GCC_541\Debug\RC_Car_LE_Bluetooth.a(UltraSoon_Links.o)
                0x00000c8c                UltraSoon_Links_Enable
 .text.UltraSoon_Links_WriteCounter
                0x00000ca8       0x10 .\CortexM0\ARM_GCC_541\Debug\RC_Car_LE_Bluetooth.a(UltraSoon_Links.o)
                0x00000ca8                UltraSoon_Links_WriteCounter
 .text.UltraSoon_Links_WritePeriod
                0x00000cb8       0x10 .\CortexM0\ARM_GCC_541\Debug\RC_Car_LE_Bluetooth.a(UltraSoon_Links.o)
                0x00000cb8                UltraSoon_Links_WritePeriod
 .text.UltraSoon_Links_ReadCompare
                0x00000cc8       0x10 .\CortexM0\ARM_GCC_541\Debug\RC_Car_LE_Bluetooth.a(UltraSoon_Links.o)
                0x00000cc8                UltraSoon_Links_ReadCompare
 .text.UltraSoon_Links_SetInterruptMode
                0x00000cd8        0xc .\CortexM0\ARM_GCC_541\Debug\RC_Car_LE_Bluetooth.a(UltraSoon_Links.o)
                0x00000cd8                UltraSoon_Links_SetInterruptMode
 .text.UltraSoon_Links_Init
                0x00000ce4       0x30 .\CortexM0\ARM_GCC_541\Debug\RC_Car_LE_Bluetooth.a(UltraSoon_Links.o)
                0x00000ce4                UltraSoon_Links_Init
 .text.UltraSoon_Links_Start
                0x00000d14       0x20 .\CortexM0\ARM_GCC_541\Debug\RC_Car_LE_Bluetooth.a(UltraSoon_Links.o)
                0x00000d14                UltraSoon_Links_Start
 .text.CySysClkWriteImoFreq
                0x00000d34       0x64 .\CortexM0\ARM_GCC_541\Debug\RC_Car_LE_Bluetooth.a(CyLib.o)
                0x00000d34                CySysClkWriteImoFreq
 .text.CySysClkEcoReadStatus
                0x00000d98       0x10 .\CortexM0\ARM_GCC_541\Debug\RC_Car_LE_Bluetooth.a(CyLib.o)
                0x00000d98                CySysClkEcoReadStatus
 .text.CyIntEnable
                0x00000da8       0x14 .\CortexM0\ARM_GCC_541\Debug\RC_Car_LE_Bluetooth.a(CyLib.o)
                0x00000da8                CyIntEnable
 .text.CyHalt   0x00000dbc        0x4 .\CortexM0\ARM_GCC_541\Debug\RC_Car_LE_Bluetooth.a(CyLib.o)
                0x00000dbc                CyHalt
 .text.CyIntSetVector
                0x00000dc0       0x24 .\CortexM0\ARM_GCC_541\Debug\RC_Car_LE_Bluetooth.a(CyLib.o)
                0x00000dc0                CyIntSetVector
 .text.CyDelay  0x00000de4       0x30 .\CortexM0\ARM_GCC_541\Debug\RC_Car_LE_Bluetooth.a(CyLib.o)
                0x00000de4                CyDelay
 .text.CyDelayUs
                0x00000e14       0x14 .\CortexM0\ARM_GCC_541\Debug\RC_Car_LE_Bluetooth.a(CyLib.o)
                0x00000e14                CyDelayUs
 .text.CySysClkEcoStart
                0x00000e28       0x54 .\CortexM0\ARM_GCC_541\Debug\RC_Car_LE_Bluetooth.a(CyLib.o)
                0x00000e28                CySysClkEcoStart
 .text.CySysWdtLocked
                0x00000e7c       0x14 .\CortexM0\ARM_GCC_541\Debug\RC_Car_LE_Bluetooth.a(CyLFClk.o)
 .text.CySysClkWcoStart
                0x00000e90       0x40 .\CortexM0\ARM_GCC_541\Debug\RC_Car_LE_Bluetooth.a(CyLFClk.o)
                0x00000e90                CySysClkWcoStart
 .text.CySysClkWcoSetPowerMode
                0x00000ed0       0x80 .\CortexM0\ARM_GCC_541\Debug\RC_Car_LE_Bluetooth.a(CyLFClk.o)
                0x00000ed0                CySysClkWcoSetPowerMode
 .text.CySysWdtLock
                0x00000f50       0x1c .\CortexM0\ARM_GCC_541\Debug\RC_Car_LE_Bluetooth.a(CyLFClk.o)
                0x00000f50                CySysWdtLock
 .text.CySysWdtUnlock
                0x00000f6c       0x30 .\CortexM0\ARM_GCC_541\Debug\RC_Car_LE_Bluetooth.a(CyLFClk.o)
                0x00000f6c                CySysWdtUnlock
 .text.CySysWdtClearInterrupt
                0x00000f9c       0x4c .\CortexM0\ARM_GCC_541\Debug\RC_Car_LE_Bluetooth.a(CyLFClk.o)
                0x00000f9c                CySysWdtClearInterrupt
 .text.CySysWdtIsr
                0x00000fe8       0xa4 .\CortexM0\ARM_GCC_541\Debug\RC_Car_LE_Bluetooth.a(CyLFClk.o)
                0x00000fe8                CySysWdtIsr
 .text.CyBle_GattsWriteEventHandler
                0x0000108c       0x58 .\CortexM0\ARM_GCC_541\Debug\RC_Car_LE_Bluetooth.a(BLE_gatt.o)
                0x0000108c                CyBle_GattsWriteEventHandler
 .text.CyBle_GattDisconnectEventHandler
                0x000010e4       0x10 .\CortexM0\ARM_GCC_541\Debug\RC_Car_LE_Bluetooth.a(BLE_eventHandler.o)
 .text.CyBle_WriteReqHandler
                0x000010f4       0x38 .\CortexM0\ARM_GCC_541\Debug\RC_Car_LE_Bluetooth.a(BLE_eventHandler.o)
 .text.CyBle_IsDeviceAddressValid
                0x0000112c       0x24 .\CortexM0\ARM_GCC_541\Debug\RC_Car_LE_Bluetooth.a(BLE_eventHandler.o)
                0x0000112c                CyBle_IsDeviceAddressValid
 .text.CyBle_EventHandler
                0x00001150      0x2dc .\CortexM0\ARM_GCC_541\Debug\RC_Car_LE_Bluetooth.a(BLE_eventHandler.o)
                0x00001150                CyBle_EventHandler
 .text.CyBle_CustomInit
                0x0000142c        0x4 .\CortexM0\ARM_GCC_541\Debug\RC_Car_LE_Bluetooth.a(BLE_custom.o)
                0x0000142c                CyBle_CustomInit
 .text.Motor_Links_WritePeriod
                0x00001430        0xc .\CortexM0\ARM_GCC_541\Debug\RC_Car_LE_Bluetooth.a(Motor_Links.o)
                0x00001430                Motor_Links_WritePeriod
 .text.Motor_Links_ReadPeriod
                0x0000143c        0xc .\CortexM0\ARM_GCC_541\Debug\RC_Car_LE_Bluetooth.a(Motor_Links.o)
                0x0000143c                Motor_Links_ReadPeriod
 .text.Motor_Rechts_WritePeriod
                0x00001448        0xc .\CortexM0\ARM_GCC_541\Debug\RC_Car_LE_Bluetooth.a(Motor_Rechts.o)
                0x00001448                Motor_Rechts_WritePeriod
 .text.Motor_Rechts_ReadPeriod
                0x00001454        0xc .\CortexM0\ARM_GCC_541\Debug\RC_Car_LE_Bluetooth.a(Motor_Rechts.o)
                0x00001454                Motor_Rechts_ReadPeriod
 .text          0x00001460       0x20 .\CortexM0\ARM_GCC_541\Debug\RC_Car_LE_Bluetooth.a(CyBootAsmGnu.o)
                0x00001460                CyDelayCycles
                0x00001472                CyEnterCriticalSection
                0x0000147a                CyExitCriticalSection
 .text.CySysPmSleep
                0x00001480       0x1c .\CortexM0\ARM_GCC_541\Debug\RC_Car_LE_Bluetooth.a(cyPm.o)
                0x00001480                CySysPmSleep
 .text.CyBLE_Bless_LlRegWrite
                0x0000149c        0x4 .\CortexM0\ARM_GCC_541\Debug\RC_Car_LE_Bluetooth.a(BLE_HAL_PVT.o)
                0x0000149c                CyBLE_Bless_LlRegWrite
 .text.CyBLE_Bless_RfRegWrite
                0x000014a0        0x4 .\CortexM0\ARM_GCC_541\Debug\RC_Car_LE_Bluetooth.a(BLE_HAL_PVT.o)
                0x000014a0                CyBLE_Bless_RfRegWrite
 .text.CyBLE_BlessDeviceConfig
                0x000014a4      0x134 .\CortexM0\ARM_GCC_541\Debug\RC_Car_LE_Bluetooth.a(BLE_HAL_PVT.o)
                0x000014a4                CyBLE_BlessDeviceConfig
 .text.CyBleHal_DelayUs
                0x000015d8        0x8 .\CortexM0\ARM_GCC_541\Debug\RC_Car_LE_Bluetooth.a(BLE_HAL_PVT.o)
                0x000015d8                CyBleHal_DelayUs
 .text.CyBleHal_DelayMs
                0x000015e0        0x8 .\CortexM0\ARM_GCC_541\Debug\RC_Car_LE_Bluetooth.a(BLE_HAL_PVT.o)
                0x000015e0                CyBleHal_DelayMs
 .text.CyBleHal_EnableGlobalInterrupts
                0x000015e8        0x8 .\CortexM0\ARM_GCC_541\Debug\RC_Car_LE_Bluetooth.a(BLE_HAL_PVT.o)
                0x000015e8                CyBleHal_EnableGlobalInterrupts
 .text.CyBleHal_DisableGlobalInterrupts
                0x000015f0        0x8 .\CortexM0\ARM_GCC_541\Debug\RC_Car_LE_Bluetooth.a(BLE_HAL_PVT.o)
                0x000015f0                CyBleHal_DisableGlobalInterrupts
 .text.CyBle_HalInit
                0x000015f8       0x18 .\CortexM0\ARM_GCC_541\Debug\RC_Car_LE_Bluetooth.a(BLE_HAL_PVT.o)
                0x000015f8                CyBle_HalInit
 .text.CYBLE_BlessStart
                0x00001610       0x10 .\CortexM0\ARM_GCC_541\Debug\RC_Car_LE_Bluetooth.a(BLE_HAL_PVT.o)
                0x00001610                CYBLE_BlessStart
 .text.CyBLE_GetIpBlockVersion
                0x00001620        0x8 .\CortexM0\ARM_GCC_541\Debug\RC_Car_LE_Bluetooth.a(BLE_HAL_PVT.o)
                0x00001620                CyBLE_GetIpBlockVersion
 .text.CyBle_Hal_pairing_local_public_key_handler
                0x00001628        0x4 .\CortexM0\ARM_GCC_541\Debug\RC_Car_LE_Bluetooth.a(BLE_HAL_PVT.o)
                0x00001628                CyBle_Hal_pairing_local_public_key_handler
 .text.CyBle_Hal_pairing_remote_key_handler
                0x0000162c        0x4 .\CortexM0\ARM_GCC_541\Debug\RC_Car_LE_Bluetooth.a(BLE_HAL_PVT.o)
                0x0000162c                CyBle_Hal_pairing_remote_key_handler
 .text.CyBle_Hal_pairing_dhkey_handler
                0x00001630        0x4 .\CortexM0\ARM_GCC_541\Debug\RC_Car_LE_Bluetooth.a(BLE_HAL_PVT.o)
                0x00001630                CyBle_Hal_pairing_dhkey_handler
 .text.CyBle_Hal_pairing_dhkey_check_handler
                0x00001634        0x4 .\CortexM0\ARM_GCC_541\Debug\RC_Car_LE_Bluetooth.a(BLE_HAL_PVT.o)
                0x00001634                CyBle_Hal_pairing_dhkey_check_handler
 .text.CyBle_Hal_pairing_keypress_notification_handler
                0x00001638        0x4 .\CortexM0\ARM_GCC_541\Debug\RC_Car_LE_Bluetooth.a(BLE_HAL_PVT.o)
                0x00001638                CyBle_Hal_pairing_keypress_notification_handler
 .text.CyBle_Hal_pairing_rand_handler
                0x0000163c        0x4 .\CortexM0\ARM_GCC_541\Debug\RC_Car_LE_Bluetooth.a(BLE_HAL_PVT.o)
                0x0000163c                CyBle_Hal_pairing_rand_handler
 .text.CyBle_Hal_pairing_confirm_handler
                0x00001640        0x4 .\CortexM0\ARM_GCC_541\Debug\RC_Car_LE_Bluetooth.a(BLE_HAL_PVT.o)
                0x00001640                CyBle_Hal_pairing_confirm_handler
 .text.CyBle_Hal_pairing_lr_confirming_handler
                0x00001644        0x4 .\CortexM0\ARM_GCC_541\Debug\RC_Car_LE_Bluetooth.a(BLE_HAL_PVT.o)
                0x00001644                CyBle_Hal_pairing_lr_confirming_handler
 .text.CyBle_Hal_pairing_sc_tbx_local_pubkey_generate_complete
                0x00001648        0x4 .\CortexM0\ARM_GCC_541\Debug\RC_Car_LE_Bluetooth.a(BLE_HAL_PVT.o)
                0x00001648                CyBle_Hal_pairing_sc_tbx_local_pubkey_generate_complete
 .text.CyBle_Hal_pairing_sc_generate_local_P256_public_key
                0x0000164c        0x4 .\CortexM0\ARM_GCC_541\Debug\RC_Car_LE_Bluetooth.a(BLE_HAL_PVT.o)
                0x0000164c                CyBle_Hal_pairing_sc_generate_local_P256_public_key
 .text.CyBle_Hal_se_smp_sc_user_passkey_handler
                0x00001650        0x4 .\CortexM0\ARM_GCC_541\Debug\RC_Car_LE_Bluetooth.a(BLE_HAL_PVT.o)
                0x00001650                CyBle_Hal_se_smp_sc_user_passkey_handler
 .text.CyBle_Hal_EccPointMult
                0x00001654        0x4 .\CortexM0\ARM_GCC_541\Debug\RC_Car_LE_Bluetooth.a(BLE_HAL_PVT.o)
                0x00001654                CyBle_Hal_EccPointMult
 .text.BLE_bless_isr_SetVector
                0x00001658        0xc .\CortexM0\ARM_GCC_541\Debug\RC_Car_LE_Bluetooth.a(BLE_bless_isr.o)
                0x00001658                BLE_bless_isr_SetVector
 .text.BLE_bless_isr_SetPriority
                0x00001664       0x20 .\CortexM0\ARM_GCC_541\Debug\RC_Car_LE_Bluetooth.a(BLE_bless_isr.o)
                0x00001664                BLE_bless_isr_SetPriority
 .text.BLE_bless_isr_Enable
                0x00001684       0x10 .\CortexM0\ARM_GCC_541\Debug\RC_Car_LE_Bluetooth.a(BLE_bless_isr.o)
                0x00001684                BLE_bless_isr_Enable
 .text.BLE_bless_isr_Disable
                0x00001694       0x10 .\CortexM0\ARM_GCC_541\Debug\RC_Car_LE_Bluetooth.a(BLE_bless_isr.o)
                0x00001694                BLE_bless_isr_Disable
 .text.BLE_bless_isr_StartEx
                0x000016a4       0x1c .\CortexM0\ARM_GCC_541\Debug\RC_Car_LE_Bluetooth.a(BLE_bless_isr.o)
                0x000016a4                BLE_bless_isr_StartEx
 .text.CyBLE_Bless_Interrupt
                0x000016c0        0x8 .\CortexM0\ARM_GCC_541\Debug\RC_Car_LE_Bluetooth.a(BLE_HAL_INT.o)
                0x000016c0                CyBLE_Bless_Interrupt
 .text          0x000016c8      0x114 c:/program files (x86)/cypress/psoc creator/4.2/psoc creator/import/gnu/arm/5.4.1/bin/../lib/gcc/arm-none-eabi/5.4.1/armv6-m\libgcc.a(_udivsi3.o)
                0x000016c8                __aeabi_uidiv
                0x000016c8                __udivsi3
                0x000017d4                __aeabi_uidivmod
 .text          0x000017dc      0x1d4 c:/program files (x86)/cypress/psoc creator/4.2/psoc creator/import/gnu/arm/5.4.1/bin/../lib/gcc/arm-none-eabi/5.4.1/armv6-m\libgcc.a(_divsi3.o)
                0x000017dc                __divsi3
                0x000017dc                __aeabi_idiv
                0x000019a8                __aeabi_idivmod
 .text          0x000019b0        0x4 c:/program files (x86)/cypress/psoc creator/4.2/psoc creator/import/gnu/arm/5.4.1/bin/../lib/gcc/arm-none-eabi/5.4.1/armv6-m\libgcc.a(_dvmd_tls.o)
                0x000019b0                __aeabi_idiv0
                0x000019b0                __aeabi_ldiv0
 .text.__errno  0x000019b4        0xc c:/program files (x86)/cypress/psoc creator/4.2/psoc creator/import/gnu/arm/5.4.1/bin/../lib/gcc/arm-none-eabi/5.4.1/../../../../arm-none-eabi/lib/armv6-m\libg_nano.a(lib_a-errno.o)
                0x000019b4                __errno
 .text.__libc_init_array
                0x000019c0       0x4c c:/program files (x86)/cypress/psoc creator/4.2/psoc creator/import/gnu/arm/5.4.1/bin/../lib/gcc/arm-none-eabi/5.4.1/../../../../arm-none-eabi/lib/armv6-m\libg_nano.a(lib_a-init.o)
                0x000019c0                __libc_init_array
 .text.__itoa   0x00001a0c       0x2e c:/program files (x86)/cypress/psoc creator/4.2/psoc creator/import/gnu/arm/5.4.1/bin/../lib/gcc/arm-none-eabi/5.4.1/../../../../arm-none-eabi/lib/armv6-m\libg_nano.a(lib_a-itoa.o)
                0x00001a0c                __itoa
 .text.itoa     0x00001a3a        0x8 c:/program files (x86)/cypress/psoc creator/4.2/psoc creator/import/gnu/arm/5.4.1/bin/../lib/gcc/arm-none-eabi/5.4.1/../../../../arm-none-eabi/lib/armv6-m\libg_nano.a(lib_a-itoa.o)
                0x00001a3a                itoa
 .text.memcmp   0x00001a42       0x1e c:/program files (x86)/cypress/psoc creator/4.2/psoc creator/import/gnu/arm/5.4.1/bin/../lib/gcc/arm-none-eabi/5.4.1/../../../../arm-none-eabi/lib/armv6-m\libg_nano.a(lib_a-memcmp.o)
                0x00001a42                memcmp
 .text.memcpy   0x00001a60       0x12 c:/program files (x86)/cypress/psoc creator/4.2/psoc creator/import/gnu/arm/5.4.1/bin/../lib/gcc/arm-none-eabi/5.4.1/../../../../arm-none-eabi/lib/armv6-m\libg_nano.a(lib_a-memcpy-stub.o)
                0x00001a60                memcpy
 .text.memset   0x00001a72       0x10 c:/program files (x86)/cypress/psoc creator/4.2/psoc creator/import/gnu/arm/5.4.1/bin/../lib/gcc/arm-none-eabi/5.4.1/../../../../arm-none-eabi/lib/armv6-m\libg_nano.a(lib_a-memset.o)
                0x00001a72                memset
 *fill*         0x00001a82        0x2 
 .text.__utoa   0x00001a84       0x74 c:/program files (x86)/cypress/psoc creator/4.2/psoc creator/import/gnu/arm/5.4.1/bin/../lib/gcc/arm-none-eabi/5.4.1/../../../../arm-none-eabi/lib/armv6-m\libg_nano.a(lib_a-utoa.o)
                0x00001a84                __utoa
 *(.plt)
 *(.gnu.warning)
 *(.glue_7t)
 .glue_7t       0x00001af8        0x0 linker stubs
 *(.glue_7)
 .glue_7        0x00001af8        0x0 linker stubs
 *(.vfp11_veneer)
 .vfp11_veneer  0x00001af8        0x0 linker stubs
 *(.bootloader)
 *(.ARM.extab* .gnu.linkonce.armextab.*)
 *(.gcc_except_table)

.v4_bx          0x00001af8        0x0
 .v4_bx         0x00001af8        0x0 linker stubs

.iplt           0x00001af8        0x0
 .iplt          0x00001af8        0x0 c:/program files (x86)/cypress/psoc creator/4.2/psoc creator/import/gnu/arm/5.4.1/bin/../lib/gcc/arm-none-eabi/5.4.1/armv6-m/crtbegin.o

i.CyBle_ControllerGetFeatureHeapReq
                0x00001af8       0x58
 i.CyBle_ControllerGetFeatureHeapReq
                0x00001af8       0x58 ..\..\..\..\PSoC Creator\4.2\Downloads ( 4.2).cylib\BLE_v3_66\Library\gccCyBLEStack_BLE_SOC_PERIPHERAL.a(CyBle.o)
                0x00001af8                CyBle_ControllerGetFeatureHeapReq

i.CyBle_ExitLPM
                0x00001b50        0x8
 i.CyBle_ExitLPM
                0x00001b50        0x8 ..\..\..\..\PSoC Creator\4.2\Downloads ( 4.2).cylib\BLE_v3_66\Library\gccCyBLEStack_BLE_SOC_PERIPHERAL.a(CyBle.o)
                0x00001b50                CyBle_ExitLPM

i.CyBle_ProcessEvents
                0x00001b58        0x8
 i.CyBle_ProcessEvents
                0x00001b58        0x8 ..\..\..\..\PSoC Creator\4.2\Downloads ( 4.2).cylib\BLE_v3_66\Library\gccCyBLEStack_BLE_SOC_PERIPHERAL.a(CyBle.o)
                0x00001b58                CyBle_ProcessEvents

i.CyBle_SetDeviceAddress
                0x00001b60       0x24
 i.CyBle_SetDeviceAddress
                0x00001b60       0x24 ..\..\..\..\PSoC Creator\4.2\Downloads ( 4.2).cylib\BLE_v3_66\Library\gccCyBLEStack_BLE_SOC_PERIPHERAL.a(CyBle.o)
                0x00001b60                CyBle_SetDeviceAddress

i.CyBle_StackGetFeatureConfig
                0x00001b84       0x38
 i.CyBle_StackGetFeatureConfig
                0x00001b84       0x38 ..\..\..\..\PSoC Creator\4.2\Downloads ( 4.2).cylib\BLE_v3_66\Library\gccCyBLEStack_BLE_SOC_PERIPHERAL.a(CyBle.o)
                0x00001b84                CyBle_StackGetFeatureConfig

i.CyBle_StackInit
                0x00001bbc      0x154
 i.CyBle_StackInit
                0x00001bbc      0x154 ..\..\..\..\PSoC Creator\4.2\Downloads ( 4.2).cylib\BLE_v3_66\Library\gccCyBLEStack_BLE_SOC_PERIPHERAL.a(CyBle.o)
                0x00001bbc                CyBle_StackInit

i.CyBle_StackSetFeatureConfig
                0x00001d10       0xe8
 i.CyBle_StackSetFeatureConfig
                0x00001d10       0xe8 ..\..\..\..\PSoC Creator\4.2\Downloads ( 4.2).cylib\BLE_v3_66\Library\gccCyBLEStack_BLE_SOC_PERIPHERAL.a(CyBle.o)
                0x00001d10                CyBle_StackSetFeatureConfig

i.CyBle_StackValidateInputParams
                0x00001df8       0xf4
 i.CyBle_StackValidateInputParams
                0x00001df8       0xf4 ..\..\..\..\PSoC Creator\4.2\Downloads ( 4.2).cylib\BLE_v3_66\Library\gccCyBLEStack_BLE_SOC_PERIPHERAL.a(CyBle.o)

i.__ARM_common_switch8
                0x00001eec       0x1a
 i.__ARM_common_switch8
                0x00001eec       0x1a ..\..\..\..\PSoC Creator\4.2\Downloads ( 4.2).cylib\BLE_v3_66\Library\gccCyBLEStack_BLE_SOC_PERIPHERAL.a(CyBle.o)
                0x00001eec                __ARM_common_switch8

i.CyBleStackMgr_Init
                0x00001f08      0x10c
 i.CyBleStackMgr_Init
                0x00001f08      0x10c ..\..\..\..\PSoC Creator\4.2\Downloads ( 4.2).cylib\BLE_v3_66\Library\gccCyBLEStack_BLE_SOC_PERIPHERAL.a(CyBleStackMgrIP_Interface.o)
                0x00001f08                CyBleStackMgr_Init

i.CyBleStackMgr_ProcessBleEvents
                0x00002014       0x14
 i.CyBleStackMgr_ProcessBleEvents
                0x00002014       0x14 ..\..\..\..\PSoC Creator\4.2\Downloads ( 4.2).cylib\BLE_v3_66\Library\gccCyBLEStack_BLE_SOC_PERIPHERAL.a(CyBleStackMgrIP_Interface.o)
                0x00002014                CyBleStackMgr_ProcessBleEvents

i.CyBle_GetHeapMemory
                0x00002028       0x28
 i.CyBle_GetHeapMemory
                0x00002028       0x28 ..\..\..\..\PSoC Creator\4.2\Downloads ( 4.2).cylib\BLE_v3_66\Library\gccCyBLEStack_BLE_SOC_PERIPHERAL.a(CyBleStackMgrIP_Interface.o)
                0x00002028                CyBle_GetHeapMemory

i.CyBle_GetNumAppBufferPools
                0x00002050        0xc
 i.CyBle_GetNumAppBufferPools
                0x00002050        0xc ..\..\..\..\PSoC Creator\4.2\Downloads ( 4.2).cylib\BLE_v3_66\Library\gccCyBLEStack_BLE_SOC_PERIPHERAL.a(CyBleStackMgrIP_Interface.o)
                0x00002050                CyBle_GetNumAppBufferPools

i.CyBle_HostStackBufferPoolInit
                0x0000205c       0xec
 i.CyBle_HostStackBufferPoolInit
                0x0000205c       0xec ..\..\..\..\PSoC Creator\4.2\Downloads ( 4.2).cylib\BLE_v3_66\Library\gccCyBLEStack_BLE_SOC_PERIPHERAL.a(CyBleStackMgrIP_Interface.o)

i.ble_stack_idle_task_callback
                0x00002148        0x2
 i.ble_stack_idle_task_callback
                0x00002148        0x2 ..\..\..\..\PSoC Creator\4.2\Downloads ( 4.2).cylib\BLE_v3_66\Library\gccCyBLEStack_BLE_SOC_PERIPHERAL.a(CyBleStackMgrIP_Interface.o)
                0x00002148                ble_stack_idle_task_callback

i.BT_OSFreeBuf  0x0000214c       0x20
 i.BT_OSFreeBuf
                0x0000214c       0x20 ..\..\..\..\PSoC Creator\4.2\Downloads ( 4.2).cylib\BLE_v3_66\Library\gccCyBLEStack_BLE_SOC_PERIPHERAL.a(BT_os.o)
                0x0000214c                BT_OSFreeBuf

i.BT_OSGetBuF   0x0000216c       0x34
 i.BT_OSGetBuF  0x0000216c       0x34 ..\..\..\..\PSoC Creator\4.2\Downloads ( 4.2).cylib\BLE_v3_66\Library\gccCyBLEStack_BLE_SOC_PERIPHERAL.a(BT_os.o)
                0x0000216c                BT_OSGetBuF

i.BT_OSMemCreate
                0x000021a0       0x3c
 i.BT_OSMemCreate
                0x000021a0       0x3c ..\..\..\..\PSoC Creator\4.2\Downloads ( 4.2).cylib\BLE_v3_66\Library\gccCyBLEStack_BLE_SOC_PERIPHERAL.a(BT_os.o)
                0x000021a0                BT_OSMemCreate

i.BT_alloc_mem_ext
                0x000021dc       0x3c
 i.BT_alloc_mem_ext
                0x000021dc       0x3c ..\..\..\..\PSoC Creator\4.2\Downloads ( 4.2).cylib\BLE_v3_66\Library\gccCyBLEStack_BLE_SOC_PERIPHERAL.a(BT_os.o)
                0x000021dc                BT_alloc_mem_ext

i.BT_free_mem   0x00002218        0xc
 i.BT_free_mem  0x00002218        0xc ..\..\..\..\PSoC Creator\4.2\Downloads ( 4.2).cylib\BLE_v3_66\Library\gccCyBLEStack_BLE_SOC_PERIPHERAL.a(BT_os.o)
                0x00002218                BT_free_mem

i.bt_stack_create_buffer_pool
                0x00002224       0x30
 i.bt_stack_create_buffer_pool
                0x00002224       0x30 ..\..\..\..\PSoC Creator\4.2\Downloads ( 4.2).cylib\BLE_v3_66\Library\gccCyBLEStack_BLE_SOC_PERIPHERAL.a(BT_os.o)
                0x00002224                bt_stack_create_buffer_pool

i.BT_start_timer
                0x00002254       0xa8
 i.BT_start_timer
                0x00002254       0xa8 ..\..\..\..\PSoC Creator\4.2\Downloads ( 4.2).cylib\BLE_v3_66\Library\gccCyBLEStack_BLE_SOC_PERIPHERAL.a(BT_timer.o)
                0x00002254                BT_start_timer

i.BT_stop_timer
                0x000022fc       0x6c
 i.BT_stop_timer
                0x000022fc       0x6c ..\..\..\..\PSoC Creator\4.2\Downloads ( 4.2).cylib\BLE_v3_66\Library\gccCyBLEStack_BLE_SOC_PERIPHERAL.a(BT_timer.o)
                0x000022fc                BT_stop_timer

i.BT_timer_process_signals
                0x00002368       0xa4
 i.BT_timer_process_signals
                0x00002368       0xa4 ..\..\..\..\PSoC Creator\4.2\Downloads ( 4.2).cylib\BLE_v3_66\Library\gccCyBLEStack_BLE_SOC_PERIPHERAL.a(BT_timer.o)
                0x00002368                BT_timer_process_signals

i.pf_timer_handle_callback
                0x0000240c       0x20
 i.pf_timer_handle_callback
                0x0000240c       0x20 ..\..\..\..\PSoC Creator\4.2\Downloads ( 4.2).cylib\BLE_v3_66\Library\gccCyBLEStack_BLE_SOC_PERIPHERAL.a(BT_timer.o)
                0x0000240c                pf_timer_handle_callback

i.timer_active_entity
                0x0000242c       0x24
 i.timer_active_entity
                0x0000242c       0x24 ..\..\..\..\PSoC Creator\4.2\Downloads ( 4.2).cylib\BLE_v3_66\Library\gccCyBLEStack_BLE_SOC_PERIPHERAL.a(BT_timer.o)
                0x0000242c                timer_active_entity

i.timer_alloc_entity
                0x00002450       0x1c
 i.timer_alloc_entity
                0x00002450       0x1c ..\..\..\..\PSoC Creator\4.2\Downloads ( 4.2).cylib\BLE_v3_66\Library\gccCyBLEStack_BLE_SOC_PERIPHERAL.a(BT_timer.o)
                0x00002450                timer_alloc_entity

i.timer_allocated_entity
                0x0000246c       0x34
 i.timer_allocated_entity
                0x0000246c       0x34 ..\..\..\..\PSoC Creator\4.2\Downloads ( 4.2).cylib\BLE_v3_66\Library\gccCyBLEStack_BLE_SOC_PERIPHERAL.a(BT_timer.o)
                0x0000246c                timer_allocated_entity

i.timer_bt_init
                0x000024a0        0x2
 i.timer_bt_init
                0x000024a0        0x2 ..\..\..\..\PSoC Creator\4.2\Downloads ( 4.2).cylib\BLE_v3_66\Library\gccCyBLEStack_BLE_SOC_PERIPHERAL.a(BT_timer.o)
                0x000024a0                timer_bt_init

i.timer_init    0x000024a4       0x28
 i.timer_init   0x000024a4       0x28 ..\..\..\..\PSoC Creator\4.2\Downloads ( 4.2).cylib\BLE_v3_66\Library\gccCyBLEStack_BLE_SOC_PERIPHERAL.a(BT_timer.o)
                0x000024a4                timer_init

i.timer_update_offsets
                0x000024cc       0x2c
 i.timer_update_offsets
                0x000024cc       0x2c ..\..\..\..\PSoC Creator\4.2\Downloads ( 4.2).cylib\BLE_v3_66\Library\gccCyBLEStack_BLE_SOC_PERIPHERAL.a(BT_timer.o)

i.CyBle_CheckBleStackTaskStatus
                0x000024f8        0x4
 i.CyBle_CheckBleStackTaskStatus
                0x000024f8        0x4 ..\..\..\..\PSoC Creator\4.2\Downloads ( 4.2).cylib\BLE_v3_66\Library\gccCyBLEStack_BLE_SOC_PERIPHERAL.a(CyBleStackMgr_StackTaskHandler.o)
                0x000024f8                CyBle_CheckBleStackTaskStatus

i.CyBle_CreateBleStackTask
                0x000024fc       0x2c
 i.CyBle_CreateBleStackTask
                0x000024fc       0x2c ..\..\..\..\PSoC Creator\4.2\Downloads ( 4.2).cylib\BLE_v3_66\Library\gccCyBLEStack_BLE_SOC_PERIPHERAL.a(CyBleStackMgr_StackTaskHandler.o)
                0x000024fc                CyBle_CreateBleStackTask

i.CyBle_SignalBleStackTask
                0x00002528       0x50
 i.CyBle_SignalBleStackTask
                0x00002528       0x50 ..\..\..\..\PSoC Creator\4.2\Downloads ( 4.2).cylib\BLE_v3_66\Library\gccCyBLEStack_BLE_SOC_PERIPHERAL.a(CyBleStackMgr_StackTaskHandler.o)
                0x00002528                CyBle_SignalBleStackTask

i.CyBle_StackTaskHandler
                0x00002578       0x64
 i.CyBle_StackTaskHandler
                0x00002578       0x64 ..\..\..\..\PSoC Creator\4.2\Downloads ( 4.2).cylib\BLE_v3_66\Library\gccCyBLEStack_BLE_SOC_PERIPHERAL.a(CyBleStackMgr_StackTaskHandler.o)
                0x00002578                CyBle_StackTaskHandler

i.hci_soft_transport_notify_data_received
                0x000025dc        0xc
 i.hci_soft_transport_notify_data_received
                0x000025dc        0xc ..\..\..\..\PSoC Creator\4.2\Downloads ( 4.2).cylib\BLE_v3_66\Library\gccCyBLEStack_BLE_SOC_PERIPHERAL.a(transport_sf.o)
                0x000025dc                hci_soft_transport_notify_data_received

i.hci_soft_transport_rx_data
                0x000025e8       0x40
 i.hci_soft_transport_rx_data
                0x000025e8       0x40 ..\..\..\..\PSoC Creator\4.2\Downloads ( 4.2).cylib\BLE_v3_66\Library\gccCyBLEStack_BLE_SOC_PERIPHERAL.a(transport_sf.o)
                0x000025e8                hci_soft_transport_rx_data

i.hci_transport_bt_init
                0x00002628        0x2
 i.hci_transport_bt_init
                0x00002628        0x2 ..\..\..\..\PSoC Creator\4.2\Downloads ( 4.2).cylib\BLE_v3_66\Library\gccCyBLEStack_BLE_SOC_PERIPHERAL.a(transport_sf.o)
                0x00002628                hci_transport_bt_init

i.hci_transport_init
                0x0000262c       0x10
 i.hci_transport_init
                0x0000262c       0x10 ..\..\..\..\PSoC Creator\4.2\Downloads ( 4.2).cylib\BLE_v3_66\Library\gccCyBLEStack_BLE_SOC_PERIPHERAL.a(transport_sf.o)
                0x0000262c                hci_transport_init

i.hci_transport_write_data
                0x0000263c       0xd4
 i.hci_transport_write_data
                0x0000263c       0xd4 ..\..\..\..\PSoC Creator\4.2\Downloads ( 4.2).cylib\BLE_v3_66\Library\gccCyBLEStack_BLE_SOC_PERIPHERAL.a(transport_sf.o)
                0x0000263c                hci_transport_write_data

i.pf_hci_soft_transport_write
                0x00002710       0x44
 i.pf_hci_soft_transport_write
                0x00002710       0x44 ..\..\..\..\PSoC Creator\4.2\Downloads ( 4.2).cylib\BLE_v3_66\Library\gccCyBLEStack_BLE_SOC_PERIPHERAL.a(transport_sf.o)
                0x00002710                pf_hci_soft_transport_write

i.pf_soft_hci_transport_init
                0x00002754        0xc
 i.pf_soft_hci_transport_init
                0x00002754        0xc ..\..\..\..\PSoC Creator\4.2\Downloads ( 4.2).cylib\BLE_v3_66\Library\gccCyBLEStack_BLE_SOC_PERIPHERAL.a(transport_sf.o)
                0x00002754                pf_soft_hci_transport_init

i.CyBleStackMgr_GetTime
                0x00002760       0x14
 i.CyBleStackMgr_GetTime
                0x00002760       0x14 ..\..\..\..\PSoC Creator\4.2\Downloads ( 4.2).cylib\BLE_v3_66\Library\gccCyBLEStack_BLE_SOC_PERIPHERAL.a(CyBleStackMgr_PSoCHal.o)
                0x00002760                CyBleStackMgr_GetTime

i.CyBleStackMgr_HalInit
                0x00002774       0x24
 i.CyBleStackMgr_HalInit
                0x00002774       0x24 ..\..\..\..\PSoC Creator\4.2\Downloads ( 4.2).cylib\BLE_v3_66\Library\gccCyBLEStack_BLE_SOC_PERIPHERAL.a(CyBleStackMgr_PSoCHal.o)
                0x00002774                CyBleStackMgr_HalInit

i.CyBleStackMgr_HalIntrEnable
                0x00002798        0x8
 i.CyBleStackMgr_HalIntrEnable
                0x00002798        0x8 ..\..\..\..\PSoC Creator\4.2\Downloads ( 4.2).cylib\BLE_v3_66\Library\gccCyBLEStack_BLE_SOC_PERIPHERAL.a(CyBleStackMgr_PSoCHal.o)
                0x00002798                CyBleStackMgr_HalIntrEnable

i.CyBleStackMgr_HandleLinkLayerTick
                0x000027a0       0x5c
 i.CyBleStackMgr_HandleLinkLayerTick
                0x000027a0       0x5c ..\..\..\..\PSoC Creator\4.2\Downloads ( 4.2).cylib\BLE_v3_66\Library\gccCyBLEStack_BLE_SOC_PERIPHERAL.a(CyBleStackMgr_PSoCHal.o)
                0x000027a0                CyBleStackMgr_HandleLinkLayerTick

i.CyBleStackMgr_HciPortInit
                0x000027fc        0xc
 i.CyBleStackMgr_HciPortInit
                0x000027fc        0xc ..\..\..\..\PSoC Creator\4.2\Downloads ( 4.2).cylib\BLE_v3_66\Library\gccCyBLEStack_BLE_SOC_PERIPHERAL.a(CyBleStackMgr_PSoCHal.o)
                0x000027fc                CyBleStackMgr_HciPortInit

i.CyBleStackMgr_HciPortReset
                0x00002808        0x2
 i.CyBleStackMgr_HciPortReset
                0x00002808        0x2 ..\..\..\..\PSoC Creator\4.2\Downloads ( 4.2).cylib\BLE_v3_66\Library\gccCyBLEStack_BLE_SOC_PERIPHERAL.a(CyBleStackMgr_PSoCHal.o)
                0x00002808                CyBleStackMgr_HciPortReset

i.CyBleStackMgr_HciPortWrite
                0x0000280a        0x8
 i.CyBleStackMgr_HciPortWrite
                0x0000280a        0x8 ..\..\..\..\PSoC Creator\4.2\Downloads ( 4.2).cylib\BLE_v3_66\Library\gccCyBLEStack_BLE_SOC_PERIPHERAL.a(CyBleStackMgr_PSoCHal.o)
                0x0000280a                CyBleStackMgr_HciPortWrite

i.CyBleStackMgr_ResetLinkLayerTimerEntity
                0x00002814       0x14
 i.CyBleStackMgr_ResetLinkLayerTimerEntity
                0x00002814       0x14 ..\..\..\..\PSoC Creator\4.2\Downloads ( 4.2).cylib\BLE_v3_66\Library\gccCyBLEStack_BLE_SOC_PERIPHERAL.a(CyBleStackMgr_PSoCHal.o)
                0x00002814                CyBleStackMgr_ResetLinkLayerTimerEntity

i.CyBleStackMgr_TimerStart
                0x00002828       0x2c
 i.CyBleStackMgr_TimerStart
                0x00002828       0x2c ..\..\..\..\PSoC Creator\4.2\Downloads ( 4.2).cylib\BLE_v3_66\Library\gccCyBLEStack_BLE_SOC_PERIPHERAL.a(CyBleStackMgr_PSoCHal.o)
                0x00002828                CyBleStackMgr_TimerStart

i.CyBleStackMgr_TimerStop
                0x00002854       0x18
 i.CyBleStackMgr_TimerStop
                0x00002854       0x18 ..\..\..\..\PSoC Creator\4.2\Downloads ( 4.2).cylib\BLE_v3_66\Library\gccCyBLEStack_BLE_SOC_PERIPHERAL.a(CyBleStackMgr_PSoCHal.o)
                0x00002854                CyBleStackMgr_TimerStop

i.CyBleStackMgr_isTimerRunning
                0x0000286c       0x10
 i.CyBleStackMgr_isTimerRunning
                0x0000286c       0x10 ..\..\..\..\PSoC Creator\4.2\Downloads ( 4.2).cylib\BLE_v3_66\Library\gccCyBLEStack_BLE_SOC_PERIPHERAL.a(CyBleStackMgr_PSoCHal.o)
                0x0000286c                CyBleStackMgr_isTimerRunning

i.CyBleAtlantisRadioInit
                0x0000287c      0x168
 i.CyBleAtlantisRadioInit
                0x0000287c      0x168 ..\..\..\..\PSoC Creator\4.2\Downloads ( 4.2).cylib\BLE_v3_66\Library\gccCyBLEStack_BLE_SOC_PERIPHERAL.a(CyBleStackMgr_BleSSDriver.o)

i.CyBleStackMgr_BleSSFifoRead
                0x000029e4       0x38
 i.CyBleStackMgr_BleSSFifoRead
                0x000029e4       0x38 ..\..\..\..\PSoC Creator\4.2\Downloads ( 4.2).cylib\BLE_v3_66\Library\gccCyBLEStack_BLE_SOC_PERIPHERAL.a(CyBleStackMgr_BleSSDriver.o)
                0x000029e4                CyBleStackMgr_BleSSFifoRead

i.CyBleStackMgr_BleSSFifoWrite
                0x00002a1c       0x30
 i.CyBleStackMgr_BleSSFifoWrite
                0x00002a1c       0x30 ..\..\..\..\PSoC Creator\4.2\Downloads ( 4.2).cylib\BLE_v3_66\Library\gccCyBLEStack_BLE_SOC_PERIPHERAL.a(CyBleStackMgr_BleSSDriver.o)
                0x00002a1c                CyBleStackMgr_BleSSFifoWrite

i.CyBleStackMgr_BleSSInit
                0x00002a4c       0x50
 i.CyBleStackMgr_BleSSInit
                0x00002a4c       0x50 ..\..\..\..\PSoC Creator\4.2\Downloads ( 4.2).cylib\BLE_v3_66\Library\gccCyBLEStack_BLE_SOC_PERIPHERAL.a(CyBleStackMgr_BleSSDriver.o)
                0x00002a4c                CyBleStackMgr_BleSSInit

i.CyBleStackMgr_BleSSMemRead
                0x00002a9c       0x32
 i.CyBleStackMgr_BleSSMemRead
                0x00002a9c       0x32 ..\..\..\..\PSoC Creator\4.2\Downloads ( 4.2).cylib\BLE_v3_66\Library\gccCyBLEStack_BLE_SOC_PERIPHERAL.a(CyBleStackMgr_BleSSDriver.o)
                0x00002a9c                CyBleStackMgr_BleSSMemRead

i.CyBleStackMgr_BleSSMemWrite
                0x00002ad0       0x34
 i.CyBleStackMgr_BleSSMemWrite
                0x00002ad0       0x34 ..\..\..\..\PSoC Creator\4.2\Downloads ( 4.2).cylib\BLE_v3_66\Library\gccCyBLEStack_BLE_SOC_PERIPHERAL.a(CyBleStackMgr_BleSSDriver.o)
                0x00002ad0                CyBleStackMgr_BleSSMemWrite

i.CyBleStackMgr_BleSSMemWriteFields
                0x00002b04       0x78
 i.CyBleStackMgr_BleSSMemWriteFields
                0x00002b04       0x78 ..\..\..\..\PSoC Creator\4.2\Downloads ( 4.2).cylib\BLE_v3_66\Library\gccCyBLEStack_BLE_SOC_PERIPHERAL.a(CyBleStackMgr_BleSSDriver.o)
                0x00002b04                CyBleStackMgr_BleSSMemWriteFields

i.CyBleStackMgr_BleSSRegRead
                0x00002b7c        0xc
 i.CyBleStackMgr_BleSSRegRead
                0x00002b7c        0xc ..\..\..\..\PSoC Creator\4.2\Downloads ( 4.2).cylib\BLE_v3_66\Library\gccCyBLEStack_BLE_SOC_PERIPHERAL.a(CyBleStackMgr_BleSSDriver.o)
                0x00002b7c                CyBleStackMgr_BleSSRegRead

i.CyBleStackMgr_BleSSReset
                0x00002b88       0x38
 i.CyBleStackMgr_BleSSReset
                0x00002b88       0x38 ..\..\..\..\PSoC Creator\4.2\Downloads ( 4.2).cylib\BLE_v3_66\Library\gccCyBLEStack_BLE_SOC_PERIPHERAL.a(CyBleStackMgr_BleSSDriver.o)
                0x00002b88                CyBleStackMgr_BleSSReset

i.CyBleStackMgr_GenericIface
                0x00002bc0       0x3c
 i.CyBleStackMgr_GenericIface
                0x00002bc0       0x3c ..\..\..\..\PSoC Creator\4.2\Downloads ( 4.2).cylib\BLE_v3_66\Library\gccCyBLEStack_BLE_SOC_PERIPHERAL.a(CyBleStackMgr_BleSSDriver.o)
                0x00002bc0                CyBleStackMgr_GenericIface

i.CyBleStackMgr_HandleBleSSIntr
                0x00002bfc       0xa0
 i.CyBleStackMgr_HandleBleSSIntr
                0x00002bfc       0xa0 ..\..\..\..\PSoC Creator\4.2\Downloads ( 4.2).cylib\BLE_v3_66\Library\gccCyBLEStack_BLE_SOC_PERIPHERAL.a(CyBleStackMgr_BleSSDriver.o)
                0x00002bfc                CyBleStackMgr_HandleBleSSIntr

i.CyBleStackMgr_SetClockParam
                0x00002c9c       0xb4
 i.CyBleStackMgr_SetClockParam
                0x00002c9c       0xb4 ..\..\..\..\PSoC Creator\4.2\Downloads ( 4.2).cylib\BLE_v3_66\Library\gccCyBLEStack_BLE_SOC_PERIPHERAL.a(CyBleStackMgr_BleSSDriver.o)

i.CyBle_ExitDsmMode
                0x00002d50       0x2c
 i.CyBle_ExitDsmMode
                0x00002d50       0x2c ..\..\..\..\PSoC Creator\4.2\Downloads ( 4.2).cylib\BLE_v3_66\Library\gccCyBLEStack_BLE_SOC_PERIPHERAL.a(CyBleStackMgr_BleSSDriver.o)
                0x00002d50                CyBle_ExitDsmMode

i.CyBle_GetBleSsOperationalMode
                0x00002d7c        0xc
 i.CyBle_GetBleSsOperationalMode
                0x00002d7c        0xc ..\..\..\..\PSoC Creator\4.2\Downloads ( 4.2).cylib\BLE_v3_66\Library\gccCyBLEStack_BLE_SOC_PERIPHERAL.a(CyBleStackMgr_BleSSDriver.o)
                0x00002d7c                CyBle_GetBleSsOperationalMode

i.CyBle_GetLpMode
                0x00002d88       0x26
 i.CyBle_GetLpMode
                0x00002d88       0x26 ..\..\..\..\PSoC Creator\4.2\Downloads ( 4.2).cylib\BLE_v3_66\Library\gccCyBLEStack_BLE_SOC_PERIPHERAL.a(CyBleStackMgr_BleSSDriver.o)
                0x00002d88                CyBle_GetLpMode

i.CyBle_GetTxGainMode
                0x00002db0       0x2c
 i.CyBle_GetTxGainMode
                0x00002db0       0x2c ..\..\..\..\PSoC Creator\4.2\Downloads ( 4.2).cylib\BLE_v3_66\Library\gccCyBLEStack_BLE_SOC_PERIPHERAL.a(CyBleStackMgr_BleSSDriver.o)
                0x00002db0                CyBle_GetTxGainMode

i.CyBle_SetBleSsOperationalMode
                0x00002ddc       0x20
 i.CyBle_SetBleSsOperationalMode
                0x00002ddc       0x20 ..\..\..\..\PSoC Creator\4.2\Downloads ( 4.2).cylib\BLE_v3_66\Library\gccCyBLEStack_BLE_SOC_PERIPHERAL.a(CyBleStackMgr_BleSSDriver.o)
                0x00002ddc                CyBle_SetBleSsOperationalMode

i.CyBle_SetEventCloseState
                0x00002dfc        0xc
 i.CyBle_SetEventCloseState
                0x00002dfc        0xc ..\..\..\..\PSoC Creator\4.2\Downloads ( 4.2).cylib\BLE_v3_66\Library\gccCyBLEStack_BLE_SOC_PERIPHERAL.a(CyBleStackMgr_BleSSDriver.o)
                0x00002dfc                CyBle_SetEventCloseState

i.CyBle_SetRxGainMode
                0x00002e08       0x20
 i.CyBle_SetRxGainMode
                0x00002e08       0x20 ..\..\..\..\PSoC Creator\4.2\Downloads ( 4.2).cylib\BLE_v3_66\Library\gccCyBLEStack_BLE_SOC_PERIPHERAL.a(CyBleStackMgr_BleSSDriver.o)
                0x00002e08                CyBle_SetRxGainMode

i.CyBle_SetTxGainMode
                0x00002e28       0x38
 i.CyBle_SetTxGainMode
                0x00002e28       0x38 ..\..\..\..\PSoC Creator\4.2\Downloads ( 4.2).cylib\BLE_v3_66\Library\gccCyBLEStack_BLE_SOC_PERIPHERAL.a(CyBleStackMgr_BleSSDriver.o)
                0x00002e28                CyBle_SetTxGainMode

i.pf_rf_get_abs_rssi
                0x00002e60       0x50
 i.pf_rf_get_abs_rssi
                0x00002e60       0x50 ..\..\..\..\PSoC Creator\4.2\Downloads ( 4.2).cylib\BLE_v3_66\Library\gccCyBLEStack_BLE_SOC_PERIPHERAL.a(CyBleStackMgr_BleSSDriver.o)
                0x00002e60                pf_rf_get_abs_rssi

i.BleStackFlashStorageInit
                0x00002eb0       0x84
 i.BleStackFlashStorageInit
                0x00002eb0       0x84 ..\..\..\..\PSoC Creator\4.2\Downloads ( 4.2).cylib\BLE_v3_66\Library\gccCyBLEStack_BLE_SOC_PERIPHERAL.a(storage_pl.o)
                0x00002eb0                BleStackFlashStorageInit

i.BleStackIsFlashCorrupted
                0x00002f34       0x3c
 i.BleStackIsFlashCorrupted
                0x00002f34       0x3c ..\..\..\..\PSoC Creator\4.2\Downloads ( 4.2).cylib\BLE_v3_66\Library\gccCyBLEStack_BLE_SOC_PERIPHERAL.a(storage_pl.o)
                0x00002f34                BleStackIsFlashCorrupted

i.BleStackWriteToFlashPending
                0x00002f70       0x24
 i.BleStackWriteToFlashPending
                0x00002f70       0x24 ..\..\..\..\PSoC Creator\4.2\Downloads ( 4.2).cylib\BLE_v3_66\Library\gccCyBLEStack_BLE_SOC_PERIPHERAL.a(storage_pl.o)
                0x00002f70                BleStackWriteToFlashPending

i.BleStackWriteToFlashRam
                0x00002f94       0x7c
 i.BleStackWriteToFlashRam
                0x00002f94       0x7c ..\..\..\..\PSoC Creator\4.2\Downloads ( 4.2).cylib\BLE_v3_66\Library\gccCyBLEStack_BLE_SOC_PERIPHERAL.a(storage_pl.o)
                0x00002f94                BleStackWriteToFlashRam

i.calc_checksum
                0x00003010       0x1a
 i.calc_checksum
                0x00003010       0x1a ..\..\..\..\PSoC Creator\4.2\Downloads ( 4.2).cylib\BLE_v3_66\Library\gccCyBLEStack_BLE_SOC_PERIPHERAL.a(storage_pl.o)
                0x00003010                calc_checksum

i.storage_bt_init_pl
                0x0000302c       0x30
 i.storage_bt_init_pl
                0x0000302c       0x30 ..\..\..\..\PSoC Creator\4.2\Downloads ( 4.2).cylib\BLE_v3_66\Library\gccCyBLEStack_BLE_SOC_PERIPHERAL.a(storage_pl.o)
                0x0000302c                storage_bt_init_pl

i.storage_close_pl
                0x0000305c        0x4
 i.storage_close_pl
                0x0000305c        0x4 ..\..\..\..\PSoC Creator\4.2\Downloads ( 4.2).cylib\BLE_v3_66\Library\gccCyBLEStack_BLE_SOC_PERIPHERAL.a(storage_pl.o)
                0x0000305c                storage_close_pl

i.storage_open_pl
                0x00003060       0x1c
 i.storage_open_pl
                0x00003060       0x1c ..\..\..\..\PSoC Creator\4.2\Downloads ( 4.2).cylib\BLE_v3_66\Library\gccCyBLEStack_BLE_SOC_PERIPHERAL.a(storage_pl.o)
                0x00003060                storage_open_pl

i.storage_read_pl
                0x0000307c       0x28
 i.storage_read_pl
                0x0000307c       0x28 ..\..\..\..\PSoC Creator\4.2\Downloads ( 4.2).cylib\BLE_v3_66\Library\gccCyBLEStack_BLE_SOC_PERIPHERAL.a(storage_pl.o)
                0x0000307c                storage_read_pl

i.storage_read_signature_pl
                0x000030a4       0x2c
 i.storage_read_signature_pl
                0x000030a4       0x2c ..\..\..\..\PSoC Creator\4.2\Downloads ( 4.2).cylib\BLE_v3_66\Library\gccCyBLEStack_BLE_SOC_PERIPHERAL.a(storage_pl.o)
                0x000030a4                storage_read_signature_pl

i.storage_register_flash_pointer
                0x000030d0       0x20
 i.storage_register_flash_pointer
                0x000030d0       0x20 ..\..\..\..\PSoC Creator\4.2\Downloads ( 4.2).cylib\BLE_v3_66\Library\gccCyBLEStack_BLE_SOC_PERIPHERAL.a(storage_pl.o)
                0x000030d0                storage_register_flash_pointer

i.storage_reset_storage_offset
                0x000030f0       0x10
 i.storage_reset_storage_offset
                0x000030f0       0x10 ..\..\..\..\PSoC Creator\4.2\Downloads ( 4.2).cylib\BLE_v3_66\Library\gccCyBLEStack_BLE_SOC_PERIPHERAL.a(storage_pl.o)

i.storage_write_pl
                0x00003100       0x24
 i.storage_write_pl
                0x00003100       0x24 ..\..\..\..\PSoC Creator\4.2\Downloads ( 4.2).cylib\BLE_v3_66\Library\gccCyBLEStack_BLE_SOC_PERIPHERAL.a(storage_pl.o)
                0x00003100                storage_write_pl

i.storage_write_signature_pl
                0x00003124       0x14
 i.storage_write_signature_pl
                0x00003124       0x14 ..\..\..\..\PSoC Creator\4.2\Downloads ( 4.2).cylib\BLE_v3_66\Library\gccCyBLEStack_BLE_SOC_PERIPHERAL.a(storage_pl.o)
                0x00003124                storage_write_signature_pl

i.OS_init       0x00003138       0x64
 i.OS_init      0x00003138       0x64 ..\..\..\..\PSoC Creator\4.2\Downloads ( 4.2).cylib\BLE_v3_66\Library\gccCyBLEStack_BLE_SOC_PERIPHERAL.a(mint_os.o)
                0x00003138                OS_init

i.mintos_malloc
                0x0000319c       0x34
 i.mintos_malloc
                0x0000319c       0x34 ..\..\..\..\PSoC Creator\4.2\Downloads ( 4.2).cylib\BLE_v3_66\Library\gccCyBLEStack_BLE_SOC_PERIPHERAL.a(mint_os.o)
                0x0000319c                mintos_malloc

i.OS_create_queue
                0x000031d0       0x64
 i.OS_create_queue
                0x000031d0       0x64 ..\..\..\..\PSoC Creator\4.2\Downloads ( 4.2).cylib\BLE_v3_66\Library\gccCyBLEStack_BLE_SOC_PERIPHERAL.a(mint_os_queue.o)
                0x000031d0                OS_create_queue

i.OS_enqueue_item
                0x00003234       0x8c
 i.OS_enqueue_item
                0x00003234       0x8c ..\..\..\..\PSoC Creator\4.2\Downloads ( 4.2).cylib\BLE_v3_66\Library\gccCyBLEStack_BLE_SOC_PERIPHERAL.a(mint_os_queue.o)
                0x00003234                OS_enqueue_item

i.OS_queue_get_num_of_items
                0x000032c0       0x28
 i.OS_queue_get_num_of_items
                0x000032c0       0x28 ..\..\..\..\PSoC Creator\4.2\Downloads ( 4.2).cylib\BLE_v3_66\Library\gccCyBLEStack_BLE_SOC_PERIPHERAL.a(mint_os_queue.o)
                0x000032c0                OS_queue_get_num_of_items

i.OS_queue_mgmt_init
                0x000032e8       0x40
 i.OS_queue_mgmt_init
                0x000032e8       0x40 ..\..\..\..\PSoC Creator\4.2\Downloads ( 4.2).cylib\BLE_v3_66\Library\gccCyBLEStack_BLE_SOC_PERIPHERAL.a(mint_os_queue.o)
                0x000032e8                OS_queue_mgmt_init

i.OS_remove_item
                0x00003328       0xa0
 i.OS_remove_item
                0x00003328       0xa0 ..\..\..\..\PSoC Creator\4.2\Downloads ( 4.2).cylib\BLE_v3_66\Library\gccCyBLEStack_BLE_SOC_PERIPHERAL.a(mint_os_queue.o)
                0x00003328                OS_remove_item

i.OS_create_task
                0x000033c8       0x88
 i.OS_create_task
                0x000033c8       0x88 ..\..\..\..\PSoC Creator\4.2\Downloads ( 4.2).cylib\BLE_v3_66\Library\gccCyBLEStack_BLE_SOC_PERIPHERAL.a(mint_os_task.o)
                0x000033c8                OS_create_task

i.OS_isr_send_signal_to_task
                0x00003450        0xc
 i.OS_isr_send_signal_to_task
                0x00003450        0xc ..\..\..\..\PSoC Creator\4.2\Downloads ( 4.2).cylib\BLE_v3_66\Library\gccCyBLEStack_BLE_SOC_PERIPHERAL.a(mint_os_task.o)
                0x00003450                OS_isr_send_signal_to_task

i.OS_scheduler  0x0000345c       0x64
 i.OS_scheduler
                0x0000345c       0x64 ..\..\..\..\PSoC Creator\4.2\Downloads ( 4.2).cylib\BLE_v3_66\Library\gccCyBLEStack_BLE_SOC_PERIPHERAL.a(mint_os_task.o)
                0x0000345c                OS_scheduler

i.OS_send_signal_to_task
                0x000034c0        0xc
 i.OS_send_signal_to_task
                0x000034c0        0xc ..\..\..\..\PSoC Creator\4.2\Downloads ( 4.2).cylib\BLE_v3_66\Library\gccCyBLEStack_BLE_SOC_PERIPHERAL.a(mint_os_task.o)
                0x000034c0                OS_send_signal_to_task

i.OS_send_signal_to_task_context
                0x000034cc       0x3c
 i.OS_send_signal_to_task_context
                0x000034cc       0x3c ..\..\..\..\PSoC Creator\4.2\Downloads ( 4.2).cylib\BLE_v3_66\Library\gccCyBLEStack_BLE_SOC_PERIPHERAL.a(mint_os_task.o)

i.OS_task_mgmt_init
                0x00003508       0x50
 i.OS_task_mgmt_init
                0x00003508       0x50 ..\..\..\..\PSoC Creator\4.2\Downloads ( 4.2).cylib\BLE_v3_66\Library\gccCyBLEStack_BLE_SOC_PERIPHERAL.a(mint_os_task.o)
                0x00003508                OS_task_mgmt_init

i.mint_buf_mgmt_allocate_buffer
                0x00003558       0x4c
 i.mint_buf_mgmt_allocate_buffer
                0x00003558       0x4c ..\..\..\..\PSoC Creator\4.2\Downloads ( 4.2).cylib\BLE_v3_66\Library\gccCyBLEStack_BLE_SOC_PERIPHERAL.a(mint_buf_mgmt.o)
                0x00003558                mint_buf_mgmt_allocate_buffer

i.mint_buf_mgmt_create_pool
                0x000035a4       0xd0
 i.mint_buf_mgmt_create_pool
                0x000035a4       0xd0 ..\..\..\..\PSoC Creator\4.2\Downloads ( 4.2).cylib\BLE_v3_66\Library\gccCyBLEStack_BLE_SOC_PERIPHERAL.a(mint_buf_mgmt.o)
                0x000035a4                mint_buf_mgmt_create_pool

i.mint_buf_mgmt_free_buffer
                0x00003674       0xa4
 i.mint_buf_mgmt_free_buffer
                0x00003674       0xa4 ..\..\..\..\PSoC Creator\4.2\Downloads ( 4.2).cylib\BLE_v3_66\Library\gccCyBLEStack_BLE_SOC_PERIPHERAL.a(mint_buf_mgmt.o)
                0x00003674                mint_buf_mgmt_free_buffer

i.mint_buf_mgmt_init
                0x00003718       0x44
 i.mint_buf_mgmt_init
                0x00003718       0x44 ..\..\..\..\PSoC Creator\4.2\Downloads ( 4.2).cylib\BLE_v3_66\Library\gccCyBLEStack_BLE_SOC_PERIPHERAL.a(mint_buf_mgmt.o)
                0x00003718                mint_buf_mgmt_init

i.mint_buf_mgmt_malloc
                0x0000375c       0x28
 i.mint_buf_mgmt_malloc
                0x0000375c       0x28 ..\..\..\..\PSoC Creator\4.2\Downloads ( 4.2).cylib\BLE_v3_66\Library\gccCyBLEStack_BLE_SOC_PERIPHERAL.a(mint_buf_mgmt.o)
                0x0000375c                mint_buf_mgmt_malloc

i.mint_buf_mgmt_pl_init
                0x00003784       0x48
 i.mint_buf_mgmt_pl_init
                0x00003784       0x48 ..\..\..\..\PSoC Creator\4.2\Downloads ( 4.2).cylib\BLE_v3_66\Library\gccCyBLEStack_BLE_SOC_PERIPHERAL.a(mint_buf_mgmt.o)
                0x00003784                mint_buf_mgmt_pl_init

i.mint_buf_mgmt_reset_pool
                0x000037cc       0x70
 i.mint_buf_mgmt_reset_pool
                0x000037cc       0x70 ..\..\..\..\PSoC Creator\4.2\Downloads ( 4.2).cylib\BLE_v3_66\Library\gccCyBLEStack_BLE_SOC_PERIPHERAL.a(mint_buf_mgmt.o)
                0x000037cc                mint_buf_mgmt_reset_pool

i.mint_buf_mgmt_stack_init
                0x0000383c       0x24
 i.mint_buf_mgmt_stack_init
                0x0000383c       0x24 ..\..\..\..\PSoC Creator\4.2\Downloads ( 4.2).cylib\BLE_v3_66\Library\gccCyBLEStack_BLE_SOC_PERIPHERAL.a(mint_buf_mgmt.o)
                0x0000383c                mint_buf_mgmt_stack_init

i.mint_buf_mgmt_stack_pop
                0x00003860       0x36
 i.mint_buf_mgmt_stack_pop
                0x00003860       0x36 ..\..\..\..\PSoC Creator\4.2\Downloads ( 4.2).cylib\BLE_v3_66\Library\gccCyBLEStack_BLE_SOC_PERIPHERAL.a(mint_buf_mgmt.o)
                0x00003860                mint_buf_mgmt_stack_pop

i.mint_buf_mgmt_stack_push
                0x00003896       0x36
 i.mint_buf_mgmt_stack_push
                0x00003896       0x36 ..\..\..\..\PSoC Creator\4.2\Downloads ( 4.2).cylib\BLE_v3_66\Library\gccCyBLEStack_BLE_SOC_PERIPHERAL.a(mint_buf_mgmt.o)
                0x00003896                mint_buf_mgmt_stack_push

i.mint_buf_mgmt_stack_reset
                0x000038cc       0x1e
 i.mint_buf_mgmt_stack_reset
                0x000038cc       0x1e ..\..\..\..\PSoC Creator\4.2\Downloads ( 4.2).cylib\BLE_v3_66\Library\gccCyBLEStack_BLE_SOC_PERIPHERAL.a(mint_buf_mgmt.o)
                0x000038cc                mint_buf_mgmt_stack_reset

i.mint_buf_mgmt_stack_search_item
                0x000038ea       0x30
 i.mint_buf_mgmt_stack_search_item
                0x000038ea       0x30 ..\..\..\..\PSoC Creator\4.2\Downloads ( 4.2).cylib\BLE_v3_66\Library\gccCyBLEStack_BLE_SOC_PERIPHERAL.a(mint_buf_mgmt.o)
                0x000038ea                mint_buf_mgmt_stack_search_item

i.CyBleControllerIP_GetPingState
                0x0000391c        0xc
 i.CyBleControllerIP_GetPingState
                0x0000391c        0xc ..\..\..\..\PSoC Creator\4.2\Downloads ( 4.2).cylib\BLE_v3_66\Library\gccCyBLEStack_BLE_SOC_PERIPHERAL.a(CyBleControllerIP_Interface.o)
                0x0000391c                CyBleControllerIP_GetPingState

i.CyBleController_AddDeviceToWhiteList
                0x00003928       0x48
 i.CyBleController_AddDeviceToWhiteList
                0x00003928       0x48 ..\..\..\..\PSoC Creator\4.2\Downloads ( 4.2).cylib\BLE_v3_66\Library\gccCyBLEStack_BLE_SOC_PERIPHERAL.a(CyBleControllerIP_Interface.o)
                0x00003928                CyBleController_AddDeviceToWhiteList

i.CyBleController_ExitLowPowerMode
                0x00003970       0x10
 i.CyBleController_ExitLowPowerMode
                0x00003970       0x10 ..\..\..\..\PSoC Creator\4.2\Downloads ( 4.2).cylib\BLE_v3_66\Library\gccCyBLEStack_BLE_SOC_PERIPHERAL.a(CyBleControllerIP_Interface.o)
                0x00003970                CyBleController_ExitLowPowerMode

i.CyBleController_GetDeviceAddress
                0x00003980       0x22
 i.CyBleController_GetDeviceAddress
                0x00003980       0x22 ..\..\..\..\PSoC Creator\4.2\Downloads ( 4.2).cylib\BLE_v3_66\Library\gccCyBLEStack_BLE_SOC_PERIPHERAL.a(CyBleControllerIP_Interface.o)
                0x00003980                CyBleController_GetDeviceAddress

i.CyBleController_GetDleHeapMemory
                0x000039a2       0x10
 i.CyBleController_GetDleHeapMemory
                0x000039a2       0x10 ..\..\..\..\PSoC Creator\4.2\Downloads ( 4.2).cylib\BLE_v3_66\Library\gccCyBLEStack_BLE_SOC_PERIPHERAL.a(CyBleControllerIP_Interface.o)
                0x000039a2                CyBleController_GetDleHeapMemory

i.CyBleController_GetPrivacyHeapMemory
                0x000039b4       0x1c
 i.CyBleController_GetPrivacyHeapMemory
                0x000039b4       0x1c ..\..\..\..\PSoC Creator\4.2\Downloads ( 4.2).cylib\BLE_v3_66\Library\gccCyBLEStack_BLE_SOC_PERIPHERAL.a(CyBleControllerIP_Interface.o)
                0x000039b4                CyBleController_GetPrivacyHeapMemory

i.CyBleController_Init
                0x000039d0       0x40
 i.CyBleController_Init
                0x000039d0       0x40 ..\..\..\..\PSoC Creator\4.2\Downloads ( 4.2).cylib\BLE_v3_66\Library\gccCyBLEStack_BLE_SOC_PERIPHERAL.a(CyBleControllerIP_Interface.o)
                0x000039d0                CyBleController_Init

i.CyBleController_SetDeviceAddress
                0x00003a10       0x2e
 i.CyBleController_SetDeviceAddress
                0x00003a10       0x2e ..\..\..\..\PSoC Creator\4.2\Downloads ( 4.2).cylib\BLE_v3_66\Library\gccCyBLEStack_BLE_SOC_PERIPHERAL.a(CyBleControllerIP_Interface.o)
                0x00003a10                CyBleController_SetDeviceAddress

i.CyBleController_SetDleParams
                0x00003a40       0x1c
 i.CyBleController_SetDleParams
                0x00003a40       0x1c ..\..\..\..\PSoC Creator\4.2\Downloads ( 4.2).cylib\BLE_v3_66\Library\gccCyBLEStack_BLE_SOC_PERIPHERAL.a(CyBleControllerIP_Interface.o)
                0x00003a40                CyBleController_SetDleParams

i.CyBleController_SetLePrivacyParams
                0x00003a5c       0x18
 i.CyBleController_SetLePrivacyParams
                0x00003a5c       0x18 ..\..\..\..\PSoC Creator\4.2\Downloads ( 4.2).cylib\BLE_v3_66\Library\gccCyBLEStack_BLE_SOC_PERIPHERAL.a(CyBleControllerIP_Interface.o)
                0x00003a5c                CyBleController_SetLePrivacyParams

i.CyBle_GetFirmwareProgrammedDSM
                0x00003a74        0xc
 i.CyBle_GetFirmwareProgrammedDSM
                0x00003a74        0xc ..\..\..\..\PSoC Creator\4.2\Downloads ( 4.2).cylib\BLE_v3_66\Library\gccCyBLEStack_BLE_SOC_PERIPHERAL.a(CyBleControllerIP_Interface.o)
                0x00003a74                CyBle_GetFirmwareProgrammedDSM

i.CyBle_GetTxPowerLevel
                0x00003a80       0x54
 i.CyBle_GetTxPowerLevel
                0x00003a80       0x54 ..\..\..\..\PSoC Creator\4.2\Downloads ( 4.2).cylib\BLE_v3_66\Library\gccCyBLEStack_BLE_SOC_PERIPHERAL.a(CyBleControllerIP_Interface.o)
                0x00003a80                CyBle_GetTxPowerLevel

i.CyBle_SendBlessEvtoAPP
                0x00003ad4        0xc
 i.CyBle_SendBlessEvtoAPP
                0x00003ad4        0xc ..\..\..\..\PSoC Creator\4.2\Downloads ( 4.2).cylib\BLE_v3_66\Library\gccCyBLEStack_BLE_SOC_PERIPHERAL.a(CyBleControllerIP_Interface.o)
                0x00003ad4                CyBle_SendBlessEvtoAPP

i.CyBle_SendEventToApp
                0x00003ae0       0x38
 i.CyBle_SendEventToApp
                0x00003ae0       0x38 ..\..\..\..\PSoC Creator\4.2\Downloads ( 4.2).cylib\BLE_v3_66\Library\gccCyBLEStack_BLE_SOC_PERIPHERAL.a(CyBleControllerIP_Interface.o)
                0x00003ae0                CyBle_SendEventToApp

i.CyBle_SetFirmwareProgrammedDSM
                0x00003b18        0xc
 i.CyBle_SetFirmwareProgrammedDSM
                0x00003b18        0xc ..\..\..\..\PSoC Creator\4.2\Downloads ( 4.2).cylib\BLE_v3_66\Library\gccCyBLEStack_BLE_SOC_PERIPHERAL.a(CyBleControllerIP_Interface.o)
                0x00003b18                CyBle_SetFirmwareProgrammedDSM

i.CyBle_SetTxPowerLevel
                0x00003b24       0x88
 i.CyBle_SetTxPowerLevel
                0x00003b24       0x88 ..\..\..\..\PSoC Creator\4.2\Downloads ( 4.2).cylib\BLE_v3_66\Library\gccCyBLEStack_BLE_SOC_PERIPHERAL.a(CyBleControllerIP_Interface.o)
                0x00003b24                CyBle_SetTxPowerLevel

i.ll_check_and_mark_packet_ready_for_transmission
                0x00003bac       0x44
 i.ll_check_and_mark_packet_ready_for_transmission
                0x00003bac       0x44 ..\..\..\..\PSoC Creator\4.2\Downloads ( 4.2).cylib\BLE_v3_66\Library\gccCyBLEStack_BLE_SOC_PERIPHERAL.a(ll.o)
                0x00003bac                ll_check_and_mark_packet_ready_for_transmission

i.ll_cleanup_pending_data_pdu
                0x00003bf0       0x44
 i.ll_cleanup_pending_data_pdu
                0x00003bf0       0x44 ..\..\..\..\PSoC Creator\4.2\Downloads ( 4.2).cylib\BLE_v3_66\Library\gccCyBLEStack_BLE_SOC_PERIPHERAL.a(ll.o)
                0x00003bf0                ll_cleanup_pending_data_pdu

i.ll_exit_low_power_mode
                0x00003c34       0x84
 i.ll_exit_low_power_mode
                0x00003c34       0x84 ..\..\..\..\PSoC Creator\4.2\Downloads ( 4.2).cylib\BLE_v3_66\Library\gccCyBLEStack_BLE_SOC_PERIPHERAL.a(ll.o)
                0x00003c34                ll_exit_low_power_mode

i.ll_get_ack_status
                0x00003cb8       0x44
 i.ll_get_ack_status
                0x00003cb8       0x44 ..\..\..\..\PSoC Creator\4.2\Downloads ( 4.2).cylib\BLE_v3_66\Library\gccCyBLEStack_BLE_SOC_PERIPHERAL.a(ll.o)
                0x00003cb8                ll_get_ack_status

i.ll_get_adv_ch_tx_power
                0x00003cfc       0x20
 i.ll_get_adv_ch_tx_power
                0x00003cfc       0x20 ..\..\..\..\PSoC Creator\4.2\Downloads ( 4.2).cylib\BLE_v3_66\Library\gccCyBLEStack_BLE_SOC_PERIPHERAL.a(ll.o)
                0x00003cfc                ll_get_adv_ch_tx_power

i.ll_get_data_channel_map
                0x00003d1c       0x28
 i.ll_get_data_channel_map
                0x00003d1c       0x28 ..\..\..\..\PSoC Creator\4.2\Downloads ( 4.2).cylib\BLE_v3_66\Library\gccCyBLEStack_BLE_SOC_PERIPHERAL.a(ll.o)
                0x00003d1c                ll_get_data_channel_map

i.ll_get_max_white_list_size
                0x00003d44        0xc
 i.ll_get_max_white_list_size
                0x00003d44        0xc ..\..\..\..\PSoC Creator\4.2\Downloads ( 4.2).cylib\BLE_v3_66\Library\gccCyBLEStack_BLE_SOC_PERIPHERAL.a(ll.o)
                0x00003d44                ll_get_max_white_list_size

i.ll_get_my_role
                0x00003d50        0xc
 i.ll_get_my_role
                0x00003d50        0xc ..\..\..\..\PSoC Creator\4.2\Downloads ( 4.2).cylib\BLE_v3_66\Library\gccCyBLEStack_BLE_SOC_PERIPHERAL.a(ll.o)
                0x00003d50                ll_get_my_role

i.ll_get_next_available_fifo_for_data_pdu
                0x00003d5c        0x8
 i.ll_get_next_available_fifo_for_data_pdu
                0x00003d5c        0x8 ..\..\..\..\PSoC Creator\4.2\Downloads ( 4.2).cylib\BLE_v3_66\Library\gccCyBLEStack_BLE_SOC_PERIPHERAL.a(ll.o)
                0x00003d5c                ll_get_next_available_fifo_for_data_pdu

i.ll_get_next_available_fifo_for_ll_pdu
                0x00003d64       0x2c
 i.ll_get_next_available_fifo_for_ll_pdu
                0x00003d64       0x2c ..\..\..\..\PSoC Creator\4.2\Downloads ( 4.2).cylib\BLE_v3_66\Library\gccCyBLEStack_BLE_SOC_PERIPHERAL.a(ll.o)
                0x00003d64                ll_get_next_available_fifo_for_ll_pdu

i.ll_get_rssi_value
                0x00003d90       0x26
 i.ll_get_rssi_value
                0x00003d90       0x26 ..\..\..\..\PSoC Creator\4.2\Downloads ( 4.2).cylib\BLE_v3_66\Library\gccCyBLEStack_BLE_SOC_PERIPHERAL.a(ll.o)
                0x00003d90                ll_get_rssi_value

i.ll_get_transmit_power_level
                0x00003db8       0x2c
 i.ll_get_transmit_power_level
                0x00003db8       0x2c ..\..\..\..\PSoC Creator\4.2\Downloads ( 4.2).cylib\BLE_v3_66\Library\gccCyBLEStack_BLE_SOC_PERIPHERAL.a(ll.o)
                0x00003db8                ll_get_transmit_power_level

i.ll_handle_ack_received
                0x00003de4       0x74
 i.ll_handle_ack_received
                0x00003de4       0x74 ..\..\..\..\PSoC Creator\4.2\Downloads ( 4.2).cylib\BLE_v3_66\Library\gccCyBLEStack_BLE_SOC_PERIPHERAL.a(ll.o)
                0x00003de4                ll_handle_ack_received

i.ll_handle_add_device_in_whitelist
                0x00003e58       0x50
 i.ll_handle_add_device_in_whitelist
                0x00003e58       0x50 ..\..\..\..\PSoC Creator\4.2\Downloads ( 4.2).cylib\BLE_v3_66\Library\gccCyBLEStack_BLE_SOC_PERIPHERAL.a(ll.o)
                0x00003e58                ll_handle_add_device_in_whitelist

i.ll_handle_clear_whitelist
                0x00003ea8       0x24
 i.ll_handle_clear_whitelist
                0x00003ea8       0x24 ..\..\..\..\PSoC Creator\4.2\Downloads ( 4.2).cylib\BLE_v3_66\Library\gccCyBLEStack_BLE_SOC_PERIPHERAL.a(ll.o)
                0x00003ea8                ll_handle_clear_whitelist

i.ll_handle_encrypt_host_data
                0x00003ecc       0x36
 i.ll_handle_encrypt_host_data
                0x00003ecc       0x36 ..\..\..\..\PSoC Creator\4.2\Downloads ( 4.2).cylib\BLE_v3_66\Library\gccCyBLEStack_BLE_SOC_PERIPHERAL.a(ll.o)
                0x00003ecc                ll_handle_encrypt_host_data

i.ll_handle_host_data_packet
                0x00003f04       0x68
 i.ll_handle_host_data_packet
                0x00003f04       0x68 ..\..\..\..\PSoC Creator\4.2\Downloads ( 4.2).cylib\BLE_v3_66\Library\gccCyBLEStack_BLE_SOC_PERIPHERAL.a(ll.o)
                0x00003f04                ll_handle_host_data_packet

i.ll_handle_read_host_channel_map
                0x00003f6c        0x4
 i.ll_handle_read_host_channel_map
                0x00003f6c        0x4 ..\..\..\..\PSoC Creator\4.2\Downloads ( 4.2).cylib\BLE_v3_66\Library\gccCyBLEStack_BLE_SOC_PERIPHERAL.a(ll.o)
                0x00003f6c                ll_handle_read_host_channel_map

i.ll_handle_remove_device_in_whitelist
                0x00003f70       0x38
 i.ll_handle_remove_device_in_whitelist
                0x00003f70       0x38 ..\..\..\..\PSoC Creator\4.2\Downloads ( 4.2).cylib\BLE_v3_66\Library\gccCyBLEStack_BLE_SOC_PERIPHERAL.a(ll.o)
                0x00003f70                ll_handle_remove_device_in_whitelist

i.ll_handle_reset
                0x00003fa8        0xe
 i.ll_handle_reset
                0x00003fa8        0xe ..\..\..\..\PSoC Creator\4.2\Downloads ( 4.2).cylib\BLE_v3_66\Library\gccCyBLEStack_BLE_SOC_PERIPHERAL.a(ll.o)
                0x00003fa8                ll_handle_reset

i.ll_handle_set_random_address
                0x00003fb6       0x36
 i.ll_handle_set_random_address
                0x00003fb6       0x36 ..\..\..\..\PSoC Creator\4.2\Downloads ( 4.2).cylib\BLE_v3_66\Library\gccCyBLEStack_BLE_SOC_PERIPHERAL.a(ll.o)
                0x00003fb6                ll_handle_set_random_address

i.ll_init       0x00003fec       0x20
 i.ll_init      0x00003fec       0x20 ..\..\..\..\PSoC Creator\4.2\Downloads ( 4.2).cylib\BLE_v3_66\Library\gccCyBLEStack_BLE_SOC_PERIPHERAL.a(ll.o)
                0x00003fec                ll_init

i.ll_initialize_device_attributes
                0x0000400c       0xc0
 i.ll_initialize_device_attributes
                0x0000400c       0xc0 ..\..\..\..\PSoC Creator\4.2\Downloads ( 4.2).cylib\BLE_v3_66\Library\gccCyBLEStack_BLE_SOC_PERIPHERAL.a(ll.o)
                0x0000400c                ll_initialize_device_attributes

i.ll_is_pkt_pending
                0x000040cc       0x2a
 i.ll_is_pkt_pending
                0x000040cc       0x2a ..\..\..\..\PSoC Creator\4.2\Downloads ( 4.2).cylib\BLE_v3_66\Library\gccCyBLEStack_BLE_SOC_PERIPHERAL.a(ll.o)
                0x000040cc                ll_is_pkt_pending

i.ll_is_sent_pkt_pending
                0x000040f6       0x1a
 i.ll_is_sent_pkt_pending
                0x000040f6       0x1a ..\..\..\..\PSoC Creator\4.2\Downloads ( 4.2).cylib\BLE_v3_66\Library\gccCyBLEStack_BLE_SOC_PERIPHERAL.a(ll.o)
                0x000040f6                ll_is_sent_pkt_pending

i.ll_isr_exit_low_power_mode
                0x00004110       0x16
 i.ll_isr_exit_low_power_mode
                0x00004110       0x16 ..\..\..\..\PSoC Creator\4.2\Downloads ( 4.2).cylib\BLE_v3_66\Library\gccCyBLEStack_BLE_SOC_PERIPHERAL.a(ll.o)
                0x00004110                ll_isr_exit_low_power_mode

i.ll_load_host_data_packet
                0x00004126       0x3c
 i.ll_load_host_data_packet
                0x00004126       0x3c ..\..\..\..\PSoC Creator\4.2\Downloads ( 4.2).cylib\BLE_v3_66\Library\gccCyBLEStack_BLE_SOC_PERIPHERAL.a(ll.o)
                0x00004126                ll_load_host_data_packet

i.ll_load_packet_to_fifo
                0x00004164       0xc0
 i.ll_load_packet_to_fifo
                0x00004164       0xc0 ..\..\..\..\PSoC Creator\4.2\Downloads ( 4.2).cylib\BLE_v3_66\Library\gccCyBLEStack_BLE_SOC_PERIPHERAL.a(ll.o)
                0x00004164                ll_load_packet_to_fifo

i.ll_process_acks
                0x00004224       0x60
 i.ll_process_acks
                0x00004224       0x60 ..\..\..\..\PSoC Creator\4.2\Downloads ( 4.2).cylib\BLE_v3_66\Library\gccCyBLEStack_BLE_SOC_PERIPHERAL.a(ll.o)
                0x00004224                ll_process_acks

i.ll_reset      0x00004284       0x14
 i.ll_reset     0x00004284       0x14 ..\..\..\..\PSoC Creator\4.2\Downloads ( 4.2).cylib\BLE_v3_66\Library\gccCyBLEStack_BLE_SOC_PERIPHERAL.a(ll.o)
                0x00004284                ll_reset

i.ll_update_active_features
                0x00004298       0x58
 i.ll_update_active_features
                0x00004298       0x58 ..\..\..\..\PSoC Creator\4.2\Downloads ( 4.2).cylib\BLE_v3_66\Library\gccCyBLEStack_BLE_SOC_PERIPHERAL.a(ll.o)
                0x00004298                ll_update_active_features

i.ll_update_device_fsm
                0x000042f0        0x8
 i.ll_update_device_fsm
                0x000042f0        0x8 ..\..\..\..\PSoC Creator\4.2\Downloads ( 4.2).cylib\BLE_v3_66\Library\gccCyBLEStack_BLE_SOC_PERIPHERAL.a(ll.o)
                0x000042f0                ll_update_device_fsm

i.ll_validate_add_device_to_whitelist_params
                0x000042f8       0x14
 i.ll_validate_add_device_to_whitelist_params
                0x000042f8       0x14 ..\..\..\..\PSoC Creator\4.2\Downloads ( 4.2).cylib\BLE_v3_66\Library\gccCyBLEStack_BLE_SOC_PERIPHERAL.a(ll.o)
                0x000042f8                ll_validate_add_device_to_whitelist_params

i.ll_validate_bd_addr
                0x0000430c       0x1a
 i.ll_validate_bd_addr
                0x0000430c       0x1a ..\..\..\..\PSoC Creator\4.2\Downloads ( 4.2).cylib\BLE_v3_66\Library\gccCyBLEStack_BLE_SOC_PERIPHERAL.a(ll.o)
                0x0000430c                ll_validate_bd_addr

i.ll_validate_host_data_param_and_state
                0x00004328       0x7c
 i.ll_validate_host_data_param_and_state
                0x00004328       0x7c ..\..\..\..\PSoC Creator\4.2\Downloads ( 4.2).cylib\BLE_v3_66\Library\gccCyBLEStack_BLE_SOC_PERIPHERAL.a(ll.o)

i.ll_wait_to_exit_dsm
                0x000043a4       0x2c
 i.ll_wait_to_exit_dsm
                0x000043a4       0x2c ..\..\..\..\PSoC Creator\4.2\Downloads ( 4.2).cylib\BLE_v3_66\Library\gccCyBLEStack_BLE_SOC_PERIPHERAL.a(ll.o)

i.pf_le_start_timer
                0x000043d0       0x16
 i.pf_le_start_timer
                0x000043d0       0x16 ..\..\..\..\PSoC Creator\4.2\Downloads ( 4.2).cylib\BLE_v3_66\Library\gccCyBLEStack_BLE_SOC_PERIPHERAL.a(ll.o)
                0x000043d0                pf_le_start_timer

i.pf_le_stop_timer
                0x000043e6       0x12
 i.pf_le_stop_timer
                0x000043e6       0x12 ..\..\..\..\PSoC Creator\4.2\Downloads ( 4.2).cylib\BLE_v3_66\Library\gccCyBLEStack_BLE_SOC_PERIPHERAL.a(ll.o)
                0x000043e6                pf_le_stop_timer

i.CyBleControllerIP_TuneAdvEventInterPktSlots
                0x000043f8       0x3c
 i.CyBleControllerIP_TuneAdvEventInterPktSlots
                0x000043f8       0x3c ..\..\..\..\PSoC Creator\4.2\Downloads ( 4.2).cylib\BLE_v3_66\Library\gccCyBLEStack_BLE_SOC_PERIPHERAL.a(ll_advertiser.o)
                0x000043f8                CyBleControllerIP_TuneAdvEventInterPktSlots

i.ll_adv_is_configured_connection_adv
                0x00004434       0x1e
 i.ll_adv_is_configured_connection_adv
                0x00004434       0x1e ..\..\..\..\PSoC Creator\4.2\Downloads ( 4.2).cylib\BLE_v3_66\Library\gccCyBLEStack_BLE_SOC_PERIPHERAL.a(ll_advertiser.o)
                0x00004434                ll_adv_is_configured_connection_adv

i.ll_check_random_address_in_use_by_advertiser
                0x00004452       0x10
 i.ll_check_random_address_in_use_by_advertiser
                0x00004452       0x10 ..\..\..\..\PSoC Creator\4.2\Downloads ( 4.2).cylib\BLE_v3_66\Library\gccCyBLEStack_BLE_SOC_PERIPHERAL.a(ll_advertiser.o)
                0x00004452                ll_check_random_address_in_use_by_advertiser

i.ll_check_whitelist_in_use_by_advertiser
                0x00004462       0x10
 i.ll_check_whitelist_in_use_by_advertiser
                0x00004462       0x10 ..\..\..\..\PSoC Creator\4.2\Downloads ( 4.2).cylib\BLE_v3_66\Library\gccCyBLEStack_BLE_SOC_PERIPHERAL.a(ll_advertiser.o)
                0x00004462                ll_check_whitelist_in_use_by_advertiser

i.ll_get_adv_data
                0x00004474        0xc
 i.ll_get_adv_data
                0x00004474        0xc ..\..\..\..\PSoC Creator\4.2\Downloads ( 4.2).cylib\BLE_v3_66\Library\gccCyBLEStack_BLE_SOC_PERIPHERAL.a(ll_advertiser.o)
                0x00004474                ll_get_adv_data

i.ll_get_adv_status
                0x00004480        0xc
 i.ll_get_adv_status
                0x00004480        0xc ..\..\..\..\PSoC Creator\4.2\Downloads ( 4.2).cylib\BLE_v3_66\Library\gccCyBLEStack_BLE_SOC_PERIPHERAL.a(ll_advertiser.o)
                0x00004480                ll_get_adv_status

i.ll_get_adv_type
                0x0000448c       0x18
 i.ll_get_adv_type
                0x0000448c       0x18 ..\..\..\..\PSoC Creator\4.2\Downloads ( 4.2).cylib\BLE_v3_66\Library\gccCyBLEStack_BLE_SOC_PERIPHERAL.a(ll_advertiser.o)
                0x0000448c                ll_get_adv_type

i.ll_get_scan_rsp_data
                0x000044a4        0xc
 i.ll_get_scan_rsp_data
                0x000044a4        0xc ..\..\..\..\PSoC Creator\4.2\Downloads ( 4.2).cylib\BLE_v3_66\Library\gccCyBLEStack_BLE_SOC_PERIPHERAL.a(ll_advertiser.o)
                0x000044a4                ll_get_scan_rsp_data

i.ll_handle_adv_intr
                0x000044b0       0x70
 i.ll_handle_adv_intr
                0x000044b0       0x70 ..\..\..\..\PSoC Creator\4.2\Downloads ( 4.2).cylib\BLE_v3_66\Library\gccCyBLEStack_BLE_SOC_PERIPHERAL.a(ll_advertiser.o)
                0x000044b0                ll_handle_adv_intr

i.ll_handle_set_adv_data
                0x00004520       0x38
 i.ll_handle_set_adv_data
                0x00004520       0x38 ..\..\..\..\PSoC Creator\4.2\Downloads ( 4.2).cylib\BLE_v3_66\Library\gccCyBLEStack_BLE_SOC_PERIPHERAL.a(ll_advertiser.o)
                0x00004520                ll_handle_set_adv_data

i.ll_handle_set_adv_parameters
                0x00004558       0xa4
 i.ll_handle_set_adv_parameters
                0x00004558       0xa4 ..\..\..\..\PSoC Creator\4.2\Downloads ( 4.2).cylib\BLE_v3_66\Library\gccCyBLEStack_BLE_SOC_PERIPHERAL.a(ll_advertiser.o)
                0x00004558                ll_handle_set_adv_parameters

i.ll_handle_set_advertise_enable
                0x000045fc       0x6a
 i.ll_handle_set_advertise_enable
                0x000045fc       0x6a ..\..\..\..\PSoC Creator\4.2\Downloads ( 4.2).cylib\BLE_v3_66\Library\gccCyBLEStack_BLE_SOC_PERIPHERAL.a(ll_advertiser.o)
                0x000045fc                ll_handle_set_advertise_enable

i.ll_handle_set_scan_resp_data
                0x00004668       0x38
 i.ll_handle_set_scan_resp_data
                0x00004668       0x38 ..\..\..\..\PSoC Creator\4.2\Downloads ( 4.2).cylib\BLE_v3_66\Library\gccCyBLEStack_BLE_SOC_PERIPHERAL.a(ll_advertiser.o)
                0x00004668                ll_handle_set_scan_resp_data

i.ll_init_advertiser
                0x000046a0       0x70
 i.ll_init_advertiser
                0x000046a0       0x70 ..\..\..\..\PSoC Creator\4.2\Downloads ( 4.2).cylib\BLE_v3_66\Library\gccCyBLEStack_BLE_SOC_PERIPHERAL.a(ll_advertiser.o)
                0x000046a0                ll_init_advertiser

i.ll_update_adv_data
                0x00004710       0x44
 i.ll_update_adv_data
                0x00004710       0x44 ..\..\..\..\PSoC Creator\4.2\Downloads ( 4.2).cylib\BLE_v3_66\Library\gccCyBLEStack_BLE_SOC_PERIPHERAL.a(ll_advertiser.o)
                0x00004710                ll_update_adv_data

i.ll_update_scan_rsp_data
                0x00004754       0x44
 i.ll_update_scan_rsp_data
                0x00004754       0x44 ..\..\..\..\PSoC Creator\4.2\Downloads ( 4.2).cylib\BLE_v3_66\Library\gccCyBLEStack_BLE_SOC_PERIPHERAL.a(ll_advertiser.o)
                0x00004754                ll_update_scan_rsp_data

i.is_le_connection_handle
                0x00004798       0x28
 i.is_le_connection_handle
                0x00004798       0x28 ..\..\..\..\PSoC Creator\4.2\Downloads ( 4.2).cylib\BLE_v3_66\Library\gccCyBLEStack_BLE_SOC_PERIPHERAL.a(ll_connection.o)
                0x00004798                is_le_connection_handle

i.le_assign_connection_handle
                0x000047c0       0x28
 i.le_assign_connection_handle
                0x000047c0       0x28 ..\..\..\..\PSoC Creator\4.2\Downloads ( 4.2).cylib\BLE_v3_66\Library\gccCyBLEStack_BLE_SOC_PERIPHERAL.a(ll_connection.o)
                0x000047c0                le_assign_connection_handle

i.le_get_connection_index
                0x000047e8        0x6
 i.le_get_connection_index
                0x000047e8        0x6 ..\..\..\..\PSoC Creator\4.2\Downloads ( 4.2).cylib\BLE_v3_66\Library\gccCyBLEStack_BLE_SOC_PERIPHERAL.a(ll_connection.o)
                0x000047e8                le_get_connection_index

i.ll_allocate_connection
                0x000047f0       0x44
 i.ll_allocate_connection
                0x000047f0       0x44 ..\..\..\..\PSoC Creator\4.2\Downloads ( 4.2).cylib\BLE_v3_66\Library\gccCyBLEStack_BLE_SOC_PERIPHERAL.a(ll_connection.o)
                0x000047f0                ll_allocate_connection

i.ll_calculate_and_program_def_win_widen_drift
                0x00004834       0x14
 i.ll_calculate_and_program_def_win_widen_drift
                0x00004834       0x14 ..\..\..\..\PSoC Creator\4.2\Downloads ( 4.2).cylib\BLE_v3_66\Library\gccCyBLEStack_BLE_SOC_PERIPHERAL.a(ll_connection.o)
                0x00004834                ll_calculate_and_program_def_win_widen_drift

i.ll_calculate_drift
                0x00004848       0x2c
 i.ll_calculate_drift
                0x00004848       0x2c ..\..\..\..\PSoC Creator\4.2\Downloads ( 4.2).cylib\BLE_v3_66\Library\gccCyBLEStack_BLE_SOC_PERIPHERAL.a(ll_connection.o)
                0x00004848                ll_calculate_drift

i.ll_check_and_decrypt_ll_pdu
                0x00004874       0x70
 i.ll_check_and_decrypt_ll_pdu
                0x00004874       0x70 ..\..\..\..\PSoC Creator\4.2\Downloads ( 4.2).cylib\BLE_v3_66\Library\gccCyBLEStack_BLE_SOC_PERIPHERAL.a(ll_connection.o)
                0x00004874                ll_check_and_decrypt_ll_pdu

i.ll_check_and_decrypt_packet
                0x000048e4       0x6a
 i.ll_check_and_decrypt_packet
                0x000048e4       0x6a ..\..\..\..\PSoC Creator\4.2\Downloads ( 4.2).cylib\BLE_v3_66\Library\gccCyBLEStack_BLE_SOC_PERIPHERAL.a(ll_connection.o)
                0x000048e4                ll_check_and_decrypt_packet

i.ll_check_and_encrypt_ll_pdu
                0x0000494e       0x7c
 i.ll_check_and_encrypt_ll_pdu
                0x0000494e       0x7c ..\..\..\..\PSoC Creator\4.2\Downloads ( 4.2).cylib\BLE_v3_66\Library\gccCyBLEStack_BLE_SOC_PERIPHERAL.a(ll_connection.o)
                0x0000494e                ll_check_and_encrypt_ll_pdu

i.ll_check_and_encrypt_packet
                0x000049ca       0x82
 i.ll_check_and_encrypt_packet
                0x000049ca       0x82 ..\..\..\..\PSoC Creator\4.2\Downloads ( 4.2).cylib\BLE_v3_66\Library\gccCyBLEStack_BLE_SOC_PERIPHERAL.a(ll_connection.o)
                0x000049ca                ll_check_and_encrypt_packet

i.ll_check_for_allowing_incoming_connection_update
                0x00004a4c       0x88
 i.ll_check_for_allowing_incoming_connection_update
                0x00004a4c       0x88 ..\..\..\..\PSoC Creator\4.2\Downloads ( 4.2).cylib\BLE_v3_66\Library\gccCyBLEStack_BLE_SOC_PERIPHERAL.a(ll_connection.o)
                0x00004a4c                ll_check_for_allowing_incoming_connection_update

i.ll_check_if_pdu_is_loaded_to_hardware
                0x00004ad4       0x1c
 i.ll_check_if_pdu_is_loaded_to_hardware
                0x00004ad4       0x1c ..\..\..\..\PSoC Creator\4.2\Downloads ( 4.2).cylib\BLE_v3_66\Library\gccCyBLEStack_BLE_SOC_PERIPHERAL.a(ll_connection.o)
                0x00004ad4                ll_check_if_pdu_is_loaded_to_hardware

i.ll_check_random_address_in_use_by_initiator
                0x00004af0       0x30
 i.ll_check_random_address_in_use_by_initiator
                0x00004af0       0x30 ..\..\..\..\PSoC Creator\4.2\Downloads ( 4.2).cylib\BLE_v3_66\Library\gccCyBLEStack_BLE_SOC_PERIPHERAL.a(ll_connection.o)
                0x00004af0                ll_check_random_address_in_use_by_initiator

i.ll_check_white_list_in_use_by_initiator
                0x00004b20       0x30
 i.ll_check_white_list_in_use_by_initiator
                0x00004b20       0x30 ..\..\..\..\PSoC Creator\4.2\Downloads ( 4.2).cylib\BLE_v3_66\Library\gccCyBLEStack_BLE_SOC_PERIPHERAL.a(ll_connection.o)
                0x00004b20                ll_check_white_list_in_use_by_initiator

i.ll_conn_free_enc_txn_buffer
                0x00004b50       0x16
 i.ll_conn_free_enc_txn_buffer
                0x00004b50       0x16 ..\..\..\..\PSoC Creator\4.2\Downloads ( 4.2).cylib\BLE_v3_66\Library\gccCyBLEStack_BLE_SOC_PERIPHERAL.a(ll_connection.o)
                0x00004b50                ll_conn_free_enc_txn_buffer

i.ll_conn_fsm_update_channel_state
                0x00004b66        0x6
 i.ll_conn_fsm_update_channel_state
                0x00004b66        0x6 ..\..\..\..\PSoC Creator\4.2\Downloads ( 4.2).cylib\BLE_v3_66\Library\gccCyBLEStack_BLE_SOC_PERIPHERAL.a(ll_connection.o)
                0x00004b66                ll_conn_fsm_update_channel_state

i.ll_conn_fsm_update_conn_update_state
                0x00004b6c        0x6
 i.ll_conn_fsm_update_conn_update_state
                0x00004b6c        0x6 ..\..\..\..\PSoC Creator\4.2\Downloads ( 4.2).cylib\BLE_v3_66\Library\gccCyBLEStack_BLE_SOC_PERIPHERAL.a(ll_connection.o)
                0x00004b6c                ll_conn_fsm_update_conn_update_state

i.ll_conn_fsm_update_enc_state
                0x00004b72        0x6
 i.ll_conn_fsm_update_enc_state
                0x00004b72        0x6 ..\..\..\..\PSoC Creator\4.2\Downloads ( 4.2).cylib\BLE_v3_66\Library\gccCyBLEStack_BLE_SOC_PERIPHERAL.a(ll_connection.o)
                0x00004b72                ll_conn_fsm_update_enc_state

i.ll_conn_fsm_update_state
                0x00004b78        0x4
 i.ll_conn_fsm_update_state